[run.sh] Running benchmark longchain with request x, thread 1, conn 1, duration 60
[run.sh] Deleting all services
service "service0" deleted
deployment.apps "service0" deleted
service "service1" deleted
deployment.apps "service1" deleted
service "service2" deleted
deployment.apps "service2" deleted
service "service3" deleted
deployment.apps "service3" deleted
service "service4" deleted
deployment.apps "service4" deleted
service "service5" deleted
deployment.apps "service5" deleted
service "service6" deleted
deployment.apps "service6" deleted
service "service7" deleted
deployment.apps "service7" deleted
service "service8" deleted
deployment.apps "service8" deleted
deployment.apps "ubuntu-client" deleted
[run.sh] Waiting for all pods to be deleted
[run.sh] Deploying all services
service/service0 created
deployment.apps/service0 created
service/service1 created
deployment.apps/service1 created
service/service2 created
deployment.apps/service2 created
service/service3 created
deployment.apps/service3 created
service/service4 created
deployment.apps/service4 created
service/service5 created
deployment.apps/service5 created
service/service6 created
deployment.apps/service6 created
service/service7 created
deployment.apps/service7 created
service/service8 created
deployment.apps/service8 created
[run.sh] Client pod not found, deploying client
deployment.apps/ubuntu-client created
[run.sh] Waiting for all pods to be running
[run.sh] All pods are running
[run.sh] Starting the rust proxy first for longchain
[run.sh] Running warmup test
[run.sh] /wrk/wrk -t1 -c1 -d3s -L http://service0:80/

[run.sh] Speed is , duration is 
[run.sh] Fix the request number.
[run.sh] Running the actual test
[run.sh] /wrk/wrk --timeout 20s -t1 -c1 -d20s -L http://service6:80/home
Running 20s test @ http://service6:80/home
  1 threads and 1 connections
  Thread Stats   Avg      Stdev     Max   +/- Stdev
    Latency    26.11ms   11.97ms  95.09ms   70.15%
    Req/Sec    38.95     13.54    90.00     79.50%
  Latency Distribution
     50%   24.85ms
     75%   31.94ms
     90%   38.96ms
     99%   69.40ms
  779 requests in 20.01s, 104.22KB read
Requests/sec:     38.93
Transfer/sec:      5.21KB
[run.sh] Checking the resource usage
NAME                             CPU(cores)   MEMORY(bytes)   
service0-6f844b8f87-v9wh5        0m           2Mi             
service1-6f464ff74d-vh6t7        0m           2Mi             
service2-798799599f-8kktt        0m           2Mi             
service3-8445c65f66-5rd87        0m           2Mi             
service4-6bf5b7b796-jchbf        0m           2Mi             
service5-77965d4cd7-d5kpd        0m           2Mi             
service6-585878d545-rvnpf        0m           2Mi             
service7-c9c44b894-p56rm         0m           2Mi             
ubuntu-client-76886f6bbd-hvfp9   2m           0Mi             
[run.sh] Test finished with status 0
