[run.sh] Running benchmark longchain with request x, thread 1, conn 1, duration 60
[run.sh] Deleting all services
service "service0" deleted
deployment.apps "service0" deleted
service "service1" deleted
deployment.apps "service1" deleted
service "service2" deleted
deployment.apps "service2" deleted
service "service3" deleted
deployment.apps "service3" deleted
service "service4" deleted
deployment.apps "service4" deleted
service "service5" deleted
deployment.apps "service5" deleted
service "service6" deleted
deployment.apps "service6" deleted
service "service7" deleted
deployment.apps "service7" deleted
service "service8" deleted
deployment.apps "service8" deleted
deployment.apps "ubuntu-client" deleted
[run.sh] Waiting for all pods to be deleted
[run.sh] Deploying all services
service/service0 created
deployment.apps/service0 created
service/service1 created
deployment.apps/service1 created
service/service2 created
deployment.apps/service2 created
service/service3 created
deployment.apps/service3 created
service/service4 created
deployment.apps/service4 created
service/service5 created
deployment.apps/service5 created
service/service6 created
deployment.apps/service6 created
service/service7 created
deployment.apps/service7 created
service/service8 created
deployment.apps/service8 created
[run.sh] Client pod not found, deploying client
deployment.apps/ubuntu-client created
[run.sh] Waiting for all pods to be running
[run.sh] All pods are running
[run.sh] Starting the rust proxy first for longchain
[run.sh] Running warmup test
[run.sh] /wrk/wrk -t1 -c1 -d3s -L http://service0:80/

[run.sh] Speed is , duration is 
[run.sh] Fix the request number.
[run.sh] Running the actual test
[run.sh] /wrk/wrk --timeout 20s -t1 -c1 -d20s -L http://service6:80/home
Running 20s test @ http://service6:80/home
  1 threads and 1 connections
  Thread Stats   Avg      Stdev     Max   +/- Stdev
    Latency    30.77ms   21.60ms 185.32ms   94.37%
    Req/Sec    35.72     11.03    70.00     68.04%
  Latency Distribution
     50%   25.84ms
     75%   37.29ms
     90%   43.44ms
     99%  156.49ms
  700 requests in 20.01s, 93.65KB read
Requests/sec:     34.98
Transfer/sec:      4.68KB
[run.sh] Checking the resource usage
NAME                        CPU(cores)   MEMORY(bytes)   
service1-6f464ff74d-jt8pn   0m           2Mi             
service6-585878d545-wmhvc   0m           2Mi             
service8-dc6d9b4b7-k8g52    0m           2Mi             
[run.sh] Test finished with status 0
