[config.py] Random numbers for execution time: [328.9465052257479, 499.38047625351794, 540.8366431644105, 628.9070707676815, 933.235357351573]
[config.py] Is bottleneck: True
benchmark                        : synthetic
num_threads                      : 8
num_conns                        : 512
target_service                   : service4
request_type                     : dag-cross-grpc-async
repetitions                      : 5
target_num_exp                   : 2
pre_run                          : False
num_req                          : 20000
groundtruths                     : []
slowdowns                        : []
predicteds                       : []
errs                             : []
poker_batch_req                  : 100
client_cpu_quota                 : 2
random_seed                      : 16181
request_ratio                    : {'service0': 1, 'service1': 1, 'service2': 2, 'service3': 1, 'service4': 4}
baseline_service_processing_time : {'service4': 466.62, 'service0': 628.91, 'service1': 540.84, 'service2': 249.69, 'service3': 328.95}
cpu_quota                        : {'service0': 2, 'service1': 2, 'service2': 2, 'service3': 2, 'service4': 2}
target_processing_time_range     : [0, 466.62]
baseline_throughputs             : []
poker_batch                      : 20000000
neighbors                        : {'service0': 'service1:service2:service3:service4', 'service1': 'service0:service4', 'service2': 'service0:service3:service4', 'service3': 'service0:service2', 'service4': 'service0:service1:service2'}
[test.py] Starting experiment...
[test.py] >>>>>>>>>>>>>>>>>>>>>>>>>>>>> Running experiment 0...
[test.py] Actual processing time range: [0, 233]
[test.py] Running baseline experiment
    [exp] Running (pre_run: False) workload synthetic/dag-cross-grpc-async request with the following configuration: {'CLIENT_CPU_QUOTA': '2', 'SLOWPOKE_POKER_BATCH_THRESHOLD': '20000000', 'PROCESSING_TIME_SERVICE4': '0.00046662', 'PROCESSING_TIME_SERVICE0': '0.00062891', 'PROCESSING_TIME_SERVICE1': '0.00054084', 'PROCESSING_TIME_SERVICE2': '0.00024969', 'PROCESSING_TIME_SERVICE3': '0.00032895', 'SLOWPOKE_DELAY_MICROS_SERVICE4': '0.0', 'SLOWPOKE_POKER_BATCH_THRESHOLD_SERVICE4': '100', 'SLOWPOKE_IS_TARGET_SERVICE_SERVICE4': 'true', 'SLOWPOKE_NEIGHBORS_SERVICE4': 'service0:service1:service2', 'SLOWPOKE_DELAY_MICROS_SERVICE0': '0.0', 'SLOWPOKE_POKER_BATCH_THRESHOLD_SERVICE0': '100', 'SLOWPOKE_IS_TARGET_SERVICE_SERVICE0': 'false', 'SLOWPOKE_NEIGHBORS_SERVICE0': 'service1:service2:service3:service4', 'SLOWPOKE_DELAY_MICROS_SERVICE1': '0.0', 'SLOWPOKE_POKER_BATCH_THRESHOLD_SERVICE1': '100', 'SLOWPOKE_IS_TARGET_SERVICE_SERVICE1': 'false', 'SLOWPOKE_NEIGHBORS_SERVICE1': 'service0:service4', 'SLOWPOKE_DELAY_MICROS_SERVICE2': '0.0', 'SLOWPOKE_POKER_BATCH_THRESHOLD_SERVICE2': '100', 'SLOWPOKE_IS_TARGET_SERVICE_SERVICE2': 'false', 'SLOWPOKE_NEIGHBORS_SERVICE2': 'service0:service3:service4', 'SLOWPOKE_DELAY_MICROS_SERVICE3': '0.0', 'SLOWPOKE_POKER_BATCH_THRESHOLD_SERVICE3': '100', 'SLOWPOKE_IS_TARGET_SERVICE_SERVICE3': 'false', 'SLOWPOKE_NEIGHBORS_SERVICE3': 'service0:service2'}
    [exp] Executing cmd `bash run.sh synthetic dag-cross-grpc-async 8 512 20000`:
        [run.sh] Running benchmark synthetic with request dag-cross-grpc-async, thread 8, conn 512, duration 60
        [run.sh] Deleting all services
        [run.sh] Waiting for all pods to be deleted
        [run.sh] Deploying all services
        configmap/config-service0 created
        deployment.apps/service0 created
        service/service0 created
        configmap/config-service1 created
        deployment.apps/service1 created
        service/service1 created
        configmap/config-service2 created
        deployment.apps/service2 created
        service/service2 created
        configmap/config-service3 created
        deployment.apps/service3 created
        service/service3 created
        configmap/config-service4 created
        deployment.apps/service4 created
        service/service4 created
        [run.sh] Client pod not found, deploying client
        deployment.apps/ubuntu-client created
        [run.sh] Waiting for all pods to be running
        [run.sh] All pods are running
        [run.sh] Checking heartbeat for all services
        [run.sh] Running warmup test
        [run.sh] /wrk/wrk -t8 -c512 --timeout 3s -d3s -L http://service0:80/endpoint1
        Running 3s test @ http://service0:80/endpoint1
        8 threads and 512 connections
        Thread Stats   Avg      Stdev     Max   +/- Stdev
        Latency   643.48ms  335.25ms   1.59s    63.44%
        Req/Sec   106.46    102.01   424.00     80.00%
        Latency Distribution
        50%  579.21ms
        75%  857.80ms
        90%    1.13s
        99%    1.51s
        2232 requests in 3.02s, 346.57KB read
        Requests/sec:    739.97
        Transfer/sec:    114.90KB
        [run.sh] Speed is 739.97, duration is 40
        [run.sh] Fix the request number.
        [run.sh] Running the actual test
        [run.sh] /wrk/wrk --timeout 20s -t8 -c512 -d40s -L -s /wrk/fix_req_n.lua http://service0:80/endpoint1
        [run.sh] Checking the resource usage
        NAME                             CPU(cores)   MEMORY(bytes)
        service0-54d4745598-rhs8g        946m         65Mi
        service1-5d7968f8f8-xx2k2        684m         14Mi
        service2-5558877d6d-9l2qp        830m         37Mi
        service3-6bd5d68ffb-xkkgm        537m         23Mi
        service4-594c5994ff-l79dt        1946m        26Mi
        ubuntu-client-76886f6bbd-4tcv9   28m          18Mi
        Running 40s test @ http://service0:80/endpoint1
        8 threads and 512 connections
        Thread Stats   Avg      Stdev     Max   +/- Stdev
        Latency   618.75ms  288.06ms   2.11s    73.16%
        Req/Sec   109.28     78.94   450.00     68.06%
        Latency Distribution
        50%  590.36ms
        75%  759.77ms
        90%  952.32ms
        99%    1.56s
        20000 requests in 40.00s, 3.03MB read
        Requests/sec:    500.00
        Transfer/sec:     77.64KB
        ------------------------------
        stop time: 23.988495
        stop time: 24.338957
        stop time: 24.537090
        stop time: 24.500147
        stop time: 24.638108
        stop time: 24.555185
        stop time: 24.569061
        stop time: 24.546091
        [run.sh] Test finished with status 0
        > STDERR
        > No resources found in default namespace.
    [exp] Times: [23.988495, 24.338957, 24.53709, 24.500147, 24.638108, 24.555185, 24.569061, 24.546091]
    [exp] Throughput: 817.6901791740096
[test.py] Baseline throughput: 817.6901791740096
[test.py] Running 0th optmization experiment
[test.py] Running 0th groundtruth exp
    [exp] Running (pre_run: False) workload synthetic/dag-cross-grpc-async request with the following configuration: {'CLIENT_CPU_QUOTA': '2', 'SLOWPOKE_POKER_BATCH_THRESHOLD': '20000000', 'PROCESSING_TIME_SERVICE4': '0.0', 'PROCESSING_TIME_SERVICE0': '0.00062891', 'PROCESSING_TIME_SERVICE1': '0.00054084', 'PROCESSING_TIME_SERVICE2': '0.00024969', 'PROCESSING_TIME_SERVICE3': '0.00032895', 'SLOWPOKE_DELAY_MICROS_SERVICE4': '0.0', 'SLOWPOKE_POKER_BATCH_THRESHOLD_SERVICE4': '100', 'SLOWPOKE_IS_TARGET_SERVICE_SERVICE4': 'true', 'SLOWPOKE_NEIGHBORS_SERVICE4': 'service0:service1:service2', 'SLOWPOKE_DELAY_MICROS_SERVICE0': '0.0', 'SLOWPOKE_POKER_BATCH_THRESHOLD_SERVICE0': '100', 'SLOWPOKE_IS_TARGET_SERVICE_SERVICE0': 'false', 'SLOWPOKE_NEIGHBORS_SERVICE0': 'service1:service2:service3:service4', 'SLOWPOKE_DELAY_MICROS_SERVICE1': '0.0', 'SLOWPOKE_POKER_BATCH_THRESHOLD_SERVICE1': '100', 'SLOWPOKE_IS_TARGET_SERVICE_SERVICE1': 'false', 'SLOWPOKE_NEIGHBORS_SERVICE1': 'service0:service4', 'SLOWPOKE_DELAY_MICROS_SERVICE2': '0.0', 'SLOWPOKE_POKER_BATCH_THRESHOLD_SERVICE2': '100', 'SLOWPOKE_IS_TARGET_SERVICE_SERVICE2': 'false', 'SLOWPOKE_NEIGHBORS_SERVICE2': 'service0:service3:service4', 'SLOWPOKE_DELAY_MICROS_SERVICE3': '0.0', 'SLOWPOKE_POKER_BATCH_THRESHOLD_SERVICE3': '100', 'SLOWPOKE_IS_TARGET_SERVICE_SERVICE3': 'false', 'SLOWPOKE_NEIGHBORS_SERVICE3': 'service0:service2'}
    [exp] Executing cmd `bash run.sh synthetic dag-cross-grpc-async 8 512 20000`:
        [run.sh] Running benchmark synthetic with request dag-cross-grpc-async, thread 8, conn 512, duration 60
        [run.sh] Deleting all services
        configmap "config-service0" deleted
        deployment.apps "service0" deleted
        service "service0" deleted
        configmap "config-service1" deleted
        deployment.apps "service1" deleted
        service "service1" deleted
        configmap "config-service2" deleted
        deployment.apps "service2" deleted
        service "service2" deleted
        configmap "config-service3" deleted
        deployment.apps "service3" deleted
        service "service3" deleted
        configmap "config-service4" deleted
        deployment.apps "service4" deleted
        service "service4" deleted
        deployment.apps "ubuntu-client" deleted
        [run.sh] Waiting for all pods to be deleted
        [run.sh] Deploying all services
        configmap/config-service0 created
        deployment.apps/service0 created
        service/service0 created
        configmap/config-service1 created
        deployment.apps/service1 created
        service/service1 created
        configmap/config-service2 created
        deployment.apps/service2 created
        service/service2 created
        configmap/config-service3 created
        deployment.apps/service3 created
        service/service3 created
        configmap/config-service4 created
        deployment.apps/service4 created
        service/service4 created
        [run.sh] Client pod not found, deploying client
        deployment.apps/ubuntu-client created
        [run.sh] Waiting for all pods to be running
        [run.sh] All pods are running
        [run.sh] Checking heartbeat for all services
        [run.sh] Running warmup test
        [run.sh] /wrk/wrk -t8 -c512 --timeout 3s -d3s -L http://service0:80/endpoint1
        Running 3s test @ http://service0:80/endpoint1
        8 threads and 512 connections
        Thread Stats   Avg      Stdev     Max   +/- Stdev
        Latency   308.04ms  117.39ms 856.60ms   69.42%
        Req/Sec   214.81     98.52   500.00     62.50%
        Latency Distribution
        50%  295.18ms
        75%  380.71ms
        90%  457.77ms
        99%  649.64ms
        4758 requests in 3.03s, 738.79KB read
        Requests/sec:   1571.54
        Transfer/sec:    244.02KB
        [run.sh] Speed is 1571.54, duration is 19
        [run.sh] Fix the request number.
        [run.sh] Running the actual test
        [run.sh] /wrk/wrk --timeout 20s -t8 -c512 -d19s -L -s /wrk/fix_req_n.lua http://service0:80/endpoint1
        Running 19s test @ http://service0:80/endpoint1
        8 threads and 512 connections
        Thread Stats   Avg      Stdev     Max   +/- Stdev
        Latency   302.94ms  116.32ms 995.06ms   70.67%
        Req/Sec   210.15    119.20   600.00     67.10%
        Latency Distribution
        50%  283.68ms
        75%  366.87ms
        90%  464.71ms
        99%  645.22ms
        20000 requests in 19.00s, 3.03MB read
        Requests/sec:   1052.62
        Transfer/sec:    163.44KB
        ------------------------------
        stop time: 11.832191
        stop time: 11.787044
        stop time: 11.959288
        stop time: 12.029532
        stop time: 12.010357
        stop time: 12.035293
        stop time: 12.024506
        stop time: 12.028564
        [run.sh] Checking the resource usage
        [run.sh] Test finished with status 0
        > STDERR
        > No resources found in default namespace.
        > error: metrics not available yet
    [exp] Times: [11.832191, 11.787044, 11.959288, 12.029532, 12.010357, 12.035293, 12.024506, 12.028564]
    [exp] Throughput: 1671.7729753196677
[test.py] Running 0th slowdown exp
    [exp] Running (pre_run: False) workload synthetic/dag-cross-grpc-async request with the following configuration: {'CLIENT_CPU_QUOTA': '2', 'SLOWPOKE_POKER_BATCH_THRESHOLD': '20000000', 'PROCESSING_TIME_SERVICE4': '0.00046662', 'PROCESSING_TIME_SERVICE0': '0.00062891', 'PROCESSING_TIME_SERVICE1': '0.00054084', 'PROCESSING_TIME_SERVICE2': '0.00024969', 'PROCESSING_TIME_SERVICE3': '0.00032895', 'SLOWPOKE_DELAY_MICROS_SERVICE4': '233.0', 'SLOWPOKE_POKER_BATCH_THRESHOLD_SERVICE4': '100', 'SLOWPOKE_IS_TARGET_SERVICE_SERVICE4': 'true', 'SLOWPOKE_NEIGHBORS_SERVICE4': 'service0:service1:service2', 'SLOWPOKE_DELAY_MICROS_SERVICE0': '933.0', 'SLOWPOKE_POKER_BATCH_THRESHOLD_SERVICE0': '100', 'SLOWPOKE_IS_TARGET_SERVICE_SERVICE0': 'false', 'SLOWPOKE_NEIGHBORS_SERVICE0': 'service1:service2:service3:service4', 'SLOWPOKE_DELAY_MICROS_SERVICE1': '933.0', 'SLOWPOKE_POKER_BATCH_THRESHOLD_SERVICE1': '100', 'SLOWPOKE_IS_TARGET_SERVICE_SERVICE1': 'false', 'SLOWPOKE_NEIGHBORS_SERVICE1': 'service0:service4', 'SLOWPOKE_DELAY_MICROS_SERVICE2': '466.5', 'SLOWPOKE_POKER_BATCH_THRESHOLD_SERVICE2': '100', 'SLOWPOKE_IS_TARGET_SERVICE_SERVICE2': 'false', 'SLOWPOKE_NEIGHBORS_SERVICE2': 'service0:service3:service4', 'SLOWPOKE_DELAY_MICROS_SERVICE3': '933.0', 'SLOWPOKE_POKER_BATCH_THRESHOLD_SERVICE3': '100', 'SLOWPOKE_IS_TARGET_SERVICE_SERVICE3': 'false', 'SLOWPOKE_NEIGHBORS_SERVICE3': 'service0:service2'}
    [exp] Executing cmd `bash run.sh synthetic dag-cross-grpc-async 8 512 20000`:
        [run.sh] Running benchmark synthetic with request dag-cross-grpc-async, thread 8, conn 512, duration 60
        [run.sh] Deleting all services
        configmap "config-service0" deleted
        deployment.apps "service0" deleted
        service "service0" deleted
        configmap "config-service1" deleted
        deployment.apps "service1" deleted
        service "service1" deleted
        configmap "config-service2" deleted
        deployment.apps "service2" deleted
        service "service2" deleted
        configmap "config-service3" deleted
        deployment.apps "service3" deleted
        service "service3" deleted
        configmap "config-service4" deleted
        deployment.apps "service4" deleted
        service "service4" deleted
        deployment.apps "ubuntu-client" deleted
        [run.sh] Waiting for all pods to be deleted
        [run.sh] Deploying all services
        configmap/config-service0 created
        deployment.apps/service0 created
        service/service0 created
        configmap/config-service1 created
        deployment.apps/service1 created
        service/service1 created
        configmap/config-service2 created
        deployment.apps/service2 created
        service/service2 created
        configmap/config-service3 created
        deployment.apps/service3 created
        service/service3 created
        configmap/config-service4 created
        deployment.apps/service4 created
        service/service4 created
        [run.sh] Client pod not found, deploying client
        deployment.apps/ubuntu-client created
        [run.sh] Waiting for all pods to be running
        [run.sh] All pods are running
        [run.sh] Checking heartbeat for all services
        [run.sh] Running warmup test
        [run.sh] /wrk/wrk -t8 -c512 --timeout 3s -d3s -L http://service0:80/endpoint1
        Running 3s test @ http://service0:80/endpoint1
        8 threads and 512 connections
        Thread Stats   Avg      Stdev     Max   +/- Stdev
        Latency   805.22ms  241.44ms   1.63s    69.15%
        Req/Sec    77.46     54.52   300.00     67.74%
        Latency Distribution
        50%  785.74ms
        75%  988.71ms
        90%    1.17s
        99%    1.41s
        1572 requests in 3.03s, 244.09KB read
        Requests/sec:    518.43
        Transfer/sec:     80.50KB
        [run.sh] Speed is 518.43, duration is 57
        [run.sh] Fix the request number.
        [run.sh] Running the actual test
        [run.sh] /wrk/wrk --timeout 20s -t8 -c512 -d57s -L -s /wrk/fix_req_n.lua http://service0:80/endpoint1
        [run.sh] Checking the resource usage
        NAME                             CPU(cores)   MEMORY(bytes)
        service0-5d8cf6d9f5-28zkl        88m          63Mi
        service1-67df9459f5-2bt9s        410m         16Mi
        service2-7db4475b85-mjjb5        66m          20Mi
        service3-868479f64f-2zpzh        54m          15Mi
        service4-7f85fc55bc-vchs6        462m         20Mi
        ubuntu-client-76886f6bbd-dkgr9   21m          15Mi
        Running 1m test @ http://service0:80/endpoint1
        8 threads and 512 connections
        Thread Stats   Avg      Stdev     Max   +/- Stdev
        Latency   776.57ms  243.86ms   2.46s    71.61%
        Req/Sec    91.75     73.42   424.00     76.66%
        Latency Distribution
        50%  744.74ms
        75%  914.97ms
        90%    1.09s
        99%    1.50s
        20000 requests in 0.95m, 3.03MB read
        Requests/sec:    350.88
        Transfer/sec:     54.48KB
        ------------------------------
        stop time: 30.127286
        stop time: 30.130340
        stop time: 30.911996
        stop time: 30.636403
        stop time: 30.896723
        stop time: 31.169377
        stop time: 31.042301
        stop time: 30.627653
        [run.sh] Test finished with status 0
        > STDERR
        > No resources found in default namespace.
    [exp] Times: [30.127286, 30.13034, 30.911996, 30.636403, 30.896723, 31.169377, 31.042301, 30.627653]
    [exp] Throughput: 651.6194725222637
[test.py] Finished running 0th optmization experiment: groundtruth->1671.7729753196677, slowdown->651.6194725222637, predicted->1662.7923777472693, err->-0.5371900195169272
[test.py] Running 1th optmization experiment
[test.py] Running 1th groundtruth exp
    [exp] Running (pre_run: False) workload synthetic/dag-cross-grpc-async request with the following configuration: {'CLIENT_CPU_QUOTA': '2', 'SLOWPOKE_POKER_BATCH_THRESHOLD': '20000000', 'PROCESSING_TIME_SERVICE4': '0.000233', 'PROCESSING_TIME_SERVICE0': '0.00062891', 'PROCESSING_TIME_SERVICE1': '0.00054084', 'PROCESSING_TIME_SERVICE2': '0.00024969', 'PROCESSING_TIME_SERVICE3': '0.00032895', 'SLOWPOKE_DELAY_MICROS_SERVICE4': '0.0', 'SLOWPOKE_POKER_BATCH_THRESHOLD_SERVICE4': '100', 'SLOWPOKE_IS_TARGET_SERVICE_SERVICE4': 'true', 'SLOWPOKE_NEIGHBORS_SERVICE4': 'service0:service1:service2', 'SLOWPOKE_DELAY_MICROS_SERVICE0': '0.0', 'SLOWPOKE_POKER_BATCH_THRESHOLD_SERVICE0': '100', 'SLOWPOKE_IS_TARGET_SERVICE_SERVICE0': 'false', 'SLOWPOKE_NEIGHBORS_SERVICE0': 'service1:service2:service3:service4', 'SLOWPOKE_DELAY_MICROS_SERVICE1': '0.0', 'SLOWPOKE_POKER_BATCH_THRESHOLD_SERVICE1': '100', 'SLOWPOKE_IS_TARGET_SERVICE_SERVICE1': 'false', 'SLOWPOKE_NEIGHBORS_SERVICE1': 'service0:service4', 'SLOWPOKE_DELAY_MICROS_SERVICE2': '0.0', 'SLOWPOKE_POKER_BATCH_THRESHOLD_SERVICE2': '100', 'SLOWPOKE_IS_TARGET_SERVICE_SERVICE2': 'false', 'SLOWPOKE_NEIGHBORS_SERVICE2': 'service0:service3:service4', 'SLOWPOKE_DELAY_MICROS_SERVICE3': '0.0', 'SLOWPOKE_POKER_BATCH_THRESHOLD_SERVICE3': '100', 'SLOWPOKE_IS_TARGET_SERVICE_SERVICE3': 'false', 'SLOWPOKE_NEIGHBORS_SERVICE3': 'service0:service2'}
    [exp] Executing cmd `bash run.sh synthetic dag-cross-grpc-async 8 512 20000`:
        [run.sh] Running benchmark synthetic with request dag-cross-grpc-async, thread 8, conn 512, duration 60
        [run.sh] Deleting all services
        configmap "config-service0" deleted
        deployment.apps "service0" deleted
        service "service0" deleted
        configmap "config-service1" deleted
        deployment.apps "service1" deleted
        service "service1" deleted
        configmap "config-service2" deleted
        deployment.apps "service2" deleted
        service "service2" deleted
        configmap "config-service3" deleted
        deployment.apps "service3" deleted
        service "service3" deleted
        configmap "config-service4" deleted
        deployment.apps "service4" deleted
        service "service4" deleted
        deployment.apps "ubuntu-client" deleted
        [run.sh] Waiting for all pods to be deleted
