[config.py] Random numbers for execution time: [328.9465052257479, 499.38047625351794, 540.8366431644105, 628.9070707676815, 933.235357351573]
[config.py] Is bottleneck: True
benchmark                        : synthetic
num_threads                      : 8
num_conns                        : 512
target_service                   : service4
request_type                     : dag-cross-grpc-async
repetitions                      : 5
target_num_exp                   : 10
pre_run                          : False
num_req                          : 20000
groundtruths                     : []
slowdowns                        : []
predicteds                       : []
errs                             : []
poker_batch_req                  : 100
client_cpu_quota                 : 2
random_seed                      : 16181
request_ratio                    : {'service0': 1, 'service1': 1, 'service2': 2, 'service3': 1, 'service4': 4}
baseline_service_processing_time : {'service4': 466.62, 'service0': 628.91, 'service1': 540.84, 'service2': 249.69, 'service3': 328.95}
cpu_quota                        : {'service0': 2, 'service1': 2, 'service2': 2, 'service3': 2, 'service4': 2}
target_processing_time_range     : [0, 466.62]
baseline_throughputs             : []
poker_batch                      : 20000000
neighbors                        : {'service0': 'service1:service2:service3:service4', 'service1': 'service0:service4', 'service2': 'service0:service3:service4', 'service3': 'service0:service2', 'service4': 'service0:service1:service2'}
[test.py] Starting experiment...
[test.py] >>>>>>>>>>>>>>>>>>>>>>>>>>>>> Running experiment 0...
[test.py] Actual processing time range: [0, 46, 92, 138, 184, 230, 276, 322, 368, 414]
[test.py] Running baseline experiment
    [exp] Running (pre_run: False) workload synthetic/dag-cross-grpc-async request with the following configuration: {'CLIENT_CPU_QUOTA': '2', 'SLOWPOKE_POKER_BATCH_THRESHOLD': '20000000', 'PROCESSING_TIME_SERVICE4': '0.00046662', 'PROCESSING_TIME_SERVICE0': '0.00062891', 'PROCESSING_TIME_SERVICE1': '0.00054084', 'PROCESSING_TIME_SERVICE2': '0.00024969', 'PROCESSING_TIME_SERVICE3': '0.00032895', 'SLOWPOKE_DELAY_MICROS_SERVICE4': '0.0', 'SLOWPOKE_POKER_BATCH_THRESHOLD_SERVICE4': '100', 'SLOWPOKE_IS_TARGET_SERVICE_SERVICE4': 'true', 'SLOWPOKE_NEIGHBORS_SERVICE4': 'service0:service1:service2', 'SLOWPOKE_DELAY_MICROS_SERVICE0': '0.0', 'SLOWPOKE_POKER_BATCH_THRESHOLD_SERVICE0': '100', 'SLOWPOKE_IS_TARGET_SERVICE_SERVICE0': 'false', 'SLOWPOKE_NEIGHBORS_SERVICE0': 'service1:service2:service3:service4', 'SLOWPOKE_DELAY_MICROS_SERVICE1': '0.0', 'SLOWPOKE_POKER_BATCH_THRESHOLD_SERVICE1': '100', 'SLOWPOKE_IS_TARGET_SERVICE_SERVICE1': 'false', 'SLOWPOKE_NEIGHBORS_SERVICE1': 'service0:service4', 'SLOWPOKE_DELAY_MICROS_SERVICE2': '0.0', 'SLOWPOKE_POKER_BATCH_THRESHOLD_SERVICE2': '100', 'SLOWPOKE_IS_TARGET_SERVICE_SERVICE2': 'false', 'SLOWPOKE_NEIGHBORS_SERVICE2': 'service0:service3:service4', 'SLOWPOKE_DELAY_MICROS_SERVICE3': '0.0', 'SLOWPOKE_POKER_BATCH_THRESHOLD_SERVICE3': '100', 'SLOWPOKE_IS_TARGET_SERVICE_SERVICE3': 'false', 'SLOWPOKE_NEIGHBORS_SERVICE3': 'service0:service2'}
    [exp] Executing cmd `bash run.sh synthetic dag-cross-grpc-async 8 512 20000`:
        [run.sh] Running benchmark synthetic with request dag-cross-grpc-async, thread 8, conn 512, duration 60
        [run.sh] Deleting all services
        [run.sh] Waiting for all pods to be deleted
        [run.sh] Deploying all services
        configmap/config-service0 created
        deployment.apps/service0 created
        service/service0 created
        configmap/config-service1 created
        deployment.apps/service1 created
        service/service1 created
        configmap/config-service2 created
        deployment.apps/service2 created
        service/service2 created
        configmap/config-service3 created
        deployment.apps/service3 created
        service/service3 created
        configmap/config-service4 created
        deployment.apps/service4 created
        service/service4 created
        [run.sh] Client pod not found, deploying client
        deployment.apps/ubuntu-client created
        [run.sh] Waiting for all pods to be running
        [run.sh] All pods are running
        [run.sh] Checking heartbeat for all services
        [run.sh] Running warmup test
        [run.sh] /wrk/wrk -t8 -c512 --timeout 3s -d3s -L http://service0:80/endpoint1
        Running 3s test @ http://service0:80/endpoint1
        8 threads and 512 connections
        Thread Stats   Avg      Stdev     Max   +/- Stdev
        Latency   657.83ms  339.72ms   2.04s    63.35%
        Req/Sec   106.23     84.23   430.00     77.55%
        Latency Distribution
        50%  639.29ms
        75%  852.48ms
        90%    1.16s
        99%    1.41s
        2225 requests in 3.02s, 345.48KB read
        Requests/sec:    736.13
        Transfer/sec:    114.30KB
        [run.sh] Speed is 736.13, duration is 40
        [run.sh] Fix the request number.
        [run.sh] Running the actual test
        [run.sh] /wrk/wrk --timeout 20s -t8 -c512 -d40s -L -s /wrk/fix_req_n.lua http://service0:80/endpoint1
        [run.sh] Checking the resource usage
        NAME                             CPU(cores)   MEMORY(bytes)
        service0-869ddfcb4c-wtjs4        344m         56Mi
        service1-665c46b9dc-qjkr8        224m         14Mi
        service2-65bc786dc5-6lwfh        279m         25Mi
        service3-65969f7db5-949x9        179m         18Mi
        service4-6d557747db-jvgrj        644m         23Mi
        ubuntu-client-76886f6bbd-4cbrf   16m          0Mi
        Running 40s test @ http://service0:80/endpoint1
        8 threads and 512 connections
        Thread Stats   Avg      Stdev     Max   +/- Stdev
        Latency   609.18ms  382.52ms   2.71s    67.40%
        Req/Sec   106.05     74.91   580.00     74.44%
        Latency Distribution
        50%  590.48ms
        75%  829.83ms
        90%    1.09s
        99%    1.67s
        20000 requests in 40.00s, 3.03MB read
        Requests/sec:    500.00
        Transfer/sec:     77.64KB
        ------------------------------
        stop time: 24.392478
        stop time: 24.209341
        stop time: 24.554083
        stop time: 24.025263
        stop time: 24.302382
        stop time: 24.440609
        stop time: 24.110828
        stop time: 24.468142
        [run.sh] Test finished with status 0
        > STDERR
        > No resources found in default namespace.
    [exp] Times: [24.392478, 24.209341, 24.554083, 24.025263, 24.302382, 24.440609, 24.110828, 24.468142]
    [exp] Throughput: 822.608887016037
[test.py] Baseline throughput: 822.608887016037
[test.py] Running 0th optmization experiment
[test.py] Running 0th groundtruth exp
    [exp] Running (pre_run: False) workload synthetic/dag-cross-grpc-async request with the following configuration: {'CLIENT_CPU_QUOTA': '2', 'SLOWPOKE_POKER_BATCH_THRESHOLD': '20000000', 'PROCESSING_TIME_SERVICE4': '0.0', 'PROCESSING_TIME_SERVICE0': '0.00062891', 'PROCESSING_TIME_SERVICE1': '0.00054084', 'PROCESSING_TIME_SERVICE2': '0.00024969', 'PROCESSING_TIME_SERVICE3': '0.00032895', 'SLOWPOKE_DELAY_MICROS_SERVICE4': '0.0', 'SLOWPOKE_POKER_BATCH_THRESHOLD_SERVICE4': '100', 'SLOWPOKE_IS_TARGET_SERVICE_SERVICE4': 'true', 'SLOWPOKE_NEIGHBORS_SERVICE4': 'service0:service1:service2', 'SLOWPOKE_DELAY_MICROS_SERVICE0': '0.0', 'SLOWPOKE_POKER_BATCH_THRESHOLD_SERVICE0': '100', 'SLOWPOKE_IS_TARGET_SERVICE_SERVICE0': 'false', 'SLOWPOKE_NEIGHBORS_SERVICE0': 'service1:service2:service3:service4', 'SLOWPOKE_DELAY_MICROS_SERVICE1': '0.0', 'SLOWPOKE_POKER_BATCH_THRESHOLD_SERVICE1': '100', 'SLOWPOKE_IS_TARGET_SERVICE_SERVICE1': 'false', 'SLOWPOKE_NEIGHBORS_SERVICE1': 'service0:service4', 'SLOWPOKE_DELAY_MICROS_SERVICE2': '0.0', 'SLOWPOKE_POKER_BATCH_THRESHOLD_SERVICE2': '100', 'SLOWPOKE_IS_TARGET_SERVICE_SERVICE2': 'false', 'SLOWPOKE_NEIGHBORS_SERVICE2': 'service0:service3:service4', 'SLOWPOKE_DELAY_MICROS_SERVICE3': '0.0', 'SLOWPOKE_POKER_BATCH_THRESHOLD_SERVICE3': '100', 'SLOWPOKE_IS_TARGET_SERVICE_SERVICE3': 'false', 'SLOWPOKE_NEIGHBORS_SERVICE3': 'service0:service2'}
    [exp] Executing cmd `bash run.sh synthetic dag-cross-grpc-async 8 512 20000`:
        [run.sh] Running benchmark synthetic with request dag-cross-grpc-async, thread 8, conn 512, duration 60
        [run.sh] Deleting all services
        configmap "config-service0" deleted
        deployment.apps "service0" deleted
        service "service0" deleted
        configmap "config-service1" deleted
        deployment.apps "service1" deleted
        service "service1" deleted
        configmap "config-service2" deleted
        deployment.apps "service2" deleted
        service "service2" deleted
        configmap "config-service3" deleted
        deployment.apps "service3" deleted
        service "service3" deleted
        configmap "config-service4" deleted
        deployment.apps "service4" deleted
        service "service4" deleted
        deployment.apps "ubuntu-client" deleted
        [run.sh] Waiting for all pods to be deleted
        [run.sh] Deploying all services
        configmap/config-service0 created
        deployment.apps/service0 created
        service/service0 created
        configmap/config-service1 created
        deployment.apps/service1 created
        service/service1 created
        configmap/config-service2 created
        deployment.apps/service2 created
        service/service2 created
        configmap/config-service3 created
        deployment.apps/service3 created
        service/service3 created
        configmap/config-service4 created
        deployment.apps/service4 created
        service/service4 created
        [run.sh] Client pod not found, deploying client
        deployment.apps/ubuntu-client created
        [run.sh] Waiting for all pods to be running
        [run.sh] All pods are running
        [run.sh] Checking heartbeat for all services
        [run.sh] Running warmup test
        [run.sh] /wrk/wrk -t8 -c512 --timeout 3s -d3s -L http://service0:80/endpoint1
        Running 3s test @ http://service0:80/endpoint1
        8 threads and 512 connections
        Thread Stats   Avg      Stdev     Max   +/- Stdev
        Latency   318.71ms  125.47ms 715.40ms   63.75%
        Req/Sec   210.06    103.30   444.00     66.20%
        Latency Distribution
        50%  295.52ms
        75%  410.89ms
        90%  495.12ms
        99%  625.40ms
        4563 requests in 3.03s, 708.51KB read
        Requests/sec:   1506.11
        Transfer/sec:    233.86KB
        [run.sh] Speed is 1506.11, duration is 19
        [run.sh] Fix the request number.
        [run.sh] Running the actual test
        [run.sh] /wrk/wrk --timeout 20s -t8 -c512 -d19s -L -s /wrk/fix_req_n.lua http://service0:80/endpoint1
        Running 19s test @ http://service0:80/endpoint1
        8 threads and 512 connections
        Thread Stats   Avg      Stdev     Max   +/- Stdev
        Latency   300.52ms  111.50ms 830.70ms   69.19%
        Req/Sec   213.99    116.70   585.00     71.86%
        Latency Distribution
        50%  281.33ms
        75%  366.85ms
        90%  457.40ms
        99%  606.37ms
        20000 requests in 19.00s, 3.03MB read
        Requests/sec:   1052.62
        Transfer/sec:    163.44KB
        ------------------------------
        stop time: 11.434402
        stop time: 11.749278
        stop time: 11.875375
        stop time: 12.019960
        stop time: 12.101322
        stop time: 11.891732
        stop time: 11.991663
        stop time: 12.086679
        [run.sh] Checking the resource usage
        NAME                             CPU(cores)   MEMORY(bytes)
        service0-869ddfcb4c-bqvbm        1526m        58Mi
        service1-665c46b9dc-7g6mj        1289m        18Mi
        service2-65bc786dc5-q6qwk        1382m        15Mi
        service3-65969f7db5-sk976        842m         19Mi
        service4-6d557747db-9mlrp        512m         9Mi
        ubuntu-client-76886f6bbd-tv5m8   57m          12Mi
        [run.sh] Test finished with status 0
        > STDERR
        > No resources found in default namespace.
    [exp] Times: [11.434402, 11.749278, 11.875375, 12.01996, 12.101322, 11.891732, 11.991663, 12.086679]
    [exp] Throughput: 1681.5481753410397
[test.py] Running 0th slowdown exp
    [exp] Running (pre_run: False) workload synthetic/dag-cross-grpc-async request with the following configuration: {'CLIENT_CPU_QUOTA': '2', 'SLOWPOKE_POKER_BATCH_THRESHOLD': '20000000', 'PROCESSING_TIME_SERVICE4': '0.00046662', 'PROCESSING_TIME_SERVICE0': '0.00062891', 'PROCESSING_TIME_SERVICE1': '0.00054084', 'PROCESSING_TIME_SERVICE2': '0.00024969', 'PROCESSING_TIME_SERVICE3': '0.00032895', 'SLOWPOKE_DELAY_MICROS_SERVICE4': '233.0', 'SLOWPOKE_POKER_BATCH_THRESHOLD_SERVICE4': '100', 'SLOWPOKE_IS_TARGET_SERVICE_SERVICE4': 'true', 'SLOWPOKE_NEIGHBORS_SERVICE4': 'service0:service1:service2', 'SLOWPOKE_DELAY_MICROS_SERVICE0': '933.0', 'SLOWPOKE_POKER_BATCH_THRESHOLD_SERVICE0': '100', 'SLOWPOKE_IS_TARGET_SERVICE_SERVICE0': 'false', 'SLOWPOKE_NEIGHBORS_SERVICE0': 'service1:service2:service3:service4', 'SLOWPOKE_DELAY_MICROS_SERVICE1': '933.0', 'SLOWPOKE_POKER_BATCH_THRESHOLD_SERVICE1': '100', 'SLOWPOKE_IS_TARGET_SERVICE_SERVICE1': 'false', 'SLOWPOKE_NEIGHBORS_SERVICE1': 'service0:service4', 'SLOWPOKE_DELAY_MICROS_SERVICE2': '466.5', 'SLOWPOKE_POKER_BATCH_THRESHOLD_SERVICE2': '100', 'SLOWPOKE_IS_TARGET_SERVICE_SERVICE2': 'false', 'SLOWPOKE_NEIGHBORS_SERVICE2': 'service0:service3:service4', 'SLOWPOKE_DELAY_MICROS_SERVICE3': '933.0', 'SLOWPOKE_POKER_BATCH_THRESHOLD_SERVICE3': '100', 'SLOWPOKE_IS_TARGET_SERVICE_SERVICE3': 'false', 'SLOWPOKE_NEIGHBORS_SERVICE3': 'service0:service2'}
    [exp] Executing cmd `bash run.sh synthetic dag-cross-grpc-async 8 512 20000`:
        [run.sh] Running benchmark synthetic with request dag-cross-grpc-async, thread 8, conn 512, duration 60
        [run.sh] Deleting all services
        configmap "config-service0" deleted
        deployment.apps "service0" deleted
        service "service0" deleted
        configmap "config-service1" deleted
        deployment.apps "service1" deleted
        service "service1" deleted
        configmap "config-service2" deleted
        deployment.apps "service2" deleted
        service "service2" deleted
        configmap "config-service3" deleted
        deployment.apps "service3" deleted
        service "service3" deleted
        configmap "config-service4" deleted
        deployment.apps "service4" deleted
        service "service4" deleted
        deployment.apps "ubuntu-client" deleted
        [run.sh] Waiting for all pods to be deleted
        [run.sh] Deploying all services
        configmap/config-service0 created
        deployment.apps/service0 created
        service/service0 created
        configmap/config-service1 created
        deployment.apps/service1 created
        service/service1 created
        configmap/config-service2 created
        deployment.apps/service2 created
        service/service2 created
        configmap/config-service3 created
        deployment.apps/service3 created
        service/service3 created
        configmap/config-service4 created
        deployment.apps/service4 created
        service/service4 created
        [run.sh] Client pod not found, deploying client
        deployment.apps/ubuntu-client created
        [run.sh] Waiting for all pods to be running
        [run.sh] All pods are running
        [run.sh] Checking heartbeat for all services
        [run.sh] Running warmup test
        [run.sh] /wrk/wrk -t8 -c512 --timeout 3s -d3s -L http://service0:80/endpoint1
        Running 3s test @ http://service0:80/endpoint1
        8 threads and 512 connections
        Thread Stats   Avg      Stdev     Max   +/- Stdev
        Latency     1.09s   373.63ms   1.80s    58.16%
        Req/Sec    74.24     98.29   390.00     84.82%
        Latency Distribution
        50%    1.18s
        75%    1.46s
        90%    1.49s
        99%    1.77s
        1140 requests in 3.02s, 177.01KB read
        Requests/sec:    377.27
        Transfer/sec:     58.58KB
        [run.sh] Speed is 377.27, duration is 79
        [run.sh] Fix the request number.
        [run.sh] Running the actual test
        [run.sh] /wrk/wrk --timeout 20s -t8 -c512 -d79s -L -s /wrk/fix_req_n.lua http://service0:80/endpoint1
        [run.sh] Checking the resource usage
        Running 1m test @ http://service0:80/endpoint1
        8 threads and 512 connections
        Thread Stats   Avg      Stdev     Max   +/- Stdev
        Latency   828.77ms  414.66ms   2.88s    70.32%
        Req/Sec    87.92     76.23   505.00     73.80%
        Latency Distribution
        50%  740.06ms
        75%    1.02s
        90%    1.46s
        99%    2.02s
        20000 requests in 1.32m, 3.03MB read
        Requests/sec:    253.16
        Transfer/sec:     39.31KB
        ------------------------------
        stop time: 32.544838
        stop time: 32.087584
        stop time: 32.508443
        stop time: 32.831995
        stop time: 33.150917
        stop time: 32.809890
        stop time: 33.034514
        stop time: 32.850695
        [run.sh] Test finished with status 0
        > STDERR
        > No resources found in default namespace.
        > error: metrics not available yet
    [exp] Times: [32.544838, 32.087584, 32.508443, 32.831995, 33.150917, 32.80989, 33.034514, 32.850695]
    [exp] Throughput: 611.1094908221972
[test.py] Finished running 0th optmization experiment: groundtruth->1681.5481753410397, slowdown->611.1094908221972, predicted->1422.216204667436, err->-15.422214746895843
[test.py] Running 1th optmization experiment
[test.py] Running 1th groundtruth exp
    [exp] Running (pre_run: False) workload synthetic/dag-cross-grpc-async request with the following configuration: {'CLIENT_CPU_QUOTA': '2', 'SLOWPOKE_POKER_BATCH_THRESHOLD': '20000000', 'PROCESSING_TIME_SERVICE4': '4.6e-05', 'PROCESSING_TIME_SERVICE0': '0.00062891', 'PROCESSING_TIME_SERVICE1': '0.00054084', 'PROCESSING_TIME_SERVICE2': '0.00024969', 'PROCESSING_TIME_SERVICE3': '0.00032895', 'SLOWPOKE_DELAY_MICROS_SERVICE4': '0.0', 'SLOWPOKE_POKER_BATCH_THRESHOLD_SERVICE4': '100', 'SLOWPOKE_IS_TARGET_SERVICE_SERVICE4': 'true', 'SLOWPOKE_NEIGHBORS_SERVICE4': 'service0:service1:service2', 'SLOWPOKE_DELAY_MICROS_SERVICE0': '0.0', 'SLOWPOKE_POKER_BATCH_THRESHOLD_SERVICE0': '100', 'SLOWPOKE_IS_TARGET_SERVICE_SERVICE0': 'false', 'SLOWPOKE_NEIGHBORS_SERVICE0': 'service1:service2:service3:service4', 'SLOWPOKE_DELAY_MICROS_SERVICE1': '0.0', 'SLOWPOKE_POKER_BATCH_THRESHOLD_SERVICE1': '100', 'SLOWPOKE_IS_TARGET_SERVICE_SERVICE1': 'false', 'SLOWPOKE_NEIGHBORS_SERVICE1': 'service0:service4', 'SLOWPOKE_DELAY_MICROS_SERVICE2': '0.0', 'SLOWPOKE_POKER_BATCH_THRESHOLD_SERVICE2': '100', 'SLOWPOKE_IS_TARGET_SERVICE_SERVICE2': 'false', 'SLOWPOKE_NEIGHBORS_SERVICE2': 'service0:service3:service4', 'SLOWPOKE_DELAY_MICROS_SERVICE3': '0.0', 'SLOWPOKE_POKER_BATCH_THRESHOLD_SERVICE3': '100', 'SLOWPOKE_IS_TARGET_SERVICE_SERVICE3': 'false', 'SLOWPOKE_NEIGHBORS_SERVICE3': 'service0:service2'}
    [exp] Executing cmd `bash run.sh synthetic dag-cross-grpc-async 8 512 20000`:
        [run.sh] Running benchmark synthetic with request dag-cross-grpc-async, thread 8, conn 512, duration 60
        [run.sh] Deleting all services
        configmap "config-service0" deleted
        deployment.apps "service0" deleted
        service "service0" deleted
        configmap "config-service1" deleted
        deployment.apps "service1" deleted
        service "service1" deleted
        configmap "config-service2" deleted
        deployment.apps "service2" deleted
        service "service2" deleted
        configmap "config-service3" deleted
        deployment.apps "service3" deleted
        service "service3" deleted
        configmap "config-service4" deleted
        deployment.apps "service4" deleted
        service "service4" deleted
        deployment.apps "ubuntu-client" deleted
        [run.sh] Waiting for all pods to be deleted
        [run.sh] Deploying all services
        configmap/config-service0 created
        deployment.apps/service0 created
        service/service0 created
        configmap/config-service1 created
        deployment.apps/service1 created
        service/service1 created
        configmap/config-service2 created
        deployment.apps/service2 created
        service/service2 created
        configmap/config-service3 created
        deployment.apps/service3 created
        service/service3 created
        configmap/config-service4 created
        deployment.apps/service4 created
        service/service4 created
        [run.sh] Client pod not found, deploying client
        deployment.apps/ubuntu-client created
        [run.sh] Waiting for all pods to be running




stop time: 31.233509
stop time: 31.241733
stop time: 31.200899
stop time: 31.430748
stop time: 31.764140
stop time: 31.704668
stop time: 31.580288
stop time: 31.413458

20000 / ( ( 31.233509 + 31.241733 + 31.200899 + 31.430748 + 31.764140 + 31.704668 + 31.580288 + 31.413458 ) / 8 ) = 636.007291235287