[config.py] Random numbers for execution time: [328.9465052257479, 499.38047625351794, 540.8366431644105, 628.9070707676815, 933.235357351573]
[config.py] Is bottleneck: True
benchmark                        : synthetic
num_threads                      : 8
num_conns                        : 512
target_service                   : service2
request_type                     : dag-cross-grpc-async
repetitions                      : 5
target_num_exp                   : 2
pre_run                          : False
num_req                          : 20000
groundtruths                     : []
slowdowns                        : []
predicteds                       : []
errs                             : []
poker_batch_req                  : 100
client_cpu_quota                 : 2
random_seed                      : 16181
request_ratio                    : {'service0': 1, 'service1': 1, 'service2': 2, 'service3': 1, 'service4': 4}
baseline_service_processing_time : {'service2': 933.24, 'service0': 628.91, 'service1': 540.84, 'service3': 499.38, 'service4': 82.24}
cpu_quota                        : {'service0': 2, 'service1': 2, 'service2': 2, 'service3': 2, 'service4': 2}
target_processing_time_range     : [0, 933.24]
baseline_throughputs             : []
poker_batch                      : 20000000
neighbors                        : {'service0': 'service1:service2:service3:service4', 'service1': 'service0:service4', 'service2': 'service0:service3:service4', 'service3': 'service0:service2', 'service4': 'service0:service1:service2'}
[test.py] Starting experiment...
[test.py] >>>>>>>>>>>>>>>>>>>>>>>>>>>>> Running experiment 0...
[test.py] Actual processing time range: [0, 466]
[test.py] Running baseline experiment
    [exp] Running (pre_run: False) workload synthetic/dag-cross-grpc-async request with the following configuration: {'CLIENT_CPU_QUOTA': '2', 'SLOWPOKE_POKER_BATCH_THRESHOLD': '20000000', 'PROCESSING_TIME_SERVICE2': '0.00093324', 'PROCESSING_TIME_SERVICE0': '0.00062891', 'PROCESSING_TIME_SERVICE1': '0.00054084', 'PROCESSING_TIME_SERVICE3': '0.00049938', 'PROCESSING_TIME_SERVICE4': '8.224e-05', 'SLOWPOKE_DELAY_MICROS_SERVICE2': '0.0', 'SLOWPOKE_POKER_BATCH_THRESHOLD_SERVICE2': '100', 'SLOWPOKE_IS_TARGET_SERVICE_SERVICE2': 'true', 'SLOWPOKE_NEIGHBORS_SERVICE2': 'service0:service3:service4', 'SLOWPOKE_DELAY_MICROS_SERVICE0': '0.0', 'SLOWPOKE_POKER_BATCH_THRESHOLD_SERVICE0': '100', 'SLOWPOKE_IS_TARGET_SERVICE_SERVICE0': 'false', 'SLOWPOKE_NEIGHBORS_SERVICE0': 'service1:service2:service3:service4', 'SLOWPOKE_DELAY_MICROS_SERVICE1': '0.0', 'SLOWPOKE_POKER_BATCH_THRESHOLD_SERVICE1': '100', 'SLOWPOKE_IS_TARGET_SERVICE_SERVICE1': 'false', 'SLOWPOKE_NEIGHBORS_SERVICE1': 'service0:service4', 'SLOWPOKE_DELAY_MICROS_SERVICE3': '0.0', 'SLOWPOKE_POKER_BATCH_THRESHOLD_SERVICE3': '100', 'SLOWPOKE_IS_TARGET_SERVICE_SERVICE3': 'false', 'SLOWPOKE_NEIGHBORS_SERVICE3': 'service0:service2', 'SLOWPOKE_DELAY_MICROS_SERVICE4': '0.0', 'SLOWPOKE_POKER_BATCH_THRESHOLD_SERVICE4': '100', 'SLOWPOKE_IS_TARGET_SERVICE_SERVICE4': 'false', 'SLOWPOKE_NEIGHBORS_SERVICE4': 'service0:service1:service2'}
    [exp] Executing cmd `bash run.sh synthetic dag-cross-grpc-async 8 512 20000`:
        [run.sh] Running benchmark synthetic with request dag-cross-grpc-async, thread 8, conn 512, duration 60
        [run.sh] Deleting all services
        configmap "config-service0" deleted
        deployment.apps "service0" deleted
        service "service0" deleted
        configmap "config-service1" deleted
        deployment.apps "service1" deleted
        service "service1" deleted
        configmap "config-service2" deleted
        deployment.apps "service2" deleted
        service "service2" deleted
        configmap "config-service3" deleted
        deployment.apps "service3" deleted
        service "service3" deleted
        configmap "config-service4" deleted
        deployment.apps "service4" deleted
        service "service4" deleted
        deployment.apps "ubuntu-client" deleted
        [run.sh] Waiting for all pods to be deleted
        [run.sh] Deploying all services
        configmap/config-service0 created
        deployment.apps/service0 created
        service/service0 created
        configmap/config-service1 created
        deployment.apps/service1 created
        service/service1 created
        configmap/config-service2 created
        deployment.apps/service2 created
        service/service2 created
        configmap/config-service3 created
        deployment.apps/service3 created
        service/service3 created
        configmap/config-service4 created
        deployment.apps/service4 created
        service/service4 created
        [run.sh] Client pod not found, deploying client
        deployment.apps/ubuntu-client created
        [run.sh] Waiting for all pods to be running
        [run.sh] All pods are running
        [run.sh] Checking heartbeat for all services
        [run.sh] Running warmup test
        [run.sh] /wrk/wrk -t8 -c512 --timeout 3s -d3s -L http://service0:80/endpoint1
        Running 3s test @ http://service0:80/endpoint1
        8 threads and 512 connections
        Thread Stats   Avg      Stdev     Max   +/- Stdev
        Latency   651.91ms  226.78ms   1.31s    65.36%
        Req/Sec   125.01    104.38   420.00     64.78%
        Latency Distribution
        50%  674.54ms
        75%  833.78ms
        90%  945.56ms
        99%    1.13s
        2188 requests in 3.02s, 339.74KB read
        Requests/sec:    724.01
        Transfer/sec:    112.42KB
        [run.sh] Speed is 724.01, duration is 41
        [run.sh] Fix the request number.
        [run.sh] Running the actual test
        [run.sh] /wrk/wrk --timeout 20s -t8 -c512 -d41s -L -s /wrk/fix_req_n.lua http://service0:80/endpoint1
        [run.sh] Checking the resource usage
        NAME                             CPU(cores)   MEMORY(bytes)
        service0-54d4745598-kzfdn        652m         59Mi
        service1-5d7968f8f8-bw7d2        672m         11Mi
        service2-76778ccbf5-lbxjv        1196m        31Mi
        service3-6bd5d68ffb-d4b4v        605m         25Mi
        service4-746bdf945b-8s6xz        336m         13Mi
        ubuntu-client-76886f6bbd-htvrp   29m          16Mi
        Running 41s test @ http://service0:80/endpoint1
        8 threads and 512 connections
        Thread Stats   Avg      Stdev     Max   +/- Stdev
        Latency   609.51ms  235.86ms   1.67s    67.71%
        Req/Sec   119.00     96.22   450.00     64.93%
        Latency Distribution
        50%  614.95ms
        75%  757.39ms
        90%  903.44ms
        99%    1.20s
        20000 requests in 41.00s, 3.03MB read
        Requests/sec:    487.80
        Transfer/sec:     75.74KB
        ------------------------------
        stop time: 24.021701
        stop time: 24.131135
        stop time: 24.117808
        stop time: 23.938068
        stop time: 24.251264
        stop time: 24.140125
        stop time: 24.134261
        stop time: 24.302187
        [run.sh] Test finished with status 0
        > STDERR
        > No resources found in default namespace.
    [exp] Times: [24.021701, 24.131135, 24.117808, 23.938068, 24.251264, 24.140125, 24.134261, 24.302187]
    [exp] Throughput: 828.8585805582339
[test.py] Baseline throughput: 828.8585805582339
[test.py] Running 0th optmization experiment
[test.py] Running 0th groundtruth exp
    [exp] Running (pre_run: False) workload synthetic/dag-cross-grpc-async request with the following configuration: {'CLIENT_CPU_QUOTA': '2', 'SLOWPOKE_POKER_BATCH_THRESHOLD': '20000000', 'PROCESSING_TIME_SERVICE2': '0.0', 'PROCESSING_TIME_SERVICE0': '0.00062891', 'PROCESSING_TIME_SERVICE1': '0.00054084', 'PROCESSING_TIME_SERVICE3': '0.00049938', 'PROCESSING_TIME_SERVICE4': '8.224e-05', 'SLOWPOKE_DELAY_MICROS_SERVICE2': '0.0', 'SLOWPOKE_POKER_BATCH_THRESHOLD_SERVICE2': '100', 'SLOWPOKE_IS_TARGET_SERVICE_SERVICE2': 'true', 'SLOWPOKE_NEIGHBORS_SERVICE2': 'service0:service3:service4', 'SLOWPOKE_DELAY_MICROS_SERVICE0': '0.0', 'SLOWPOKE_POKER_BATCH_THRESHOLD_SERVICE0': '100', 'SLOWPOKE_IS_TARGET_SERVICE_SERVICE0': 'false', 'SLOWPOKE_NEIGHBORS_SERVICE0': 'service1:service2:service3:service4', 'SLOWPOKE_DELAY_MICROS_SERVICE1': '0.0', 'SLOWPOKE_POKER_BATCH_THRESHOLD_SERVICE1': '100', 'SLOWPOKE_IS_TARGET_SERVICE_SERVICE1': 'false', 'SLOWPOKE_NEIGHBORS_SERVICE1': 'service0:service4', 'SLOWPOKE_DELAY_MICROS_SERVICE3': '0.0', 'SLOWPOKE_POKER_BATCH_THRESHOLD_SERVICE3': '100', 'SLOWPOKE_IS_TARGET_SERVICE_SERVICE3': 'false', 'SLOWPOKE_NEIGHBORS_SERVICE3': 'service0:service2', 'SLOWPOKE_DELAY_MICROS_SERVICE4': '0.0', 'SLOWPOKE_POKER_BATCH_THRESHOLD_SERVICE4': '100', 'SLOWPOKE_IS_TARGET_SERVICE_SERVICE4': 'false', 'SLOWPOKE_NEIGHBORS_SERVICE4': 'service0:service1:service2'}
    [exp] Executing cmd `bash run.sh synthetic dag-cross-grpc-async 8 512 20000`:
        [run.sh] Running benchmark synthetic with request dag-cross-grpc-async, thread 8, conn 512, duration 60
        [run.sh] Deleting all services
        configmap "config-service0" deleted
        deployment.apps "service0" deleted
        service "service0" deleted
        configmap "config-service1" deleted
        deployment.apps "service1" deleted
        service "service1" deleted
        configmap "config-service2" deleted
        deployment.apps "service2" deleted
        service "service2" deleted
        configmap "config-service3" deleted
        deployment.apps "service3" deleted
        service "service3" deleted
        configmap "config-service4" deleted
        deployment.apps "service4" deleted
        service "service4" deleted
        deployment.apps "ubuntu-client" deleted
        [run.sh] Waiting for all pods to be deleted
        [run.sh] Deploying all services
        configmap/config-service0 created
        deployment.apps/service0 created
        service/service0 created
        configmap/config-service1 created
        deployment.apps/service1 created
        service/service1 created
        configmap/config-service2 created
        deployment.apps/service2 created
        service/service2 created
        configmap/config-service3 created
        deployment.apps/service3 created
        service/service3 created
        configmap/config-service4 created
        deployment.apps/service4 created
        service/service4 created
        [run.sh] Client pod not found, deploying client
        deployment.apps/ubuntu-client created
        [run.sh] Waiting for all pods to be running
        [run.sh] All pods are running
        [run.sh] Checking heartbeat for all services
        [run.sh] Running warmup test
        [run.sh] /wrk/wrk -t8 -c512 --timeout 3s -d3s -L http://service0:80/endpoint1
        Running 3s test @ http://service0:80/endpoint1
        8 threads and 512 connections
        Thread Stats   Avg      Stdev     Max   +/- Stdev
        Latency   295.79ms  103.18ms 602.43ms   66.82%
        Req/Sec   225.55    108.34   480.00     65.74%
        Latency Distribution
        50%  274.63ms
        75%  362.88ms
        90%  453.45ms
        99%  528.36ms
        4907 requests in 3.02s, 761.93KB read
        Requests/sec:   1624.66
        Transfer/sec:    252.27KB
        [run.sh] Speed is 1624.66, duration is 18
        [run.sh] Fix the request number.
        [run.sh] Running the actual test
        [run.sh] /wrk/wrk --timeout 20s -t8 -c512 -d18s -L -s /wrk/fix_req_n.lua http://service0:80/endpoint1
        Running 18s test @ http://service0:80/endpoint1
        8 threads and 512 connections
        Thread Stats   Avg      Stdev     Max   +/- Stdev
        Latency   301.59ms  121.89ms 858.19ms   70.37%
        Req/Sec   215.42    122.08   620.00     66.89%
        Latency Distribution
        50%  280.17ms
        75%  367.94ms
        90%  472.64ms
        99%  655.89ms
        20000 requests in 18.00s, 3.03MB read
        Requests/sec:   1111.10
        Transfer/sec:    172.52KB
        ------------------------------
        stop time: 11.656475
        stop time: 11.863233
        stop time: 11.898266
        stop time: 11.881779
        stop time: 11.984030
        stop time: 12.073262
        stop time: 12.067683
        stop time: 12.065546
        [run.sh] Checking the resource usage
        NAME                        CPU(cores)   MEMORY(bytes)
        service0-54d4745598-r77dv   15m          61Mi
        service1-5d7968f8f8-5tqt5   1m           12Mi
        service2-76778ccbf5-gwtnx   66m          23Mi
        service4-746bdf945b-kqtlm   392m         15Mi
        [run.sh] Test finished with status 0
        > STDERR
        > No resources found in default namespace.
    [exp] Times: [11.656475, 11.863233, 11.898266, 11.881779, 11.98403, 12.073262, 12.067683, 12.065546]
    [exp] Throughput: 1675.5633144376568
[test.py] Running 0th slowdown exp
    [exp] Running (pre_run: False) workload synthetic/dag-cross-grpc-async request with the following configuration: {'CLIENT_CPU_QUOTA': '2', 'SLOWPOKE_POKER_BATCH_THRESHOLD': '20000000', 'PROCESSING_TIME_SERVICE2': '0.00093324', 'PROCESSING_TIME_SERVICE0': '0.00062891', 'PROCESSING_TIME_SERVICE1': '0.00054084', 'PROCESSING_TIME_SERVICE3': '0.00049938', 'PROCESSING_TIME_SERVICE4': '8.224e-05', 'SLOWPOKE_DELAY_MICROS_SERVICE2': '466.5', 'SLOWPOKE_POKER_BATCH_THRESHOLD_SERVICE2': '100', 'SLOWPOKE_IS_TARGET_SERVICE_SERVICE2': 'true', 'SLOWPOKE_NEIGHBORS_SERVICE2': 'service0:service3:service4', 'SLOWPOKE_DELAY_MICROS_SERVICE0': '933.0', 'SLOWPOKE_POKER_BATCH_THRESHOLD_SERVICE0': '100', 'SLOWPOKE_IS_TARGET_SERVICE_SERVICE0': 'false', 'SLOWPOKE_NEIGHBORS_SERVICE0': 'service1:service2:service3:service4', 'SLOWPOKE_DELAY_MICROS_SERVICE1': '933.0', 'SLOWPOKE_POKER_BATCH_THRESHOLD_SERVICE1': '100', 'SLOWPOKE_IS_TARGET_SERVICE_SERVICE1': 'false', 'SLOWPOKE_NEIGHBORS_SERVICE1': 'service0:service4', 'SLOWPOKE_DELAY_MICROS_SERVICE3': '933.0', 'SLOWPOKE_POKER_BATCH_THRESHOLD_SERVICE3': '100', 'SLOWPOKE_IS_TARGET_SERVICE_SERVICE3': 'false', 'SLOWPOKE_NEIGHBORS_SERVICE3': 'service0:service2', 'SLOWPOKE_DELAY_MICROS_SERVICE4': '233.0', 'SLOWPOKE_POKER_BATCH_THRESHOLD_SERVICE4': '100', 'SLOWPOKE_IS_TARGET_SERVICE_SERVICE4': 'false', 'SLOWPOKE_NEIGHBORS_SERVICE4': 'service0:service1:service2'}
    [exp] Executing cmd `bash run.sh synthetic dag-cross-grpc-async 8 512 20000`:
        [run.sh] Running benchmark synthetic with request dag-cross-grpc-async, thread 8, conn 512, duration 60
        [run.sh] Deleting all services
        configmap "config-service0" deleted
        deployment.apps "service0" deleted
        service "service0" deleted
        configmap "config-service1" deleted
        deployment.apps "service1" deleted
        service "service1" deleted
        configmap "config-service2" deleted
        deployment.apps "service2" deleted
        service "service2" deleted
        configmap "config-service3" deleted
        deployment.apps "service3" deleted
        service "service3" deleted
        configmap "config-service4" deleted
        deployment.apps "service4" deleted
        service "service4" deleted
        deployment.apps "ubuntu-client" deleted
        [run.sh] Waiting for all pods to be deleted
        [run.sh] Deploying all services
        configmap/config-service0 created
        deployment.apps/service0 created
        service/service0 created
        configmap/config-service1 created
        deployment.apps/service1 created
        service/service1 created
        configmap/config-service2 created
        deployment.apps/service2 created
        service/service2 created
        configmap/config-service3 created
        deployment.apps/service3 created
        service/service3 created
        configmap/config-service4 created
        deployment.apps/service4 created
        service/service4 created
        [run.sh] Client pod not found, deploying client
        deployment.apps/ubuntu-client created
        [run.sh] Waiting for all pods to be running
        [run.sh] All pods are running
        [run.sh] Checking heartbeat for all services
        [run.sh] Running warmup test
        [run.sh] /wrk/wrk -t8 -c512 --timeout 3s -d3s -L http://service0:80/endpoint1
        Running 3s test @ http://service0:80/endpoint1
        8 threads and 512 connections
        Thread Stats   Avg      Stdev     Max   +/- Stdev
        Latency   782.58ms  225.22ms   1.69s    66.42%
        Req/Sec    97.82     73.87   280.00     61.97%
        Latency Distribution
        50%  769.68ms
        75%  911.00ms
        90%    1.17s
        99%    1.26s
        1772 requests in 3.03s, 275.14KB read
        Requests/sec:    584.32
        Transfer/sec:     90.73KB
        [run.sh] Speed is 584.32, duration is 51
        [run.sh] Fix the request number.
        [run.sh] Running the actual test
        [run.sh] /wrk/wrk --timeout 20s -t8 -c512 -d51s -L -s /wrk/fix_req_n.lua http://service0:80/endpoint1
        [run.sh] Checking the resource usage
        NAME                             CPU(cores)   MEMORY(bytes)
        service0-5d8cf6d9f5-wt7xs        654m         60Mi
        service1-67df9459f5-8nqxv        445m         17Mi
        service2-667db4f7b8-j8cxw        1388m        33Mi
        service3-868479f64f-whljn        372m         22Mi
        service4-856db497b8-5lfd2        510m         12Mi
        ubuntu-client-76886f6bbd-dfc5m   23m          17Mi
        Running 1m test @ http://service0:80/endpoint1
        8 threads and 512 connections
        Thread Stats   Avg      Stdev     Max   +/- Stdev
        Latency   839.62ms  290.94ms   2.24s    72.61%
        Req/Sec    88.96     80.10   510.00     81.57%
        Latency Distribution
        50%  775.04ms
        75%    1.00s
        90%    1.23s
        99%    1.71s
        20000 requests in 0.85m, 3.03MB read
        Requests/sec:    392.16
        Transfer/sec:     60.89KB
        ------------------------------
        stop time: 33.333246
        stop time: 32.635315
        stop time: 33.018114
        stop time: 33.356935
        stop time: 33.580216
        stop time: 33.867606
        stop time: 33.309084
        stop time: 33.325641
        [run.sh] Test finished with status 0
        > STDERR
        > No resources found in default namespace.
    [exp] Times: [33.333246, 32.635315, 33.018114, 33.356935, 33.580216, 33.867606, 33.309084, 33.325641]
    [exp] Throughput: 600.5416352569316
[test.py] Finished running 0th optmization experiment: groundtruth->1675.5633144376568, slowdown->600.5416352569316, predicted->1366.2630392622068, err->-18.45948001548695
[test.py] Running 1th optmization experiment
[test.py] Running 1th groundtruth exp
    [exp] Running (pre_run: False) workload synthetic/dag-cross-grpc-async request with the following configuration: {'CLIENT_CPU_QUOTA': '2', 'SLOWPOKE_POKER_BATCH_THRESHOLD': '20000000', 'PROCESSING_TIME_SERVICE2': '0.000466', 'PROCESSING_TIME_SERVICE0': '0.00062891', 'PROCESSING_TIME_SERVICE1': '0.00054084', 'PROCESSING_TIME_SERVICE3': '0.00049938', 'PROCESSING_TIME_SERVICE4': '8.224e-05', 'SLOWPOKE_DELAY_MICROS_SERVICE2': '0.0', 'SLOWPOKE_POKER_BATCH_THRESHOLD_SERVICE2': '100', 'SLOWPOKE_IS_TARGET_SERVICE_SERVICE2': 'true', 'SLOWPOKE_NEIGHBORS_SERVICE2': 'service0:service3:service4', 'SLOWPOKE_DELAY_MICROS_SERVICE0': '0.0', 'SLOWPOKE_POKER_BATCH_THRESHOLD_SERVICE0': '100', 'SLOWPOKE_IS_TARGET_SERVICE_SERVICE0': 'false', 'SLOWPOKE_NEIGHBORS_SERVICE0': 'service1:service2:service3:service4', 'SLOWPOKE_DELAY_MICROS_SERVICE1': '0.0', 'SLOWPOKE_POKER_BATCH_THRESHOLD_SERVICE1': '100', 'SLOWPOKE_IS_TARGET_SERVICE_SERVICE1': 'false', 'SLOWPOKE_NEIGHBORS_SERVICE1': 'service0:service4', 'SLOWPOKE_DELAY_MICROS_SERVICE3': '0.0', 'SLOWPOKE_POKER_BATCH_THRESHOLD_SERVICE3': '100', 'SLOWPOKE_IS_TARGET_SERVICE_SERVICE3': 'false', 'SLOWPOKE_NEIGHBORS_SERVICE3': 'service0:service2', 'SLOWPOKE_DELAY_MICROS_SERVICE4': '0.0', 'SLOWPOKE_POKER_BATCH_THRESHOLD_SERVICE4': '100', 'SLOWPOKE_IS_TARGET_SERVICE_SERVICE4': 'false', 'SLOWPOKE_NEIGHBORS_SERVICE4': 'service0:service1:service2'}
    [exp] Executing cmd `bash run.sh synthetic dag-cross-grpc-async 8 512 20000`:
        [run.sh] Running benchmark synthetic with request dag-cross-grpc-async, thread 8, conn 512, duration 60
        [run.sh] Deleting all services
        configmap "config-service0" deleted
        deployment.apps "service0" deleted
        service "service0" deleted
        configmap "config-service1" deleted
        deployment.apps "service1" deleted
        service "service1" deleted
        configmap "config-service2" deleted
        deployment.apps "service2" deleted
        service "service2" deleted
        configmap "config-service3" deleted
        deployment.apps "service3" deleted
        service "service3" deleted
        configmap "config-service4" deleted
        deployment.apps "service4" deleted
        service "service4" deleted
        deployment.apps "ubuntu-client" deleted
        [run.sh] Waiting for all pods to be deleted
        [run.sh] Deploying all services
        configmap/config-service0 created
        deployment.apps/service0 created
        service/service0 created
        configmap/config-service1 created
        deployment.apps/service1 created
        service/service1 created
        configmap/config-service2 created
        deployment.apps/service2 created
        service/service2 created
        configmap/config-service3 created
        deployment.apps/service3 created
        service/service3 created
        configmap/config-service4 created
        deployment.apps/service4 created
        service/service4 created
        [run.sh] Client pod not found, deploying client
        deployment.apps/ubuntu-client created
        [run.sh] Waiting for all pods to be running
        [run.sh] All pods are running
        [run.sh] Checking heartbeat for all services
        [run.sh] Running warmup test
        [run.sh] /wrk/wrk -t8 -c512 --timeout 3s -d3s -L http://service0:80/endpoint1
        Running 3s test @ http://service0:80/endpoint1
        8 threads and 512 connections
        Thread Stats   Avg      Stdev     Max   +/- Stdev
        Latency   392.23ms  163.05ms 933.91ms   65.82%
        Req/Sec   168.78     98.99   424.00     64.08%
        Latency Distribution
        50%  370.96ms
        75%  514.09ms
        90%  618.37ms
        99%  815.01ms
        3641 requests in 3.02s, 565.35KB read
        Requests/sec:   1204.35
        Transfer/sec:    187.00KB
        [run.sh] Speed is 1204.35, duration is 24
        [run.sh] Fix the request number.
        [run.sh] Running the actual test
        [run.sh] /wrk/wrk --timeout 20s -t8 -c512 -d24s -L -s /wrk/fix_req_n.lua http://service0:80/endpoint1
        Running 24s test @ http://service0:80/endpoint1
        8 threads and 512 connections
        Thread Stats   Avg      Stdev     Max   +/- Stdev
        Latency   363.18ms  147.40ms   1.26s    70.08%
        Req/Sec   178.00    109.27   525.00     66.55%
        Latency Distribution
        50%  345.37ms
        75%  448.96ms
        90%  561.12ms
        99%  782.04ms
        20000 requests in 24.00s, 3.03MB read
        Requests/sec:    833.33
        Transfer/sec:    129.39KB
        ------------------------------
        stop time: 14.138193
        stop time: 14.504835
        stop time: 14.289211
        stop time: 14.488711
        stop time: 14.371823
        stop time: 14.364739
        stop time: 14.468670
        stop time: 14.468675
        [run.sh] Checking the resource usage
        NAME                             CPU(cores)   MEMORY(bytes)
        service0-54d4745598-fldzp        87m          60Mi
        service1-5d7968f8f8-fvfmk        394m         14Mi
        service2-76778ccbf5-gxrth        0m           22Mi
        service3-6bd5d68ffb-7t7k4        611m         19Mi
        service4-746bdf945b-2v8hd        945m         10Mi
        ubuntu-client-76886f6bbd-hq4ql   30m          0Mi
        [run.sh] Test finished with status 0
        > STDERR
        > No resources found in default namespace.
    [exp] Times: [14.138193, 14.504835, 14.289211, 14.488711, 14.371823, 14.364739, 14.46867, 14.468675]
    [exp] Throughput: 1390.1576853255917
[test.py] Running 1th slowdown exp
    [exp] Running (pre_run: False) workload synthetic/dag-cross-grpc-async request with the following configuration: {'CLIENT_CPU_QUOTA': '2', 'SLOWPOKE_POKER_BATCH_THRESHOLD': '20000000', 'PROCESSING_TIME_SERVICE2': '0.00093324', 'PROCESSING_TIME_SERVICE0': '0.00062891', 'PROCESSING_TIME_SERVICE1': '0.00054084', 'PROCESSING_TIME_SERVICE3': '0.00049938', 'PROCESSING_TIME_SERVICE4': '8.224e-05', 'SLOWPOKE_DELAY_MICROS_SERVICE2': '233.5', 'SLOWPOKE_POKER_BATCH_THRESHOLD_SERVICE2': '100', 'SLOWPOKE_IS_TARGET_SERVICE_SERVICE2': 'true', 'SLOWPOKE_NEIGHBORS_SERVICE2': 'service0:service3:service4', 'SLOWPOKE_DELAY_MICROS_SERVICE0': '467.0', 'SLOWPOKE_POKER_BATCH_THRESHOLD_SERVICE0': '100', 'SLOWPOKE_IS_TARGET_SERVICE_SERVICE0': 'false', 'SLOWPOKE_NEIGHBORS_SERVICE0': 'service1:service2:service3:service4', 'SLOWPOKE_DELAY_MICROS_SERVICE1': '467.0', 'SLOWPOKE_POKER_BATCH_THRESHOLD_SERVICE1': '100', 'SLOWPOKE_IS_TARGET_SERVICE_SERVICE1': 'false', 'SLOWPOKE_NEIGHBORS_SERVICE1': 'service0:service4', 'SLOWPOKE_DELAY_MICROS_SERVICE3': '467.0', 'SLOWPOKE_POKER_BATCH_THRESHOLD_SERVICE3': '100', 'SLOWPOKE_IS_TARGET_SERVICE_SERVICE3': 'false', 'SLOWPOKE_NEIGHBORS_SERVICE3': 'service0:service2', 'SLOWPOKE_DELAY_MICROS_SERVICE4': '116.5', 'SLOWPOKE_POKER_BATCH_THRESHOLD_SERVICE4': '100', 'SLOWPOKE_IS_TARGET_SERVICE_SERVICE4': 'false', 'SLOWPOKE_NEIGHBORS_SERVICE4': 'service0:service1:service2'}
    [exp] Executing cmd `bash run.sh synthetic dag-cross-grpc-async 8 512 20000`:
        [run.sh] Running benchmark synthetic with request dag-cross-grpc-async, thread 8, conn 512, duration 60
        [run.sh] Deleting all services
        configmap "config-service0" deleted
        deployment.apps "service0" deleted
        service "service0" deleted
        configmap "config-service1" deleted
        deployment.apps "service1" deleted
        service "service1" deleted
        configmap "config-service2" deleted
        deployment.apps "service2" deleted
        service "service2" deleted
        configmap "config-service3" deleted
        deployment.apps "service3" deleted
        service "service3" deleted
        configmap "config-service4" deleted
        deployment.apps "service4" deleted
        service "service4" deleted
        deployment.apps "ubuntu-client" deleted
        [run.sh] Waiting for all pods to be deleted
        [run.sh] Deploying all services
        configmap/config-service0 created
        deployment.apps/service0 created
        service/service0 created
        configmap/config-service1 created
        deployment.apps/service1 created
        service/service1 created
        configmap/config-service2 created
        deployment.apps/service2 created
        service/service2 created
        configmap/config-service3 created
        deployment.apps/service3 created
        service/service3 created
        configmap/config-service4 created
        deployment.apps/service4 created
        service/service4 created
        [run.sh] Client pod not found, deploying client
        deployment.apps/ubuntu-client created
        [run.sh] Waiting for all pods to be running
        [run.sh] All pods are running
        [run.sh] Checking heartbeat for all services
        [run.sh] Running warmup test
        [run.sh] /wrk/wrk -t8 -c512 --timeout 3s -d3s -L http://service0:80/endpoint1
        Running 3s test @ http://service0:80/endpoint1
        8 threads and 512 connections
        Thread Stats   Avg      Stdev     Max   +/- Stdev
        Latency   691.41ms  333.35ms   1.91s    67.86%
        Req/Sec   104.64     84.65   330.00     67.05%
        Latency Distribution
        50%  634.38ms
        75%  921.10ms
        90%    1.17s
        99%    1.69s
        2032 requests in 3.02s, 315.52KB read
        Requests/sec:    673.70
        Transfer/sec:    104.61KB
        [run.sh] Speed is 673.70, duration is 44
        [run.sh] Fix the request number.
        [run.sh] Running the actual test
        [run.sh] /wrk/wrk --timeout 20s -t8 -c512 -d44s -L -s /wrk/fix_req_n.lua http://service0:80/endpoint1
        [run.sh] Checking the resource usage
        NAME                        CPU(cores)   MEMORY(bytes)
        service0-8576697857-4lrjm   282m         58Mi
        service1-6d4b676b5c-npnwx   24m          16Mi
        service2-fc7659d8d-kf2xk    579m         20Mi
        Running 44s test @ http://service0:80/endpoint1
        8 threads and 512 connections
        Thread Stats   Avg      Stdev     Max   +/- Stdev
        Latency   658.03ms  261.84ms   2.26s    70.16%
        Req/Sec   107.24     74.61   480.00     65.92%
        Latency Distribution
        50%  607.39ms
        75%  815.11ms
        90%    1.02s
        99%    1.40s
        20000 requests in 44.00s, 3.03MB read
        Requests/sec:    454.54
        Transfer/sec:     70.58KB
        ------------------------------
        stop time: 25.713651
        stop time: 26.008947
        stop time: 25.710980
        stop time: 25.835161
        stop time: 26.102147
        stop time: 26.283094
        stop time: 26.281793
        stop time: 26.282412
        [run.sh] Test finished with status 0
        > STDERR
        > No resources found in default namespace.
    [exp] Times: [25.713651, 26.008947, 25.71098, 25.835161, 26.102147, 26.283094, 26.281793, 26.282412]
    [exp] Throughput: 768.4247175624935
[test.py] Finished running 1th optmization experiment: groundtruth->1390.1576853255917, slowdown->768.4247175624935, predicted->1198.8630133039703, err->-13.760645575744013
[test.py] Baseline throughput:  828.8585805582339
[test.py] Groundtruth:  [1675.5633144376568, 1390.1576853255917]
[test.py] Slowdown:  [600.5416352569316, 768.4247175624935]
[test.py] Predicted:  [1366.2630392622068, 1198.8630133039703]
[test.py] Error percentage:  [-18.45948001548695, -13.760645575744013]
[test.py] >>>>>>>>>>>>>>>>>>>>>>>>>>>>> Running experiment 1...
[test.py] Actual processing time range: [0, 466]
[test.py] Running baseline experiment
    [exp] Running (pre_run: False) workload synthetic/dag-cross-grpc-async request with the following configuration: {'CLIENT_CPU_QUOTA': '2', 'SLOWPOKE_POKER_BATCH_THRESHOLD': '20000000', 'PROCESSING_TIME_SERVICE2': '0.00093324', 'PROCESSING_TIME_SERVICE0': '0.00062891', 'PROCESSING_TIME_SERVICE1': '0.00054084', 'PROCESSING_TIME_SERVICE3': '0.00049938', 'PROCESSING_TIME_SERVICE4': '8.224e-05', 'SLOWPOKE_DELAY_MICROS_SERVICE2': '0.0', 'SLOWPOKE_POKER_BATCH_THRESHOLD_SERVICE2': '100', 'SLOWPOKE_IS_TARGET_SERVICE_SERVICE2': 'true', 'SLOWPOKE_NEIGHBORS_SERVICE2': 'service0:service3:service4', 'SLOWPOKE_DELAY_MICROS_SERVICE0': '0.0', 'SLOWPOKE_POKER_BATCH_THRESHOLD_SERVICE0': '100', 'SLOWPOKE_IS_TARGET_SERVICE_SERVICE0': 'false', 'SLOWPOKE_NEIGHBORS_SERVICE0': 'service1:service2:service3:service4', 'SLOWPOKE_DELAY_MICROS_SERVICE1': '0.0', 'SLOWPOKE_POKER_BATCH_THRESHOLD_SERVICE1': '100', 'SLOWPOKE_IS_TARGET_SERVICE_SERVICE1': 'false', 'SLOWPOKE_NEIGHBORS_SERVICE1': 'service0:service4', 'SLOWPOKE_DELAY_MICROS_SERVICE3': '0.0', 'SLOWPOKE_POKER_BATCH_THRESHOLD_SERVICE3': '100', 'SLOWPOKE_IS_TARGET_SERVICE_SERVICE3': 'false', 'SLOWPOKE_NEIGHBORS_SERVICE3': 'service0:service2', 'SLOWPOKE_DELAY_MICROS_SERVICE4': '0.0', 'SLOWPOKE_POKER_BATCH_THRESHOLD_SERVICE4': '100', 'SLOWPOKE_IS_TARGET_SERVICE_SERVICE4': 'false', 'SLOWPOKE_NEIGHBORS_SERVICE4': 'service0:service1:service2'}
    [exp] Executing cmd `bash run.sh synthetic dag-cross-grpc-async 8 512 20000`:
        [run.sh] Running benchmark synthetic with request dag-cross-grpc-async, thread 8, conn 512, duration 60
        [run.sh] Deleting all services
        configmap "config-service0" deleted
        deployment.apps "service0" deleted
        service "service0" deleted
        configmap "config-service1" deleted
        deployment.apps "service1" deleted
        service "service1" deleted
        configmap "config-service2" deleted
        deployment.apps "service2" deleted
        service "service2" deleted
        configmap "config-service3" deleted
        deployment.apps "service3" deleted
        service "service3" deleted
        configmap "config-service4" deleted
        deployment.apps "service4" deleted
        service "service4" deleted
        deployment.apps "ubuntu-client" deleted
        [run.sh] Waiting for all pods to be deleted
        [run.sh] Deploying all services
        configmap/config-service0 created
        deployment.apps/service0 created
        service/service0 created
        configmap/config-service1 created
        deployment.apps/service1 created
        service/service1 created
        configmap/config-service2 created
        deployment.apps/service2 created
        service/service2 created
        configmap/config-service3 created
        deployment.apps/service3 created
        service/service3 created
        configmap/config-service4 created
        deployment.apps/service4 created
        service/service4 created
        [run.sh] Client pod not found, deploying client
        deployment.apps/ubuntu-client created
        [run.sh] Waiting for all pods to be running
        [run.sh] All pods are running
        [run.sh] Checking heartbeat for all services
        [run.sh] Running warmup test
        [run.sh] /wrk/wrk -t8 -c512 --timeout 3s -d3s -L http://service0:80/endpoint1
        Running 3s test @ http://service0:80/endpoint1
        8 threads and 512 connections
        Thread Stats   Avg      Stdev     Max   +/- Stdev
        Latency   678.28ms  270.93ms   1.33s    72.71%
        Req/Sec   118.52    120.46   505.00     83.01%
        Latency Distribution
        50%  723.42ms
        75%  843.71ms
        90%  948.80ms
        99%    1.27s
        2030 requests in 3.02s, 315.21KB read
        Requests/sec:    671.40
        Transfer/sec:    104.25KB
        [run.sh] Speed is 671.40, duration is 44
        [run.sh] Fix the request number.
        [run.sh] Running the actual test
        [run.sh] /wrk/wrk --timeout 20s -t8 -c512 -d44s -L -s /wrk/fix_req_n.lua http://service0:80/endpoint1
        [run.sh] Checking the resource usage
        NAME                             CPU(cores)   MEMORY(bytes)
        service0-54d4745598-zkpb7        765m         61Mi
        service1-5d7968f8f8-jx8js        326m         17Mi
        service2-76778ccbf5-k7ggn        271m         23Mi
        service3-6bd5d68ffb-czz2k        131m         22Mi
        service4-746bdf945b-k78w9        5m           12Mi
        ubuntu-client-76886f6bbd-4rhzk   8m           15Mi
        Running 44s test @ http://service0:80/endpoint1
        8 threads and 512 connections
        Thread Stats   Avg      Stdev     Max   +/- Stdev
        Latency   604.72ms  243.85ms   1.92s    66.28%
        Req/Sec   122.13    102.49   480.00     69.05%
        Latency Distribution
        50%  613.23ms
        75%  770.51ms
        90%  915.00ms
        99%    1.19s
        20000 requests in 44.00s, 3.03MB read
        Requests/sec:    454.54
        Transfer/sec:     70.58KB
        ------------------------------
        stop time: 24.104860
        stop time: 23.497862
        stop time: 23.685610
        stop time: 24.088577
        stop time: 24.208985
        stop time: 24.165231
        stop time: 24.192082
        stop time: 23.940120
        [run.sh] Test finished with status 0
        > STDERR
        > No resources found in default namespace.
    [exp] Times: [24.10486, 23.497862, 23.68561, 24.088577, 24.208985, 24.165231, 24.192082, 23.94012]
    [exp] Throughput: 833.8400344705301
[test.py] Baseline throughput: 833.8400344705301
[test.py] Running 0th optmization experiment
[test.py] Running 0th groundtruth exp
    [exp] Running (pre_run: False) workload synthetic/dag-cross-grpc-async request with the following configuration: {'CLIENT_CPU_QUOTA': '2', 'SLOWPOKE_POKER_BATCH_THRESHOLD': '20000000', 'PROCESSING_TIME_SERVICE2': '0.0', 'PROCESSING_TIME_SERVICE0': '0.00062891', 'PROCESSING_TIME_SERVICE1': '0.00054084', 'PROCESSING_TIME_SERVICE3': '0.00049938', 'PROCESSING_TIME_SERVICE4': '8.224e-05', 'SLOWPOKE_DELAY_MICROS_SERVICE2': '0.0', 'SLOWPOKE_POKER_BATCH_THRESHOLD_SERVICE2': '100', 'SLOWPOKE_IS_TARGET_SERVICE_SERVICE2': 'true', 'SLOWPOKE_NEIGHBORS_SERVICE2': 'service0:service3:service4', 'SLOWPOKE_DELAY_MICROS_SERVICE0': '0.0', 'SLOWPOKE_POKER_BATCH_THRESHOLD_SERVICE0': '100', 'SLOWPOKE_IS_TARGET_SERVICE_SERVICE0': 'false', 'SLOWPOKE_NEIGHBORS_SERVICE0': 'service1:service2:service3:service4', 'SLOWPOKE_DELAY_MICROS_SERVICE1': '0.0', 'SLOWPOKE_POKER_BATCH_THRESHOLD_SERVICE1': '100', 'SLOWPOKE_IS_TARGET_SERVICE_SERVICE1': 'false', 'SLOWPOKE_NEIGHBORS_SERVICE1': 'service0:service4', 'SLOWPOKE_DELAY_MICROS_SERVICE3': '0.0', 'SLOWPOKE_POKER_BATCH_THRESHOLD_SERVICE3': '100', 'SLOWPOKE_IS_TARGET_SERVICE_SERVICE3': 'false', 'SLOWPOKE_NEIGHBORS_SERVICE3': 'service0:service2', 'SLOWPOKE_DELAY_MICROS_SERVICE4': '0.0', 'SLOWPOKE_POKER_BATCH_THRESHOLD_SERVICE4': '100', 'SLOWPOKE_IS_TARGET_SERVICE_SERVICE4': 'false', 'SLOWPOKE_NEIGHBORS_SERVICE4': 'service0:service1:service2'}
    [exp] Executing cmd `bash run.sh synthetic dag-cross-grpc-async 8 512 20000`:
        [run.sh] Running benchmark synthetic with request dag-cross-grpc-async, thread 8, conn 512, duration 60
        [run.sh] Deleting all services
        configmap "config-service0" deleted
        deployment.apps "service0" deleted
        service "service0" deleted
        configmap "config-service1" deleted
        deployment.apps "service1" deleted
        service "service1" deleted
        configmap "config-service2" deleted
        deployment.apps "service2" deleted
        service "service2" deleted
        configmap "config-service3" deleted
        deployment.apps "service3" deleted
        service "service3" deleted
        configmap "config-service4" deleted
        deployment.apps "service4" deleted
        service "service4" deleted
        deployment.apps "ubuntu-client" deleted
        [run.sh] Waiting for all pods to be deleted
        [run.sh] Deploying all services
        configmap/config-service0 created
        deployment.apps/service0 created
        service/service0 created
        configmap/config-service1 created
        deployment.apps/service1 created
        service/service1 created
        configmap/config-service2 created
        deployment.apps/service2 created
        service/service2 created
        configmap/config-service3 created
        deployment.apps/service3 created
        service/service3 created
        configmap/config-service4 created
        deployment.apps/service4 created
        service/service4 created
        [run.sh] Client pod not found, deploying client
        deployment.apps/ubuntu-client created
        [run.sh] Waiting for all pods to be running
        [run.sh] All pods are running
        [run.sh] Checking heartbeat for all services
        [run.sh] Running warmup test
        [run.sh] /wrk/wrk -t8 -c512 --timeout 3s -d3s -L http://service0:80/endpoint1
        Running 3s test @ http://service0:80/endpoint1
        8 threads and 512 connections
        Thread Stats   Avg      Stdev     Max   +/- Stdev
        Latency   314.93ms  120.40ms 796.81ms   65.68%
        Req/Sec   209.69    113.17   484.00     64.81%
        Latency Distribution
        50%  283.83ms
        75%  392.67ms
        90%  491.68ms
        99%  603.39ms
        4546 requests in 3.02s, 705.87KB read
        Requests/sec:   1507.58
        Transfer/sec:    234.09KB
        [run.sh] Speed is 1507.58, duration is 19
        [run.sh] Fix the request number.
        [run.sh] Running the actual test
        [run.sh] /wrk/wrk --timeout 20s -t8 -c512 -d19s -L -s /wrk/fix_req_n.lua http://service0:80/endpoint1
        Running 19s test @ http://service0:80/endpoint1
        8 threads and 512 connections
        Thread Stats   Avg      Stdev     Max   +/- Stdev
        Latency   296.36ms  110.45ms 791.17ms   70.64%
        Req/Sec   216.79    118.17   575.00     67.36%
        Latency Distribution
        50%  278.28ms
        75%  356.11ms
        90%  451.64ms
        99%  614.63ms
        20000 requests in 19.00s, 3.03MB read
        Requests/sec:   1052.62
        Transfer/sec:    163.44KB
        ------------------------------
        stop time: 11.573635
        stop time: 11.717211
        stop time: 11.782421
        stop time: 11.781158
        stop time: 11.850517
        stop time: 11.829752
        stop time: 11.793519
        stop time: 11.729957
        [run.sh] Checking the resource usage
        NAME                             CPU(cores)   MEMORY(bytes)
        service0-54d4745598-slb7s        1347m        54Mi
        service1-5d7968f8f8-8qqm2        85m          13Mi
        service2-76778ccbf5-vg4rp        522m         10Mi
        service3-6bd5d68ffb-h7qdx        386m         14Mi
        service4-746bdf945b-mxnnj        722m         11Mi
        ubuntu-client-76886f6bbd-9sdl2   24m          0Mi
        [run.sh] Test finished with status 0
        > STDERR
        > No resources found in default namespace.
    [exp] Times: [11.573635, 11.717211, 11.782421, 11.781158, 11.850517, 11.829752, 11.793519, 11.729957]
    [exp] Throughput: 1701.074983704233
[test.py] Running 0th slowdown exp
    [exp] Running (pre_run: False) workload synthetic/dag-cross-grpc-async request with the following configuration: {'CLIENT_CPU_QUOTA': '2', 'SLOWPOKE_POKER_BATCH_THRESHOLD': '20000000', 'PROCESSING_TIME_SERVICE2': '0.00093324', 'PROCESSING_TIME_SERVICE0': '0.00062891', 'PROCESSING_TIME_SERVICE1': '0.00054084', 'PROCESSING_TIME_SERVICE3': '0.00049938', 'PROCESSING_TIME_SERVICE4': '8.224e-05', 'SLOWPOKE_DELAY_MICROS_SERVICE2': '466.5', 'SLOWPOKE_POKER_BATCH_THRESHOLD_SERVICE2': '100', 'SLOWPOKE_IS_TARGET_SERVICE_SERVICE2': 'true', 'SLOWPOKE_NEIGHBORS_SERVICE2': 'service0:service3:service4', 'SLOWPOKE_DELAY_MICROS_SERVICE0': '933.0', 'SLOWPOKE_POKER_BATCH_THRESHOLD_SERVICE0': '100', 'SLOWPOKE_IS_TARGET_SERVICE_SERVICE0': 'false', 'SLOWPOKE_NEIGHBORS_SERVICE0': 'service1:service2:service3:service4', 'SLOWPOKE_DELAY_MICROS_SERVICE1': '933.0', 'SLOWPOKE_POKER_BATCH_THRESHOLD_SERVICE1': '100', 'SLOWPOKE_IS_TARGET_SERVICE_SERVICE1': 'false', 'SLOWPOKE_NEIGHBORS_SERVICE1': 'service0:service4', 'SLOWPOKE_DELAY_MICROS_SERVICE3': '933.0', 'SLOWPOKE_POKER_BATCH_THRESHOLD_SERVICE3': '100', 'SLOWPOKE_IS_TARGET_SERVICE_SERVICE3': 'false', 'SLOWPOKE_NEIGHBORS_SERVICE3': 'service0:service2', 'SLOWPOKE_DELAY_MICROS_SERVICE4': '233.0', 'SLOWPOKE_POKER_BATCH_THRESHOLD_SERVICE4': '100', 'SLOWPOKE_IS_TARGET_SERVICE_SERVICE4': 'false', 'SLOWPOKE_NEIGHBORS_SERVICE4': 'service0:service1:service2'}
    [exp] Executing cmd `bash run.sh synthetic dag-cross-grpc-async 8 512 20000`:
        [run.sh] Running benchmark synthetic with request dag-cross-grpc-async, thread 8, conn 512, duration 60
        [run.sh] Deleting all services
        configmap "config-service0" deleted
        deployment.apps "service0" deleted
        service "service0" deleted
        configmap "config-service1" deleted
        deployment.apps "service1" deleted
        service "service1" deleted
        configmap "config-service2" deleted
        deployment.apps "service2" deleted
        service "service2" deleted
        configmap "config-service3" deleted
        deployment.apps "service3" deleted
        service "service3" deleted
        configmap "config-service4" deleted
        deployment.apps "service4" deleted
        service "service4" deleted
        deployment.apps "ubuntu-client" deleted
        [run.sh] Waiting for all pods to be deleted
        [run.sh] Deploying all services
        configmap/config-service0 created
        deployment.apps/service0 created
        service/service0 created
        configmap/config-service1 created
        deployment.apps/service1 created
        service/service1 created
        configmap/config-service2 created
        deployment.apps/service2 created
        service/service2 created
        configmap/config-service3 created
        deployment.apps/service3 created
        service/service3 created
        configmap/config-service4 created
        deployment.apps/service4 created
        service/service4 created
        [run.sh] Client pod not found, deploying client
        deployment.apps/ubuntu-client created
        [run.sh] Waiting for all pods to be running
        [run.sh] All pods are running
        [run.sh] Checking heartbeat for all services
        [run.sh] Running warmup test
        [run.sh] /wrk/wrk -t8 -c512 --timeout 3s -d3s -L http://service0:80/endpoint1
        Running 3s test @ http://service0:80/endpoint1
        8 threads and 512 connections
        Thread Stats   Avg      Stdev     Max   +/- Stdev
        Latency   950.81ms  302.26ms   1.89s    68.09%
        Req/Sec    84.42     71.33   400.00     71.52%
        Latency Distribution
        50%  924.81ms
        75%    1.18s
        90%    1.42s
        99%    1.60s
        1476 requests in 3.03s, 229.18KB read
        Requests/sec:    487.30
        Transfer/sec:     75.66KB
        [run.sh] Speed is 487.30, duration is 61
        [run.sh] Fix the request number.
        [run.sh] Running the actual test
        [run.sh] /wrk/wrk --timeout 20s -t8 -c512 -d61s -L -s /wrk/fix_req_n.lua http://service0:80/endpoint1
        [run.sh] Checking the resource usage
        NAME                        CPU(cores)   MEMORY(bytes)
        service1-67df9459f5-tb2wf   69m          14Mi
        service3-868479f64f-zhjhw   1m           16Mi
        Running 1m test @ http://service0:80/endpoint1
        8 threads and 512 connections
        Thread Stats   Avg      Stdev     Max   +/- Stdev
        Latency   858.58ms  289.55ms   2.28s    71.18%
        Req/Sec    90.57     80.99   490.00     80.26%
        Latency Distribution
        50%  803.11ms
        75%    1.01s
        90%    1.24s
        99%    1.70s
        20000 requests in 1.02m, 3.03MB read
        Requests/sec:    327.87
        Transfer/sec:     50.91KB
        ------------------------------
        stop time: 33.407514
        stop time: 33.426953
        stop time: 34.133844
        stop time: 34.117691
        stop time: 33.437234
        stop time: 34.121074
        stop time: 34.381587
        stop time: 34.365142
        [run.sh] Test finished with status 0
        > STDERR
        > No resources found in default namespace.
    [exp] Times: [33.407514, 33.426953, 34.133844, 34.117691, 33.437234, 34.121074, 34.381587, 34.365142]
    [exp] Throughput: 589.5552063529998
[test.py] Finished running 0th optmization experiment: groundtruth->1701.074983704233, slowdown->589.5552063529998, predicted->1310.6950198725533, err->-22.949015626671244
[test.py] Running 1th optmization experiment
[test.py] Running 1th groundtruth exp
    [exp] Running (pre_run: False) workload synthetic/dag-cross-grpc-async request with the following configuration: {'CLIENT_CPU_QUOTA': '2', 'SLOWPOKE_POKER_BATCH_THRESHOLD': '20000000', 'PROCESSING_TIME_SERVICE2': '0.000466', 'PROCESSING_TIME_SERVICE0': '0.00062891', 'PROCESSING_TIME_SERVICE1': '0.00054084', 'PROCESSING_TIME_SERVICE3': '0.00049938', 'PROCESSING_TIME_SERVICE4': '8.224e-05', 'SLOWPOKE_DELAY_MICROS_SERVICE2': '0.0', 'SLOWPOKE_POKER_BATCH_THRESHOLD_SERVICE2': '100', 'SLOWPOKE_IS_TARGET_SERVICE_SERVICE2': 'true', 'SLOWPOKE_NEIGHBORS_SERVICE2': 'service0:service3:service4', 'SLOWPOKE_DELAY_MICROS_SERVICE0': '0.0', 'SLOWPOKE_POKER_BATCH_THRESHOLD_SERVICE0': '100', 'SLOWPOKE_IS_TARGET_SERVICE_SERVICE0': 'false', 'SLOWPOKE_NEIGHBORS_SERVICE0': 'service1:service2:service3:service4', 'SLOWPOKE_DELAY_MICROS_SERVICE1': '0.0', 'SLOWPOKE_POKER_BATCH_THRESHOLD_SERVICE1': '100', 'SLOWPOKE_IS_TARGET_SERVICE_SERVICE1': 'false', 'SLOWPOKE_NEIGHBORS_SERVICE1': 'service0:service4', 'SLOWPOKE_DELAY_MICROS_SERVICE3': '0.0', 'SLOWPOKE_POKER_BATCH_THRESHOLD_SERVICE3': '100', 'SLOWPOKE_IS_TARGET_SERVICE_SERVICE3': 'false', 'SLOWPOKE_NEIGHBORS_SERVICE3': 'service0:service2', 'SLOWPOKE_DELAY_MICROS_SERVICE4': '0.0', 'SLOWPOKE_POKER_BATCH_THRESHOLD_SERVICE4': '100', 'SLOWPOKE_IS_TARGET_SERVICE_SERVICE4': 'false', 'SLOWPOKE_NEIGHBORS_SERVICE4': 'service0:service1:service2'}
    [exp] Executing cmd `bash run.sh synthetic dag-cross-grpc-async 8 512 20000`:
        [run.sh] Running benchmark synthetic with request dag-cross-grpc-async, thread 8, conn 512, duration 60
        [run.sh] Deleting all services
        configmap "config-service0" deleted
        deployment.apps "service0" deleted
        service "service0" deleted
        configmap "config-service1" deleted
        deployment.apps "service1" deleted
        service "service1" deleted
        configmap "config-service2" deleted
        deployment.apps "service2" deleted
        service "service2" deleted
        configmap "config-service3" deleted
        deployment.apps "service3" deleted
        service "service3" deleted
        configmap "config-service4" deleted
        deployment.apps "service4" deleted
        service "service4" deleted
        deployment.apps "ubuntu-client" deleted
        [run.sh] Waiting for all pods to be deleted
        [run.sh] Deploying all services
        configmap/config-service0 created
        deployment.apps/service0 created
        service/service0 created
        configmap/config-service1 created
        deployment.apps/service1 created
        service/service1 created
        configmap/config-service2 created
        deployment.apps/service2 created
        service/service2 created
        configmap/config-service3 created
        deployment.apps/service3 created
        service/service3 created
        configmap/config-service4 created
        deployment.apps/service4 created
        service/service4 created
        [run.sh] Client pod not found, deploying client
        deployment.apps/ubuntu-client created
        [run.sh] Waiting for all pods to be running
        [run.sh] All pods are running
        [run.sh] Checking heartbeat for all services
        [run.sh] Running warmup test
        [run.sh] /wrk/wrk -t8 -c512 --timeout 3s -d3s -L http://service0:80/endpoint1
        Running 3s test @ http://service0:80/endpoint1
        8 threads and 512 connections
        Thread Stats   Avg      Stdev     Max   +/- Stdev
        Latency   399.61ms  170.79ms 913.73ms   66.26%
        Req/Sec   165.16    118.78   500.00     67.46%
        Latency Distribution
        50%  359.94ms
        75%  515.34ms
        90%  685.47ms
        99%  798.40ms
        3545 requests in 3.03s, 550.44KB read
        Requests/sec:   1170.03
        Transfer/sec:    181.67KB
        [run.sh] Speed is 1170.03, duration is 25
        [run.sh] Fix the request number.
        [run.sh] Running the actual test
        [run.sh] /wrk/wrk --timeout 20s -t8 -c512 -d25s -L -s /wrk/fix_req_n.lua http://service0:80/endpoint1
        Running 25s test @ http://service0:80/endpoint1
        8 threads and 512 connections
        Thread Stats   Avg      Stdev     Max   +/- Stdev
        Latency   376.42ms  150.45ms   1.34s    68.06%
        Req/Sec   172.26    110.40   545.00     64.65%
        Latency Distribution
        50%  350.95ms
        75%  477.35ms
        90%  581.82ms
        99%  768.21ms
        20000 requests in 25.00s, 3.03MB read
        Requests/sec:    800.00
        Transfer/sec:    124.22KB
        ------------------------------
        stop time: 14.812512
        stop time: 14.750180
        stop time: 15.034490
        stop time: 15.063335
        stop time: 15.070170
        stop time: 14.953583
        stop time: 15.011226
        stop time: 15.045410
        [run.sh] Checking the resource usage
        NAME                        CPU(cores)   MEMORY(bytes)
        service1-5d7968f8f8-n7zhj   212m         13Mi
        service3-6bd5d68ffb-9zzkj   1m           15Mi
        [run.sh] Test finished with status 0
        > STDERR
        > No resources found in default namespace.
    [exp] Times: [14.812512, 14.75018, 15.03449, 15.063335, 15.07017, 14.953583, 15.011226, 15.04541]
    [exp] Throughput: 1336.2183847180845
[test.py] Running 1th slowdown exp
    [exp] Running (pre_run: False) workload synthetic/dag-cross-grpc-async request with the following configuration: {'CLIENT_CPU_QUOTA': '2', 'SLOWPOKE_POKER_BATCH_THRESHOLD': '20000000', 'PROCESSING_TIME_SERVICE2': '0.00093324', 'PROCESSING_TIME_SERVICE0': '0.00062891', 'PROCESSING_TIME_SERVICE1': '0.00054084', 'PROCESSING_TIME_SERVICE3': '0.00049938', 'PROCESSING_TIME_SERVICE4': '8.224e-05', 'SLOWPOKE_DELAY_MICROS_SERVICE2': '233.5', 'SLOWPOKE_POKER_BATCH_THRESHOLD_SERVICE2': '100', 'SLOWPOKE_IS_TARGET_SERVICE_SERVICE2': 'true', 'SLOWPOKE_NEIGHBORS_SERVICE2': 'service0:service3:service4', 'SLOWPOKE_DELAY_MICROS_SERVICE0': '467.0', 'SLOWPOKE_POKER_BATCH_THRESHOLD_SERVICE0': '100', 'SLOWPOKE_IS_TARGET_SERVICE_SERVICE0': 'false', 'SLOWPOKE_NEIGHBORS_SERVICE0': 'service1:service2:service3:service4', 'SLOWPOKE_DELAY_MICROS_SERVICE1': '467.0', 'SLOWPOKE_POKER_BATCH_THRESHOLD_SERVICE1': '100', 'SLOWPOKE_IS_TARGET_SERVICE_SERVICE1': 'false', 'SLOWPOKE_NEIGHBORS_SERVICE1': 'service0:service4', 'SLOWPOKE_DELAY_MICROS_SERVICE3': '467.0', 'SLOWPOKE_POKER_BATCH_THRESHOLD_SERVICE3': '100', 'SLOWPOKE_IS_TARGET_SERVICE_SERVICE3': 'false', 'SLOWPOKE_NEIGHBORS_SERVICE3': 'service0:service2', 'SLOWPOKE_DELAY_MICROS_SERVICE4': '116.5', 'SLOWPOKE_POKER_BATCH_THRESHOLD_SERVICE4': '100', 'SLOWPOKE_IS_TARGET_SERVICE_SERVICE4': 'false', 'SLOWPOKE_NEIGHBORS_SERVICE4': 'service0:service1:service2'}
    [exp] Executing cmd `bash run.sh synthetic dag-cross-grpc-async 8 512 20000`:
        [run.sh] Running benchmark synthetic with request dag-cross-grpc-async, thread 8, conn 512, duration 60
        [run.sh] Deleting all services
        configmap "config-service0" deleted
        deployment.apps "service0" deleted
        service "service0" deleted
        configmap "config-service1" deleted
        deployment.apps "service1" deleted
        service "service1" deleted
        configmap "config-service2" deleted
        deployment.apps "service2" deleted
        service "service2" deleted
        configmap "config-service3" deleted
        deployment.apps "service3" deleted
        service "service3" deleted
        configmap "config-service4" deleted
        deployment.apps "service4" deleted
        service "service4" deleted
        deployment.apps "ubuntu-client" deleted
        [run.sh] Waiting for all pods to be deleted
        [run.sh] Deploying all services
        configmap/config-service0 created
        deployment.apps/service0 created
        service/service0 created
        configmap/config-service1 created
        deployment.apps/service1 created
        service/service1 created
        configmap/config-service2 created
        deployment.apps/service2 created
        service/service2 created
        configmap/config-service3 created
        deployment.apps/service3 created
        service/service3 created
        configmap/config-service4 created
        deployment.apps/service4 created
        service/service4 created
        [run.sh] Client pod not found, deploying client
        deployment.apps/ubuntu-client created
        [run.sh] Waiting for all pods to be running
        [run.sh] All pods are running
        [run.sh] Checking heartbeat for all services
        [run.sh] Running warmup test
        [run.sh] /wrk/wrk -t8 -c512 --timeout 3s -d3s -L http://service0:80/endpoint1
        Running 3s test @ http://service0:80/endpoint1
        8 threads and 512 connections
        Thread Stats   Avg      Stdev     Max   +/- Stdev
        Latency   651.54ms  239.23ms   1.49s    70.11%
        Req/Sec   112.98     98.06   460.00     68.60%
        Latency Distribution
        50%  590.47ms
        75%  836.12ms
        90%    1.02s
        99%    1.36s
        2084 requests in 3.02s, 323.59KB read
        Requests/sec:    689.03
        Transfer/sec:    106.99KB
        [run.sh] Speed is 689.03, duration is 43
        [run.sh] Fix the request number.
        [run.sh] Running the actual test
        [run.sh] /wrk/wrk --timeout 20s -t8 -c512 -d43s -L -s /wrk/fix_req_n.lua http://service0:80/endpoint1
