[config.py] Random numbers for execution time: [300.0, 300.0, 300.0, 300.0, 300.0, 300.0, 300.0, 300.0, 300.0, 300.0, 300.0, 300.0, 300.0, 300.0, 300.0, 300.0, 300.0, 300.0, 300.0, 300.0, 300.0, 300.0, 300.0, 300.0, 300.0, 300.0, 300.0, 300.0, 300.0, 300.0, 300.0, 300.0, 300.0, 300.0, 300.0, 300.0, 300.0, 300.0, 300.0, 300.0, 300.0, 300.0, 300.0]
benchmark                        : synthetic
num_threads                      : 8
num_conns                        : 64
target_service                   : service4
request_type                     : large-scale
repetitions                      : 5
target_num_exp                   : 10
pre_run                          : False
num_req                          : 10000
groundtruths                     : []
slowdowns                        : []
predicteds                       : []
errs                             : []
poker_batch_req                  : 100
client_cpu_quota                 : 2
random_seed                      : 29796
request_ratio                    : {'service0': 1, 'service1': 1, 'service2': 1, 'service3': 1, 'service4': 1, 'service5': 1, 'service6': 1, 'service7': 1, 'service8': 1, 'service9': 1, 'service10': 1, 'service11': 1, 'service12': 1, 'service13': 1, 'service14': 1, 'service15': 1, 'service16': 1, 'service17': 1, 'service18': 1, 'service19': 1, 'service20': 1, 'service21': 1, 'service22': 1, 'service23': 1, 'service24': 1, 'service25': 1, 'service26': 1, 'service27': 1, 'service28': 1, 'service29': 1, 'service30': 1, 'service31': 1, 'service32': 1, 'service33': 1, 'service34': 1, 'service35': 1, 'service36': 1, 'service37': 1, 'service38': 1, 'service39': 1, 'service40': 1, 'service41': 1, 'service42': 1}
baseline_service_processing_time : {'service4': 600.0, 'service0': 300.0, 'service1': 300.0, 'service2': 300.0, 'service3': 300.0, 'service5': 300.0, 'service6': 300.0, 'service7': 300.0, 'service8': 300.0, 'service9': 300.0, 'service10': 300.0, 'service11': 300.0, 'service12': 300.0, 'service13': 300.0, 'service14': 300.0, 'service15': 300.0, 'service16': 300.0, 'service17': 300.0, 'service18': 300.0, 'service19': 300.0, 'service20': 300.0, 'service21': 300.0, 'service22': 300.0, 'service23': 300.0, 'service24': 300.0, 'service25': 300.0, 'service26': 300.0, 'service27': 300.0, 'service28': 300.0, 'service29': 300.0, 'service30': 300.0, 'service31': 300.0, 'service32': 300.0, 'service33': 300.0, 'service34': 300.0, 'service35': 300.0, 'service36': 300.0, 'service37': 300.0, 'service38': 300.0, 'service39': 300.0, 'service40': 300.0, 'service41': 300.0, 'service42': 300.0}
cpu_quota                        : {'service0': 2, 'service1': 2, 'service2': 2, 'service3': 2, 'service4': 2, 'service5': 2, 'service6': 2, 'service7': 2, 'service8': 2, 'service9': 2, 'service10': 2, 'service11': 2, 'service12': 2, 'service13': 2, 'service14': 2, 'service15': 2, 'service16': 2, 'service17': 2, 'service18': 2, 'service19': 2, 'service20': 2, 'service21': 2, 'service22': 2, 'service23': 2, 'service24': 2, 'service25': 2, 'service26': 2, 'service27': 2, 'service28': 2, 'service29': 2, 'service30': 2, 'service31': 2, 'service32': 2, 'service33': 2, 'service34': 2, 'service35': 2, 'service36': 2, 'service37': 2, 'service38': 2, 'service39': 2, 'service40': 2, 'service41': 2, 'service42': 2}
target_processing_time_range     : [0, 600.0]
baseline_throughputs             : []
poker_batch                      : 20000000
[test.py] Starting experiment...
[test.py] >>>>>>>>>>>>>>>>>>>>>>>>>>>>> Running experiment 0...
[test.py] Actual processing time range: [0, 60, 120, 180, 240, 300, 360, 420, 480, 540]
[test.py] Running baseline experiment
    [exp] Running (pre_run: False) workload synthetic/large-scale request with the following configuration: {'CLIENT_CPU_QUOTA': '2', 'SLOWPOKE_POKER_BATCH_THRESHOLD': '20000000', 'PROCESSING_TIME_SERVICE4': '0.0006', 'PROCESSING_TIME_SERVICE0': '0.0003', 'PROCESSING_TIME_SERVICE1': '0.0003', 'PROCESSING_TIME_SERVICE2': '0.0003', 'PROCESSING_TIME_SERVICE3': '0.0003', 'PROCESSING_TIME_SERVICE5': '0.0003', 'PROCESSING_TIME_SERVICE6': '0.0003', 'PROCESSING_TIME_SERVICE7': '0.0003', 'PROCESSING_TIME_SERVICE8': '0.0003', 'PROCESSING_TIME_SERVICE9': '0.0003', 'PROCESSING_TIME_SERVICE10': '0.0003', 'PROCESSING_TIME_SERVICE11': '0.0003', 'PROCESSING_TIME_SERVICE12': '0.0003', 'PROCESSING_TIME_SERVICE13': '0.0003', 'PROCESSING_TIME_SERVICE14': '0.0003', 'PROCESSING_TIME_SERVICE15': '0.0003', 'PROCESSING_TIME_SERVICE16': '0.0003', 'PROCESSING_TIME_SERVICE17': '0.0003', 'PROCESSING_TIME_SERVICE18': '0.0003', 'PROCESSING_TIME_SERVICE19': '0.0003', 'PROCESSING_TIME_SERVICE20': '0.0003', 'PROCESSING_TIME_SERVICE21': '0.0003', 'PROCESSING_TIME_SERVICE22': '0.0003', 'PROCESSING_TIME_SERVICE23': '0.0003', 'PROCESSING_TIME_SERVICE24': '0.0003', 'PROCESSING_TIME_SERVICE25': '0.0003', 'PROCESSING_TIME_SERVICE26': '0.0003', 'PROCESSING_TIME_SERVICE27': '0.0003', 'PROCESSING_TIME_SERVICE28': '0.0003', 'PROCESSING_TIME_SERVICE29': '0.0003', 'PROCESSING_TIME_SERVICE30': '0.0003', 'PROCESSING_TIME_SERVICE31': '0.0003', 'PROCESSING_TIME_SERVICE32': '0.0003', 'PROCESSING_TIME_SERVICE33': '0.0003', 'PROCESSING_TIME_SERVICE34': '0.0003', 'PROCESSING_TIME_SERVICE35': '0.0003', 'PROCESSING_TIME_SERVICE36': '0.0003', 'PROCESSING_TIME_SERVICE37': '0.0003', 'PROCESSING_TIME_SERVICE38': '0.0003', 'PROCESSING_TIME_SERVICE39': '0.0003', 'PROCESSING_TIME_SERVICE40': '0.0003', 'PROCESSING_TIME_SERVICE41': '0.0003', 'PROCESSING_TIME_SERVICE42': '0.0003', 'SLOWPOKE_DELAY_MICROS_SERVICE4': '0.0', 'SLOWPOKE_POKER_BATCH_THRESHOLD_SERVICE4': '100', 'SLOWPOKE_IS_TARGET_SERVICE_SERVICE4': 'true', 'SLOWPOKE_DELAY_MICROS_SERVICE0': '0.0', 'SLOWPOKE_POKER_BATCH_THRESHOLD_SERVICE0': '100', 'SLOWPOKE_IS_TARGET_SERVICE_SERVICE0': 'false', 'SLOWPOKE_DELAY_MICROS_SERVICE1': '0.0', 'SLOWPOKE_POKER_BATCH_THRESHOLD_SERVICE1': '100', 'SLOWPOKE_IS_TARGET_SERVICE_SERVICE1': 'false', 'SLOWPOKE_DELAY_MICROS_SERVICE2': '0.0', 'SLOWPOKE_POKER_BATCH_THRESHOLD_SERVICE2': '100', 'SLOWPOKE_IS_TARGET_SERVICE_SERVICE2': 'false', 'SLOWPOKE_DELAY_MICROS_SERVICE3': '0.0', 'SLOWPOKE_POKER_BATCH_THRESHOLD_SERVICE3': '100', 'SLOWPOKE_IS_TARGET_SERVICE_SERVICE3': 'false', 'SLOWPOKE_DELAY_MICROS_SERVICE5': '0.0', 'SLOWPOKE_POKER_BATCH_THRESHOLD_SERVICE5': '100', 'SLOWPOKE_IS_TARGET_SERVICE_SERVICE5': 'false', 'SLOWPOKE_DELAY_MICROS_SERVICE6': '0.0', 'SLOWPOKE_POKER_BATCH_THRESHOLD_SERVICE6': '100', 'SLOWPOKE_IS_TARGET_SERVICE_SERVICE6': 'false', 'SLOWPOKE_DELAY_MICROS_SERVICE7': '0.0', 'SLOWPOKE_POKER_BATCH_THRESHOLD_SERVICE7': '100', 'SLOWPOKE_IS_TARGET_SERVICE_SERVICE7': 'false', 'SLOWPOKE_DELAY_MICROS_SERVICE8': '0.0', 'SLOWPOKE_POKER_BATCH_THRESHOLD_SERVICE8': '100', 'SLOWPOKE_IS_TARGET_SERVICE_SERVICE8': 'false', 'SLOWPOKE_DELAY_MICROS_SERVICE9': '0.0', 'SLOWPOKE_POKER_BATCH_THRESHOLD_SERVICE9': '100', 'SLOWPOKE_IS_TARGET_SERVICE_SERVICE9': 'false', 'SLOWPOKE_DELAY_MICROS_SERVICE10': '0.0', 'SLOWPOKE_POKER_BATCH_THRESHOLD_SERVICE10': '100', 'SLOWPOKE_IS_TARGET_SERVICE_SERVICE10': 'false', 'SLOWPOKE_DELAY_MICROS_SERVICE11': '0.0', 'SLOWPOKE_POKER_BATCH_THRESHOLD_SERVICE11': '100', 'SLOWPOKE_IS_TARGET_SERVICE_SERVICE11': 'false', 'SLOWPOKE_DELAY_MICROS_SERVICE12': '0.0', 'SLOWPOKE_POKER_BATCH_THRESHOLD_SERVICE12': '100', 'SLOWPOKE_IS_TARGET_SERVICE_SERVICE12': 'false', 'SLOWPOKE_DELAY_MICROS_SERVICE13': '0.0', 'SLOWPOKE_POKER_BATCH_THRESHOLD_SERVICE13': '100', 'SLOWPOKE_IS_TARGET_SERVICE_SERVICE13': 'false', 'SLOWPOKE_DELAY_MICROS_SERVICE14': '0.0', 'SLOWPOKE_POKER_BATCH_THRESHOLD_SERVICE14': '100', 'SLOWPOKE_IS_TARGET_SERVICE_SERVICE14': 'false', 'SLOWPOKE_DELAY_MICROS_SERVICE15': '0.0', 'SLOWPOKE_POKER_BATCH_THRESHOLD_SERVICE15': '100', 'SLOWPOKE_IS_TARGET_SERVICE_SERVICE15': 'false', 'SLOWPOKE_DELAY_MICROS_SERVICE16': '0.0', 'SLOWPOKE_POKER_BATCH_THRESHOLD_SERVICE16': '100', 'SLOWPOKE_IS_TARGET_SERVICE_SERVICE16': 'false', 'SLOWPOKE_DELAY_MICROS_SERVICE17': '0.0', 'SLOWPOKE_POKER_BATCH_THRESHOLD_SERVICE17': '100', 'SLOWPOKE_IS_TARGET_SERVICE_SERVICE17': 'false', 'SLOWPOKE_DELAY_MICROS_SERVICE18': '0.0', 'SLOWPOKE_POKER_BATCH_THRESHOLD_SERVICE18': '100', 'SLOWPOKE_IS_TARGET_SERVICE_SERVICE18': 'false', 'SLOWPOKE_DELAY_MICROS_SERVICE19': '0.0', 'SLOWPOKE_POKER_BATCH_THRESHOLD_SERVICE19': '100', 'SLOWPOKE_IS_TARGET_SERVICE_SERVICE19': 'false', 'SLOWPOKE_DELAY_MICROS_SERVICE20': '0.0', 'SLOWPOKE_POKER_BATCH_THRESHOLD_SERVICE20': '100', 'SLOWPOKE_IS_TARGET_SERVICE_SERVICE20': 'false', 'SLOWPOKE_DELAY_MICROS_SERVICE21': '0.0', 'SLOWPOKE_POKER_BATCH_THRESHOLD_SERVICE21': '100', 'SLOWPOKE_IS_TARGET_SERVICE_SERVICE21': 'false', 'SLOWPOKE_DELAY_MICROS_SERVICE22': '0.0', 'SLOWPOKE_POKER_BATCH_THRESHOLD_SERVICE22': '100', 'SLOWPOKE_IS_TARGET_SERVICE_SERVICE22': 'false', 'SLOWPOKE_DELAY_MICROS_SERVICE23': '0.0', 'SLOWPOKE_POKER_BATCH_THRESHOLD_SERVICE23': '100', 'SLOWPOKE_IS_TARGET_SERVICE_SERVICE23': 'false', 'SLOWPOKE_DELAY_MICROS_SERVICE24': '0.0', 'SLOWPOKE_POKER_BATCH_THRESHOLD_SERVICE24': '100', 'SLOWPOKE_IS_TARGET_SERVICE_SERVICE24': 'false', 'SLOWPOKE_DELAY_MICROS_SERVICE25': '0.0', 'SLOWPOKE_POKER_BATCH_THRESHOLD_SERVICE25': '100', 'SLOWPOKE_IS_TARGET_SERVICE_SERVICE25': 'false', 'SLOWPOKE_DELAY_MICROS_SERVICE26': '0.0', 'SLOWPOKE_POKER_BATCH_THRESHOLD_SERVICE26': '100', 'SLOWPOKE_IS_TARGET_SERVICE_SERVICE26': 'false', 'SLOWPOKE_DELAY_MICROS_SERVICE27': '0.0', 'SLOWPOKE_POKER_BATCH_THRESHOLD_SERVICE27': '100', 'SLOWPOKE_IS_TARGET_SERVICE_SERVICE27': 'false', 'SLOWPOKE_DELAY_MICROS_SERVICE28': '0.0', 'SLOWPOKE_POKER_BATCH_THRESHOLD_SERVICE28': '100', 'SLOWPOKE_IS_TARGET_SERVICE_SERVICE28': 'false', 'SLOWPOKE_DELAY_MICROS_SERVICE29': '0.0', 'SLOWPOKE_POKER_BATCH_THRESHOLD_SERVICE29': '100', 'SLOWPOKE_IS_TARGET_SERVICE_SERVICE29': 'false', 'SLOWPOKE_DELAY_MICROS_SERVICE30': '0.0', 'SLOWPOKE_POKER_BATCH_THRESHOLD_SERVICE30': '100', 'SLOWPOKE_IS_TARGET_SERVICE_SERVICE30': 'false', 'SLOWPOKE_DELAY_MICROS_SERVICE31': '0.0', 'SLOWPOKE_POKER_BATCH_THRESHOLD_SERVICE31': '100', 'SLOWPOKE_IS_TARGET_SERVICE_SERVICE31': 'false', 'SLOWPOKE_DELAY_MICROS_SERVICE32': '0.0', 'SLOWPOKE_POKER_BATCH_THRESHOLD_SERVICE32': '100', 'SLOWPOKE_IS_TARGET_SERVICE_SERVICE32': 'false', 'SLOWPOKE_DELAY_MICROS_SERVICE33': '0.0', 'SLOWPOKE_POKER_BATCH_THRESHOLD_SERVICE33': '100', 'SLOWPOKE_IS_TARGET_SERVICE_SERVICE33': 'false', 'SLOWPOKE_DELAY_MICROS_SERVICE34': '0.0', 'SLOWPOKE_POKER_BATCH_THRESHOLD_SERVICE34': '100', 'SLOWPOKE_IS_TARGET_SERVICE_SERVICE34': 'false', 'SLOWPOKE_DELAY_MICROS_SERVICE35': '0.0', 'SLOWPOKE_POKER_BATCH_THRESHOLD_SERVICE35': '100', 'SLOWPOKE_IS_TARGET_SERVICE_SERVICE35': 'false', 'SLOWPOKE_DELAY_MICROS_SERVICE36': '0.0', 'SLOWPOKE_POKER_BATCH_THRESHOLD_SERVICE36': '100', 'SLOWPOKE_IS_TARGET_SERVICE_SERVICE36': 'false', 'SLOWPOKE_DELAY_MICROS_SERVICE37': '0.0', 'SLOWPOKE_POKER_BATCH_THRESHOLD_SERVICE37': '100', 'SLOWPOKE_IS_TARGET_SERVICE_SERVICE37': 'false', 'SLOWPOKE_DELAY_MICROS_SERVICE38': '0.0', 'SLOWPOKE_POKER_BATCH_THRESHOLD_SERVICE38': '100', 'SLOWPOKE_IS_TARGET_SERVICE_SERVICE38': 'false', 'SLOWPOKE_DELAY_MICROS_SERVICE39': '0.0', 'SLOWPOKE_POKER_BATCH_THRESHOLD_SERVICE39': '100', 'SLOWPOKE_IS_TARGET_SERVICE_SERVICE39': 'false', 'SLOWPOKE_DELAY_MICROS_SERVICE40': '0.0', 'SLOWPOKE_POKER_BATCH_THRESHOLD_SERVICE40': '100', 'SLOWPOKE_IS_TARGET_SERVICE_SERVICE40': 'false', 'SLOWPOKE_DELAY_MICROS_SERVICE41': '0.0', 'SLOWPOKE_POKER_BATCH_THRESHOLD_SERVICE41': '100', 'SLOWPOKE_IS_TARGET_SERVICE_SERVICE41': 'false', 'SLOWPOKE_DELAY_MICROS_SERVICE42': '0.0', 'SLOWPOKE_POKER_BATCH_THRESHOLD_SERVICE42': '100', 'SLOWPOKE_IS_TARGET_SERVICE_SERVICE42': 'false'}
    [exp] Executing cmd `bash run.sh synthetic large-scale 8 64 10000`:
        [run.sh] Running benchmark synthetic with request large-scale, thread 8, conn 64, duration 60
        [run.sh] Deleting all services
        configmap "config-service0" deleted
        deployment.apps "service0" deleted
        service "service0" deleted
        configmap "config-service1" deleted
        deployment.apps "service1" deleted
        service "service1" deleted
        configmap "config-service10" deleted
        deployment.apps "service10" deleted
        service "service10" deleted
        configmap "config-service11" deleted
        deployment.apps "service11" deleted
        service "service11" deleted
        configmap "config-service12" deleted
        deployment.apps "service12" deleted
        service "service12" deleted
        configmap "config-service13" deleted
        deployment.apps "service13" deleted
        service "service13" deleted
        configmap "config-service14" deleted
        deployment.apps "service14" deleted
        service "service14" deleted
        configmap "config-service15" deleted
        deployment.apps "service15" deleted
        service "service15" deleted
        configmap "config-service16" deleted
        deployment.apps "service16" deleted
        service "service16" deleted
        configmap "config-service17" deleted
        deployment.apps "service17" deleted
        service "service17" deleted
        configmap "config-service18" deleted
        deployment.apps "service18" deleted
        service "service18" deleted
        configmap "config-service19" deleted
        deployment.apps "service19" deleted
        service "service19" deleted
        configmap "config-service2" deleted
        deployment.apps "service2" deleted
        service "service2" deleted
        configmap "config-service20" deleted
        deployment.apps "service20" deleted
        service "service20" deleted
        configmap "config-service21" deleted
        deployment.apps "service21" deleted
        service "service21" deleted
        configmap "config-service22" deleted
        deployment.apps "service22" deleted
        service "service22" deleted
        configmap "config-service23" deleted
        deployment.apps "service23" deleted
        service "service23" deleted
        configmap "config-service24" deleted
        deployment.apps "service24" deleted
        service "service24" deleted
        configmap "config-service25" deleted
        deployment.apps "service25" deleted
        service "service25" deleted
        configmap "config-service26" deleted
        deployment.apps "service26" deleted
        service "service26" deleted
        configmap "config-service27" deleted
        deployment.apps "service27" deleted
        service "service27" deleted
        configmap "config-service28" deleted
        deployment.apps "service28" deleted
        service "service28" deleted
        configmap "config-service29" deleted
        deployment.apps "service29" deleted
        service "service29" deleted
        configmap "config-service3" deleted
        deployment.apps "service3" deleted
        service "service3" deleted
        configmap "config-service30" deleted
        deployment.apps "service30" deleted
        service "service30" deleted
        configmap "config-service31" deleted
        deployment.apps "service31" deleted
        service "service31" deleted
        configmap "config-service32" deleted
        deployment.apps "service32" deleted
        service "service32" deleted
        configmap "config-service33" deleted
        deployment.apps "service33" deleted
        service "service33" deleted
        configmap "config-service34" deleted
        deployment.apps "service34" deleted
        service "service34" deleted
        configmap "config-service35" deleted
        deployment.apps "service35" deleted
        service "service35" deleted
        configmap "config-service36" deleted
        deployment.apps "service36" deleted
        service "service36" deleted
        configmap "config-service37" deleted
        deployment.apps "service37" deleted
        service "service37" deleted
        configmap "config-service38" deleted
        deployment.apps "service38" deleted
        service "service38" deleted
        configmap "config-service39" deleted
        deployment.apps "service39" deleted
        service "service39" deleted
        configmap "config-service4" deleted
        deployment.apps "service4" deleted
        service "service4" deleted
        configmap "config-service40" deleted
        deployment.apps "service40" deleted
        service "service40" deleted
        configmap "config-service41" deleted
        deployment.apps "service41" deleted
        service "service41" deleted
        configmap "config-service42" deleted
        deployment.apps "service42" deleted
        service "service42" deleted
        configmap "config-service5" deleted
        deployment.apps "service5" deleted
        service "service5" deleted
        configmap "config-service6" deleted
        deployment.apps "service6" deleted
        service "service6" deleted
        configmap "config-service7" deleted
        deployment.apps "service7" deleted
        service "service7" deleted
        configmap "config-service8" deleted
        deployment.apps "service8" deleted
        service "service8" deleted
        configmap "config-service9" deleted
        deployment.apps "service9" deleted
        service "service9" deleted
        deployment.apps "ubuntu-client" deleted
        [run.sh] Waiting for all pods to be deleted
        [run.sh] Deploying all services
        configmap/config-service0 created
        deployment.apps/service0 created
        service/service0 created
        configmap/config-service1 created
        deployment.apps/service1 created
        service/service1 created
        configmap/config-service10 created
        deployment.apps/service10 created
        service/service10 created
        configmap/config-service11 created
        deployment.apps/service11 created
        service/service11 created
        configmap/config-service12 created
        deployment.apps/service12 created
        service/service12 created
        configmap/config-service13 created
        deployment.apps/service13 created
        service/service13 created
        configmap/config-service14 created
        deployment.apps/service14 created
        service/service14 created
        configmap/config-service15 created
        deployment.apps/service15 created
        service/service15 created
        configmap/config-service16 created
        deployment.apps/service16 created
        service/service16 created
        configmap/config-service17 created
        deployment.apps/service17 created
        service/service17 created
        configmap/config-service18 created
        deployment.apps/service18 created
        service/service18 created
        configmap/config-service19 created
        deployment.apps/service19 created
        service/service19 created
        configmap/config-service2 created
        deployment.apps/service2 created
        service/service2 created
        configmap/config-service20 created
        deployment.apps/service20 created
        service/service20 created
        configmap/config-service21 created
        deployment.apps/service21 created
        service/service21 created
        configmap/config-service22 created
        deployment.apps/service22 created
        service/service22 created
        configmap/config-service23 created
        deployment.apps/service23 created
        service/service23 created
        configmap/config-service24 created
        deployment.apps/service24 created
        service/service24 created
        configmap/config-service25 created
        deployment.apps/service25 created
        service/service25 created
        configmap/config-service26 created
        deployment.apps/service26 created
        service/service26 created
        configmap/config-service27 created
        deployment.apps/service27 created
        service/service27 created
        configmap/config-service28 created
        deployment.apps/service28 created
        service/service28 created
        configmap/config-service29 created
        deployment.apps/service29 created
        service/service29 created
        configmap/config-service3 created
        deployment.apps/service3 created
        service/service3 created
        configmap/config-service30 created
        deployment.apps/service30 created
        service/service30 created
        configmap/config-service31 created
        deployment.apps/service31 created
        service/service31 created
        configmap/config-service32 created
        deployment.apps/service32 created
        service/service32 created
        configmap/config-service33 created
        deployment.apps/service33 created
        service/service33 created
        configmap/config-service34 created
        deployment.apps/service34 created
        service/service34 created
        configmap/config-service35 created
        deployment.apps/service35 created
        service/service35 created
        configmap/config-service36 created
        deployment.apps/service36 created
        service/service36 created
        configmap/config-service37 created
        deployment.apps/service37 created
        service/service37 created
        configmap/config-service38 created
        deployment.apps/service38 created
        service/service38 created
        configmap/config-service39 created
        deployment.apps/service39 created
        service/service39 created
        configmap/config-service4 created
        deployment.apps/service4 created
        service/service4 created
        configmap/config-service40 created
        deployment.apps/service40 created
        service/service40 created
        configmap/config-service41 created
        deployment.apps/service41 created
        service/service41 created
        configmap/config-service42 created
        deployment.apps/service42 created
        service/service42 created
        configmap/config-service5 created
        deployment.apps/service5 created
        service/service5 created
        configmap/config-service6 created
        deployment.apps/service6 created
        service/service6 created
        configmap/config-service7 created
        deployment.apps/service7 created
        service/service7 created
        configmap/config-service8 created
        deployment.apps/service8 created
        service/service8 created
        configmap/config-service9 created
        deployment.apps/service9 created
        service/service9 created
        [run.sh] Client pod not found, deploying client
        deployment.apps/ubuntu-client created
        [run.sh] Waiting for all pods to be running
        [run.sh] All pods are running
        [run.sh] Running warmup test
        [run.sh] /wrk/wrk -t8 -c64 --timeout 10s -d10s -L http://service0:80/endpoint1
        Running 10s test @ http://service0:80/endpoint1
        8 threads and 64 connections
        Thread Stats   Avg      Stdev     Max   +/- Stdev
        Latency   585.31ms  289.02ms   1.94s    76.28%
        Req/Sec    16.34      9.34    50.00     73.10%
        Latency Distribution
        50%  517.62ms
        75%  707.87ms
        90%  981.03ms
        99%    1.51s
        1082 requests in 10.02s, 168.01KB read
        Requests/sec:    108.00
        Transfer/sec:     16.77KB
        [run.sh] Speed is 108.00, duration is 138
        [run.sh] Fix the request number.
        [run.sh] Running the actual test
        [run.sh] /wrk/wrk --timeout 20s -t8 -c64 -d138s -L -s /wrk/fix_req_n.lua http://service0:80/endpoint1
        [run.sh] Checking the resource usage
        NAME                             CPU(cores)   MEMORY(bytes)
        service0-7d849b8b78-7hd9m        101m         29Mi
        service1-58c95cb96-hj89g         168m         25Mi
        service10-779f75db9b-57kzk       37m          9Mi
        service11-77694fd499-8jrs8       37m          9Mi
        service12-6447457dc8-69zsf       36m          9Mi
        service13-5c69f55c57-h6rqd       35m          9Mi
        service14-797f758f8d-lmt9l       36m          9Mi
        service15-5c6b49dff-lhc92        37m          9Mi
        service16-65bcd889bb-49z9l       35m          9Mi
        service17-79bdf7c489-27btt       35m          9Mi
        service18-74f94764c6-ptgnr       36m          8Mi
        service19-688657cfff-9qnrh       36m          9Mi
        service2-5d59c5bd5d-znncs        130m         27Mi
        service20-5f7ddcb587-sh24m       35m          9Mi
        service21-7c46b45c64-gcbk2       37m          9Mi
        service22-65dbcdbf85-vp2cj       35m          9Mi
        service23-57bd5f778-4gx8p        37m          9Mi
        service24-65c5d55855-7krrx       36m          9Mi
        service25-6478854456-7d4q6       35m          9Mi
        service26-7f84bd9597-rjph2       36m          9Mi
        service27-5b7f877d5d-znx9f       36m          9Mi
        service28-5b86874899-dz8rb       36m          9Mi
        service29-9cd757cf6-f6msw        37m          9Mi
        service3-564487d7d8-vjfmd        50m          26Mi
        service30-64595bbffd-5rszb       37m          8Mi
        service31-566f99bb5c-49fdb       36m          9Mi
        service32-7ccf7d4d7b-hxt67       36m          9Mi
        service33-b75d875f5-7vqb5        36m          9Mi
        service34-5dd485f758-g872h       36m          9Mi
        service35-7f9587457-t6n75        37m          9Mi
        service36-6b8dccfd4d-s8hts       36m          9Mi
        service37-666cbff6bc-zmprj       36m          9Mi
        service38-6468b7674-qfds8        37m          9Mi
        service39-7557f4fddf-7vlhd       36m          9Mi
        service4-6bfbd6d59c-lc4zq        157m         26Mi
        service40-84d95c8665-vrn4l       37m          9Mi
        service41-997449d5d-nkrtr        36m          9Mi
        service42-6c5db85bd-lt6mv        62m          8Mi
        service5-ffd8ccc6-rxncr          134m         27Mi
        service6-6b89db49b6-8qftq        80m          25Mi
        service7-845b5b8588-7fjzm        58m          8Mi
        service8-7c9f97fd46-x96dh        42m          7Mi
        service9-7cb9cf658d-j8glb        37m          9Mi
        ubuntu-client-76886f6bbd-8vswr   7m           0Mi
        Running 2m test @ http://service0:80/endpoint1
        8 threads and 64 connections
        Thread Stats   Avg      Stdev     Max   +/- Stdev
        Latency   525.04ms  231.27ms   2.15s    74.18%
        Req/Sec    16.68      9.32    90.00     74.79%
        Latency Distribution
        50%  481.05ms
        75%  637.47ms
        90%  824.54ms
        99%    1.28s
        10000 requests in 2.30m, 1.52MB read
        Requests/sec:     72.46
        Transfer/sec:     11.25KB
        ------------------------------
        stop time: 82.790992
        stop time: 81.231086
        stop time: 82.675428
        stop time: 82.588891
        stop time: 81.773000
        stop time: 81.901251
        stop time: 82.390356
        stop time: 81.808229
        [run.sh] Test finished with status 0
        > STDERR
        > No resources found in default namespace.
    [exp] Times: [82.790992, 81.231086, 82.675428, 82.588891, 81.773, 81.901251, 82.390356, 81.808229]
    [exp] Throughput: 121.73609679771478
[test.py] Baseline throughput: 121.73609679771478
[test.py] Running 0th optmization experiment
[test.py] Running 0th groundtruth exp
    [exp] Running (pre_run: False) workload synthetic/large-scale request with the following configuration: {'CLIENT_CPU_QUOTA': '2', 'SLOWPOKE_POKER_BATCH_THRESHOLD': '20000000', 'PROCESSING_TIME_SERVICE4': '0.0', 'PROCESSING_TIME_SERVICE0': '0.0003', 'PROCESSING_TIME_SERVICE1': '0.0003', 'PROCESSING_TIME_SERVICE2': '0.0003', 'PROCESSING_TIME_SERVICE3': '0.0003', 'PROCESSING_TIME_SERVICE5': '0.0003', 'PROCESSING_TIME_SERVICE6': '0.0003', 'PROCESSING_TIME_SERVICE7': '0.0003', 'PROCESSING_TIME_SERVICE8': '0.0003', 'PROCESSING_TIME_SERVICE9': '0.0003', 'PROCESSING_TIME_SERVICE10': '0.0003', 'PROCESSING_TIME_SERVICE11': '0.0003', 'PROCESSING_TIME_SERVICE12': '0.0003', 'PROCESSING_TIME_SERVICE13': '0.0003', 'PROCESSING_TIME_SERVICE14': '0.0003', 'PROCESSING_TIME_SERVICE15': '0.0003', 'PROCESSING_TIME_SERVICE16': '0.0003', 'PROCESSING_TIME_SERVICE17': '0.0003', 'PROCESSING_TIME_SERVICE18': '0.0003', 'PROCESSING_TIME_SERVICE19': '0.0003', 'PROCESSING_TIME_SERVICE20': '0.0003', 'PROCESSING_TIME_SERVICE21': '0.0003', 'PROCESSING_TIME_SERVICE22': '0.0003', 'PROCESSING_TIME_SERVICE23': '0.0003', 'PROCESSING_TIME_SERVICE24': '0.0003', 'PROCESSING_TIME_SERVICE25': '0.0003', 'PROCESSING_TIME_SERVICE26': '0.0003', 'PROCESSING_TIME_SERVICE27': '0.0003', 'PROCESSING_TIME_SERVICE28': '0.0003', 'PROCESSING_TIME_SERVICE29': '0.0003', 'PROCESSING_TIME_SERVICE30': '0.0003', 'PROCESSING_TIME_SERVICE31': '0.0003', 'PROCESSING_TIME_SERVICE32': '0.0003', 'PROCESSING_TIME_SERVICE33': '0.0003', 'PROCESSING_TIME_SERVICE34': '0.0003', 'PROCESSING_TIME_SERVICE35': '0.0003', 'PROCESSING_TIME_SERVICE36': '0.0003', 'PROCESSING_TIME_SERVICE37': '0.0003', 'PROCESSING_TIME_SERVICE38': '0.0003', 'PROCESSING_TIME_SERVICE39': '0.0003', 'PROCESSING_TIME_SERVICE40': '0.0003', 'PROCESSING_TIME_SERVICE41': '0.0003', 'PROCESSING_TIME_SERVICE42': '0.0003', 'SLOWPOKE_DELAY_MICROS_SERVICE4': '0.0', 'SLOWPOKE_POKER_BATCH_THRESHOLD_SERVICE4': '100', 'SLOWPOKE_IS_TARGET_SERVICE_SERVICE4': 'true', 'SLOWPOKE_DELAY_MICROS_SERVICE0': '0.0', 'SLOWPOKE_POKER_BATCH_THRESHOLD_SERVICE0': '100', 'SLOWPOKE_IS_TARGET_SERVICE_SERVICE0': 'false', 'SLOWPOKE_DELAY_MICROS_SERVICE1': '0.0', 'SLOWPOKE_POKER_BATCH_THRESHOLD_SERVICE1': '100', 'SLOWPOKE_IS_TARGET_SERVICE_SERVICE1': 'false', 'SLOWPOKE_DELAY_MICROS_SERVICE2': '0.0', 'SLOWPOKE_POKER_BATCH_THRESHOLD_SERVICE2': '100', 'SLOWPOKE_IS_TARGET_SERVICE_SERVICE2': 'false', 'SLOWPOKE_DELAY_MICROS_SERVICE3': '0.0', 'SLOWPOKE_POKER_BATCH_THRESHOLD_SERVICE3': '100', 'SLOWPOKE_IS_TARGET_SERVICE_SERVICE3': 'false', 'SLOWPOKE_DELAY_MICROS_SERVICE5': '0.0', 'SLOWPOKE_POKER_BATCH_THRESHOLD_SERVICE5': '100', 'SLOWPOKE_IS_TARGET_SERVICE_SERVICE5': 'false', 'SLOWPOKE_DELAY_MICROS_SERVICE6': '0.0', 'SLOWPOKE_POKER_BATCH_THRESHOLD_SERVICE6': '100', 'SLOWPOKE_IS_TARGET_SERVICE_SERVICE6': 'false', 'SLOWPOKE_DELAY_MICROS_SERVICE7': '0.0', 'SLOWPOKE_POKER_BATCH_THRESHOLD_SERVICE7': '100', 'SLOWPOKE_IS_TARGET_SERVICE_SERVICE7': 'false', 'SLOWPOKE_DELAY_MICROS_SERVICE8': '0.0', 'SLOWPOKE_POKER_BATCH_THRESHOLD_SERVICE8': '100', 'SLOWPOKE_IS_TARGET_SERVICE_SERVICE8': 'false', 'SLOWPOKE_DELAY_MICROS_SERVICE9': '0.0', 'SLOWPOKE_POKER_BATCH_THRESHOLD_SERVICE9': '100', 'SLOWPOKE_IS_TARGET_SERVICE_SERVICE9': 'false', 'SLOWPOKE_DELAY_MICROS_SERVICE10': '0.0', 'SLOWPOKE_POKER_BATCH_THRESHOLD_SERVICE10': '100', 'SLOWPOKE_IS_TARGET_SERVICE_SERVICE10': 'false', 'SLOWPOKE_DELAY_MICROS_SERVICE11': '0.0', 'SLOWPOKE_POKER_BATCH_THRESHOLD_SERVICE11': '100', 'SLOWPOKE_IS_TARGET_SERVICE_SERVICE11': 'false', 'SLOWPOKE_DELAY_MICROS_SERVICE12': '0.0', 'SLOWPOKE_POKER_BATCH_THRESHOLD_SERVICE12': '100', 'SLOWPOKE_IS_TARGET_SERVICE_SERVICE12': 'false', 'SLOWPOKE_DELAY_MICROS_SERVICE13': '0.0', 'SLOWPOKE_POKER_BATCH_THRESHOLD_SERVICE13': '100', 'SLOWPOKE_IS_TARGET_SERVICE_SERVICE13': 'false', 'SLOWPOKE_DELAY_MICROS_SERVICE14': '0.0', 'SLOWPOKE_POKER_BATCH_THRESHOLD_SERVICE14': '100', 'SLOWPOKE_IS_TARGET_SERVICE_SERVICE14': 'false', 'SLOWPOKE_DELAY_MICROS_SERVICE15': '0.0', 'SLOWPOKE_POKER_BATCH_THRESHOLD_SERVICE15': '100', 'SLOWPOKE_IS_TARGET_SERVICE_SERVICE15': 'false', 'SLOWPOKE_DELAY_MICROS_SERVICE16': '0.0', 'SLOWPOKE_POKER_BATCH_THRESHOLD_SERVICE16': '100', 'SLOWPOKE_IS_TARGET_SERVICE_SERVICE16': 'false', 'SLOWPOKE_DELAY_MICROS_SERVICE17': '0.0', 'SLOWPOKE_POKER_BATCH_THRESHOLD_SERVICE17': '100', 'SLOWPOKE_IS_TARGET_SERVICE_SERVICE17': 'false', 'SLOWPOKE_DELAY_MICROS_SERVICE18': '0.0', 'SLOWPOKE_POKER_BATCH_THRESHOLD_SERVICE18': '100', 'SLOWPOKE_IS_TARGET_SERVICE_SERVICE18': 'false', 'SLOWPOKE_DELAY_MICROS_SERVICE19': '0.0', 'SLOWPOKE_POKER_BATCH_THRESHOLD_SERVICE19': '100', 'SLOWPOKE_IS_TARGET_SERVICE_SERVICE19': 'false', 'SLOWPOKE_DELAY_MICROS_SERVICE20': '0.0', 'SLOWPOKE_POKER_BATCH_THRESHOLD_SERVICE20': '100', 'SLOWPOKE_IS_TARGET_SERVICE_SERVICE20': 'false', 'SLOWPOKE_DELAY_MICROS_SERVICE21': '0.0', 'SLOWPOKE_POKER_BATCH_THRESHOLD_SERVICE21': '100', 'SLOWPOKE_IS_TARGET_SERVICE_SERVICE21': 'false', 'SLOWPOKE_DELAY_MICROS_SERVICE22': '0.0', 'SLOWPOKE_POKER_BATCH_THRESHOLD_SERVICE22': '100', 'SLOWPOKE_IS_TARGET_SERVICE_SERVICE22': 'false', 'SLOWPOKE_DELAY_MICROS_SERVICE23': '0.0', 'SLOWPOKE_POKER_BATCH_THRESHOLD_SERVICE23': '100', 'SLOWPOKE_IS_TARGET_SERVICE_SERVICE23': 'false', 'SLOWPOKE_DELAY_MICROS_SERVICE24': '0.0', 'SLOWPOKE_POKER_BATCH_THRESHOLD_SERVICE24': '100', 'SLOWPOKE_IS_TARGET_SERVICE_SERVICE24': 'false', 'SLOWPOKE_DELAY_MICROS_SERVICE25': '0.0', 'SLOWPOKE_POKER_BATCH_THRESHOLD_SERVICE25': '100', 'SLOWPOKE_IS_TARGET_SERVICE_SERVICE25': 'false', 'SLOWPOKE_DELAY_MICROS_SERVICE26': '0.0', 'SLOWPOKE_POKER_BATCH_THRESHOLD_SERVICE26': '100', 'SLOWPOKE_IS_TARGET_SERVICE_SERVICE26': 'false', 'SLOWPOKE_DELAY_MICROS_SERVICE27': '0.0', 'SLOWPOKE_POKER_BATCH_THRESHOLD_SERVICE27': '100', 'SLOWPOKE_IS_TARGET_SERVICE_SERVICE27': 'false', 'SLOWPOKE_DELAY_MICROS_SERVICE28': '0.0', 'SLOWPOKE_POKER_BATCH_THRESHOLD_SERVICE28': '100', 'SLOWPOKE_IS_TARGET_SERVICE_SERVICE28': 'false', 'SLOWPOKE_DELAY_MICROS_SERVICE29': '0.0', 'SLOWPOKE_POKER_BATCH_THRESHOLD_SERVICE29': '100', 'SLOWPOKE_IS_TARGET_SERVICE_SERVICE29': 'false', 'SLOWPOKE_DELAY_MICROS_SERVICE30': '0.0', 'SLOWPOKE_POKER_BATCH_THRESHOLD_SERVICE30': '100', 'SLOWPOKE_IS_TARGET_SERVICE_SERVICE30': 'false', 'SLOWPOKE_DELAY_MICROS_SERVICE31': '0.0', 'SLOWPOKE_POKER_BATCH_THRESHOLD_SERVICE31': '100', 'SLOWPOKE_IS_TARGET_SERVICE_SERVICE31': 'false', 'SLOWPOKE_DELAY_MICROS_SERVICE32': '0.0', 'SLOWPOKE_POKER_BATCH_THRESHOLD_SERVICE32': '100', 'SLOWPOKE_IS_TARGET_SERVICE_SERVICE32': 'false', 'SLOWPOKE_DELAY_MICROS_SERVICE33': '0.0', 'SLOWPOKE_POKER_BATCH_THRESHOLD_SERVICE33': '100', 'SLOWPOKE_IS_TARGET_SERVICE_SERVICE33': 'false', 'SLOWPOKE_DELAY_MICROS_SERVICE34': '0.0', 'SLOWPOKE_POKER_BATCH_THRESHOLD_SERVICE34': '100', 'SLOWPOKE_IS_TARGET_SERVICE_SERVICE34': 'false', 'SLOWPOKE_DELAY_MICROS_SERVICE35': '0.0', 'SLOWPOKE_POKER_BATCH_THRESHOLD_SERVICE35': '100', 'SLOWPOKE_IS_TARGET_SERVICE_SERVICE35': 'false', 'SLOWPOKE_DELAY_MICROS_SERVICE36': '0.0', 'SLOWPOKE_POKER_BATCH_THRESHOLD_SERVICE36': '100', 'SLOWPOKE_IS_TARGET_SERVICE_SERVICE36': 'false', 'SLOWPOKE_DELAY_MICROS_SERVICE37': '0.0', 'SLOWPOKE_POKER_BATCH_THRESHOLD_SERVICE37': '100', 'SLOWPOKE_IS_TARGET_SERVICE_SERVICE37': 'false', 'SLOWPOKE_DELAY_MICROS_SERVICE38': '0.0', 'SLOWPOKE_POKER_BATCH_THRESHOLD_SERVICE38': '100', 'SLOWPOKE_IS_TARGET_SERVICE_SERVICE38': 'false', 'SLOWPOKE_DELAY_MICROS_SERVICE39': '0.0', 'SLOWPOKE_POKER_BATCH_THRESHOLD_SERVICE39': '100', 'SLOWPOKE_IS_TARGET_SERVICE_SERVICE39': 'false', 'SLOWPOKE_DELAY_MICROS_SERVICE40': '0.0', 'SLOWPOKE_POKER_BATCH_THRESHOLD_SERVICE40': '100', 'SLOWPOKE_IS_TARGET_SERVICE_SERVICE40': 'false', 'SLOWPOKE_DELAY_MICROS_SERVICE41': '0.0', 'SLOWPOKE_POKER_BATCH_THRESHOLD_SERVICE41': '100', 'SLOWPOKE_IS_TARGET_SERVICE_SERVICE41': 'false', 'SLOWPOKE_DELAY_MICROS_SERVICE42': '0.0', 'SLOWPOKE_POKER_BATCH_THRESHOLD_SERVICE42': '100', 'SLOWPOKE_IS_TARGET_SERVICE_SERVICE42': 'false'}
    [exp] Executing cmd `bash run.sh synthetic large-scale 8 64 10000`:
        [run.sh] Running benchmark synthetic with request large-scale, thread 8, conn 64, duration 60
        [run.sh] Deleting all services
        configmap "config-service0" deleted
        deployment.apps "service0" deleted
        service "service0" deleted
        configmap "config-service1" deleted
        deployment.apps "service1" deleted
        service "service1" deleted
        configmap "config-service10" deleted
        deployment.apps "service10" deleted
        service "service10" deleted
        configmap "config-service11" deleted
        deployment.apps "service11" deleted
        service "service11" deleted
        configmap "config-service12" deleted
        deployment.apps "service12" deleted
        service "service12" deleted
        configmap "config-service13" deleted
        deployment.apps "service13" deleted
        service "service13" deleted
        configmap "config-service14" deleted
        deployment.apps "service14" deleted
        service "service14" deleted
        configmap "config-service15" deleted
        deployment.apps "service15" deleted
        service "service15" deleted
        configmap "config-service16" deleted
        deployment.apps "service16" deleted
        service "service16" deleted
        configmap "config-service17" deleted
        deployment.apps "service17" deleted
        service "service17" deleted
        configmap "config-service18" deleted
        deployment.apps "service18" deleted
        service "service18" deleted
        configmap "config-service19" deleted
        deployment.apps "service19" deleted
        service "service19" deleted
        configmap "config-service2" deleted
        deployment.apps "service2" deleted
        service "service2" deleted
        configmap "config-service20" deleted
        deployment.apps "service20" deleted
        service "service20" deleted
        configmap "config-service21" deleted
        deployment.apps "service21" deleted
        service "service21" deleted
        configmap "config-service22" deleted
        deployment.apps "service22" deleted
        service "service22" deleted
        configmap "config-service23" deleted
        deployment.apps "service23" deleted
        service "service23" deleted
        configmap "config-service24" deleted
        deployment.apps "service24" deleted
        service "service24" deleted
        configmap "config-service25" deleted
        deployment.apps "service25" deleted
        service "service25" deleted
        configmap "config-service26" deleted
        deployment.apps "service26" deleted
        service "service26" deleted
        configmap "config-service27" deleted
        deployment.apps "service27" deleted
        service "service27" deleted
        configmap "config-service28" deleted
        deployment.apps "service28" deleted
        service "service28" deleted
        configmap "config-service29" deleted
        deployment.apps "service29" deleted
        service "service29" deleted
        configmap "config-service3" deleted
        deployment.apps "service3" deleted
        service "service3" deleted
        configmap "config-service30" deleted
        deployment.apps "service30" deleted
        service "service30" deleted
        configmap "config-service31" deleted
        deployment.apps "service31" deleted
        service "service31" deleted
        configmap "config-service32" deleted
        deployment.apps "service32" deleted
        service "service32" deleted
        configmap "config-service33" deleted
        deployment.apps "service33" deleted
        service "service33" deleted
        configmap "config-service34" deleted
        deployment.apps "service34" deleted
        service "service34" deleted
        configmap "config-service35" deleted
        deployment.apps "service35" deleted
        service "service35" deleted
        configmap "config-service36" deleted
        deployment.apps "service36" deleted
        service "service36" deleted
        configmap "config-service37" deleted
        deployment.apps "service37" deleted
        service "service37" deleted
        configmap "config-service38" deleted
        deployment.apps "service38" deleted
        service "service38" deleted
        configmap "config-service39" deleted
        deployment.apps "service39" deleted
        service "service39" deleted
        configmap "config-service4" deleted
        deployment.apps "service4" deleted
        service "service4" deleted
        configmap "config-service40" deleted
        deployment.apps "service40" deleted
        service "service40" deleted
        configmap "config-service41" deleted
        deployment.apps "service41" deleted
        service "service41" deleted
        configmap "config-service42" deleted
        deployment.apps "service42" deleted
        service "service42" deleted
        configmap "config-service5" deleted
        deployment.apps "service5" deleted
        service "service5" deleted
        configmap "config-service6" deleted
        deployment.apps "service6" deleted
        service "service6" deleted
        configmap "config-service7" deleted
        deployment.apps "service7" deleted
        service "service7" deleted
        configmap "config-service8" deleted
        deployment.apps "service8" deleted
        service "service8" deleted
        configmap "config-service9" deleted
        deployment.apps "service9" deleted
        service "service9" deleted
        deployment.apps "ubuntu-client" deleted
        [run.sh] Waiting for all pods to be deleted
        [run.sh] Deploying all services
        configmap/config-service0 created
        deployment.apps/service0 created
        service/service0 created
        configmap/config-service1 created
        deployment.apps/service1 created
        service/service1 created
        configmap/config-service10 created
        deployment.apps/service10 created
        service/service10 created
        configmap/config-service11 created
        deployment.apps/service11 created
        service/service11 created
        configmap/config-service12 created
        deployment.apps/service12 created
        service/service12 created
        configmap/config-service13 created
        deployment.apps/service13 created
        service/service13 created
        configmap/config-service14 created
        deployment.apps/service14 created
        service/service14 created
        configmap/config-service15 created
        deployment.apps/service15 created
        service/service15 created
        configmap/config-service16 created
        deployment.apps/service16 created
        service/service16 created
        configmap/config-service17 created
        deployment.apps/service17 created
        service/service17 created
        configmap/config-service18 created
        deployment.apps/service18 created
        service/service18 created
        configmap/config-service19 created
        deployment.apps/service19 created
        service/service19 created
        configmap/config-service2 created
        deployment.apps/service2 created
        service/service2 created
        configmap/config-service20 created
        deployment.apps/service20 created
        service/service20 created
        configmap/config-service21 created
        deployment.apps/service21 created
        service/service21 created
        configmap/config-service22 created
        deployment.apps/service22 created
        service/service22 created
        configmap/config-service23 created
        deployment.apps/service23 created
        service/service23 created
        configmap/config-service24 created
        deployment.apps/service24 created
        service/service24 created
        configmap/config-service25 created
        deployment.apps/service25 created
        service/service25 created
        configmap/config-service26 created
        deployment.apps/service26 created
        service/service26 created
        configmap/config-service27 created
        deployment.apps/service27 created
        service/service27 created
        configmap/config-service28 created
        deployment.apps/service28 created
        service/service28 created
        configmap/config-service29 created
        deployment.apps/service29 created
        service/service29 created
        configmap/config-service3 created
        deployment.apps/service3 created
        service/service3 created
        configmap/config-service30 created
        deployment.apps/service30 created
        service/service30 created
        configmap/config-service31 created
        deployment.apps/service31 created
        service/service31 created
        configmap/config-service32 created
        deployment.apps/service32 created
        service/service32 created
        configmap/config-service33 created
        deployment.apps/service33 created
        service/service33 created
        configmap/config-service34 created
        deployment.apps/service34 created
        service/service34 created
        configmap/config-service35 created
        deployment.apps/service35 created
        service/service35 created
        configmap/config-service36 created
        deployment.apps/service36 created
        service/service36 created
        configmap/config-service37 created
        deployment.apps/service37 created
        service/service37 created
        configmap/config-service38 created
        deployment.apps/service38 created
        service/service38 created
        configmap/config-service39 created
        deployment.apps/service39 created
        service/service39 created
        configmap/config-service4 created
        deployment.apps/service4 created
        service/service4 created
        configmap/config-service40 created
        deployment.apps/service40 created
        service/service40 created
        configmap/config-service41 created
        deployment.apps/service41 created
        service/service41 created
        configmap/config-service42 created
        deployment.apps/service42 created
        service/service42 created
        configmap/config-service5 created
        deployment.apps/service5 created
        service/service5 created
        configmap/config-service6 created
        deployment.apps/service6 created
        service/service6 created
        configmap/config-service7 created
        deployment.apps/service7 created
        service/service7 created
        configmap/config-service8 created
        deployment.apps/service8 created
        service/service8 created
        configmap/config-service9 created
        deployment.apps/service9 created
        service/service9 created
        [run.sh] Client pod not found, deploying client
        deployment.apps/ubuntu-client created
        [run.sh] Waiting for all pods to be running
        [run.sh] All pods are running
        [run.sh] Running warmup test
        [run.sh] /wrk/wrk -t8 -c64 --timeout 10s -d10s -L http://service0:80/endpoint1
        Running 10s test @ http://service0:80/endpoint1
        8 threads and 64 connections
        Thread Stats   Avg      Stdev     Max   +/- Stdev
        Latency     1.08s     1.07s    5.11s    83.55%
        Req/Sec    15.86      9.43    50.00     70.91%
        Latency Distribution
        50%  598.16ms
        75%    1.23s
        90%    3.01s
        99%    4.28s
        756 requests in 10.02s, 117.39KB read
        Requests/sec:     75.48
        Transfer/sec:     11.72KB
        [run.sh] Speed is 75.48, duration is 198
        [run.sh] Fix the request number.
        [run.sh] Running the actual test
        [run.sh] /wrk/wrk --timeout 20s -t8 -c64 -d198s -L -s /wrk/fix_req_n.lua http://service0:80/endpoint1
        [run.sh] Checking the resource usage
        NAME                             CPU(cores)   MEMORY(bytes)
        service0-7d849b8b78-xqdqt        25m          25Mi
        service1-58c95cb96-k8mbt         1m           23Mi
        service10-779f75db9b-mx2wh       1m           8Mi
        service11-77694fd499-wn9g9       1m           7Mi
        service12-6447457dc8-mvvvq       1m           8Mi
        service13-5c69f55c57-vs9cb       1m           8Mi
        service14-797f758f8d-tms8r       1m           7Mi
        service15-5c6b49dff-qxdq5        1m           8Mi
        service16-65bcd889bb-2xmnz       1m           8Mi
        service17-79bdf7c489-ccvxl       1m           8Mi
        service18-74f94764c6-k4fjw       1m           7Mi
        service19-688657cfff-wrkf4       1m           7Mi
        service2-5d59c5bd5d-qgtqj        1m           24Mi
        service20-5f7ddcb587-nmtqr       1m           8Mi
        service21-7c46b45c64-lfxxm       1m           8Mi
        service22-65dbcdbf85-hn8mn       1m           7Mi
        service23-57bd5f778-lfwmn        1m           8Mi
        service24-65c5d55855-6zgpv       1m           8Mi
        service25-6478854456-27zsd       1m           8Mi
        service26-7f84bd9597-bhzf5       1m           8Mi
        service27-5b7f877d5d-vmnw4       1m           8Mi
        service28-5b86874899-tlj5h       1m           8Mi
        service29-9cd757cf6-4fvcj        1m           7Mi
        service3-564487d7d8-52qqm        47m          25Mi
        service30-64595bbffd-gz72s       1m           8Mi
        service31-566f99bb5c-tz99g       1m           8Mi
        service32-7ccf7d4d7b-cq7ht       1m           8Mi
        service33-b75d875f5-wh2hz        1m           8Mi
        service34-5dd485f758-2fh6z       1m           8Mi
        service35-7f9587457-6x7bg        1m           7Mi
        service36-6b8dccfd4d-bksvj       1m           7Mi
        service37-666cbff6bc-b8vlp       1m           7Mi
        service38-6468b7674-dfctg        1m           8Mi
        service39-7557f4fddf-b9kcw       1m           8Mi
        service4-6bfbd6d59c-crb9x        1m           24Mi
        service40-84d95c8665-8ngql       1m           8Mi
        service41-997449d5d-mq48r        1m           8Mi
        service42-6c5db85bd-5b5rq        1m           7Mi
        service5-ffd8ccc6-jwg5b          1m           25Mi
        service6-6b89db49b6-vjmtg        28m          24Mi
        service7-845b5b8588-zms75        1m           7Mi
        service8-7c9f97fd46-c8njt        1m           7Mi
        service9-7cb9cf658d-sf5g6        1m           8Mi
        ubuntu-client-76886f6bbd-wgvfc   2m           3Mi
        Running 3m test @ http://service0:80/endpoint1
        8 threads and 64 connections
        Thread Stats   Avg      Stdev     Max   +/- Stdev
        Latency   528.51ms  232.47ms   2.19s    72.86%
        Req/Sec    16.50      9.23    60.00     74.38%
        Latency Distribution
        50%  484.82ms
        75%  647.49ms
        90%  837.98ms
        99%    1.27s
        10000 requests in 3.30m, 1.52MB read
        Requests/sec:     50.51
        Transfer/sec:      7.84KB
        ------------------------------
        stop time: 82.895433
        stop time: 82.805579
        stop time: 82.259796
        stop time: 83.060019
        stop time: 82.180688
        stop time: 82.707366
        stop time: 83.055328
        stop time: 83.132873
        [run.sh] Test finished with status 0
        > STDERR
        > No resources found in default namespace.
    [exp] Times: [82.895433, 82.805579, 82.259796, 83.060019, 82.180688, 82.707366, 83.055328, 83.132873]
    [exp] Throughput: 120.82820204907654
[test.py] Running 0th slowdown exp
    [exp] Running (pre_run: False) workload synthetic/large-scale request with the following configuration: {'CLIENT_CPU_QUOTA': '2', 'SLOWPOKE_POKER_BATCH_THRESHOLD': '20000000', 'PROCESSING_TIME_SERVICE4': '0.0006', 'PROCESSING_TIME_SERVICE0': '0.0003', 'PROCESSING_TIME_SERVICE1': '0.0003', 'PROCESSING_TIME_SERVICE2': '0.0003', 'PROCESSING_TIME_SERVICE3': '0.0003', 'PROCESSING_TIME_SERVICE5': '0.0003', 'PROCESSING_TIME_SERVICE6': '0.0003', 'PROCESSING_TIME_SERVICE7': '0.0003', 'PROCESSING_TIME_SERVICE8': '0.0003', 'PROCESSING_TIME_SERVICE9': '0.0003', 'PROCESSING_TIME_SERVICE10': '0.0003', 'PROCESSING_TIME_SERVICE11': '0.0003', 'PROCESSING_TIME_SERVICE12': '0.0003', 'PROCESSING_TIME_SERVICE13': '0.0003', 'PROCESSING_TIME_SERVICE14': '0.0003', 'PROCESSING_TIME_SERVICE15': '0.0003', 'PROCESSING_TIME_SERVICE16': '0.0003', 'PROCESSING_TIME_SERVICE17': '0.0003', 'PROCESSING_TIME_SERVICE18': '0.0003', 'PROCESSING_TIME_SERVICE19': '0.0003', 'PROCESSING_TIME_SERVICE20': '0.0003', 'PROCESSING_TIME_SERVICE21': '0.0003', 'PROCESSING_TIME_SERVICE22': '0.0003', 'PROCESSING_TIME_SERVICE23': '0.0003', 'PROCESSING_TIME_SERVICE24': '0.0003', 'PROCESSING_TIME_SERVICE25': '0.0003', 'PROCESSING_TIME_SERVICE26': '0.0003', 'PROCESSING_TIME_SERVICE27': '0.0003', 'PROCESSING_TIME_SERVICE28': '0.0003', 'PROCESSING_TIME_SERVICE29': '0.0003', 'PROCESSING_TIME_SERVICE30': '0.0003', 'PROCESSING_TIME_SERVICE31': '0.0003', 'PROCESSING_TIME_SERVICE32': '0.0003', 'PROCESSING_TIME_SERVICE33': '0.0003', 'PROCESSING_TIME_SERVICE34': '0.0003', 'PROCESSING_TIME_SERVICE35': '0.0003', 'PROCESSING_TIME_SERVICE36': '0.0003', 'PROCESSING_TIME_SERVICE37': '0.0003', 'PROCESSING_TIME_SERVICE38': '0.0003', 'PROCESSING_TIME_SERVICE39': '0.0003', 'PROCESSING_TIME_SERVICE40': '0.0003', 'PROCESSING_TIME_SERVICE41': '0.0003', 'PROCESSING_TIME_SERVICE42': '0.0003', 'SLOWPOKE_DELAY_MICROS_SERVICE4': '0.0', 'SLOWPOKE_POKER_BATCH_THRESHOLD_SERVICE4': '100', 'SLOWPOKE_IS_TARGET_SERVICE_SERVICE4': 'true', 'SLOWPOKE_DELAY_MICROS_SERVICE0': '300.0', 'SLOWPOKE_POKER_BATCH_THRESHOLD_SERVICE0': '100', 'SLOWPOKE_IS_TARGET_SERVICE_SERVICE0': 'false', 'SLOWPOKE_DELAY_MICROS_SERVICE1': '300.0', 'SLOWPOKE_POKER_BATCH_THRESHOLD_SERVICE1': '100', 'SLOWPOKE_IS_TARGET_SERVICE_SERVICE1': 'false', 'SLOWPOKE_DELAY_MICROS_SERVICE2': '300.0', 'SLOWPOKE_POKER_BATCH_THRESHOLD_SERVICE2': '100', 'SLOWPOKE_IS_TARGET_SERVICE_SERVICE2': 'false', 'SLOWPOKE_DELAY_MICROS_SERVICE3': '300.0', 'SLOWPOKE_POKER_BATCH_THRESHOLD_SERVICE3': '100', 'SLOWPOKE_IS_TARGET_SERVICE_SERVICE3': 'false', 'SLOWPOKE_DELAY_MICROS_SERVICE5': '300.0', 'SLOWPOKE_POKER_BATCH_THRESHOLD_SERVICE5': '100', 'SLOWPOKE_IS_TARGET_SERVICE_SERVICE5': 'false', 'SLOWPOKE_DELAY_MICROS_SERVICE6': '300.0', 'SLOWPOKE_POKER_BATCH_THRESHOLD_SERVICE6': '100', 'SLOWPOKE_IS_TARGET_SERVICE_SERVICE6': 'false', 'SLOWPOKE_DELAY_MICROS_SERVICE7': '300.0', 'SLOWPOKE_POKER_BATCH_THRESHOLD_SERVICE7': '100', 'SLOWPOKE_IS_TARGET_SERVICE_SERVICE7': 'false', 'SLOWPOKE_DELAY_MICROS_SERVICE8': '300.0', 'SLOWPOKE_POKER_BATCH_THRESHOLD_SERVICE8': '100', 'SLOWPOKE_IS_TARGET_SERVICE_SERVICE8': 'false', 'SLOWPOKE_DELAY_MICROS_SERVICE9': '300.0', 'SLOWPOKE_POKER_BATCH_THRESHOLD_SERVICE9': '100', 'SLOWPOKE_IS_TARGET_SERVICE_SERVICE9': 'false', 'SLOWPOKE_DELAY_MICROS_SERVICE10': '300.0', 'SLOWPOKE_POKER_BATCH_THRESHOLD_SERVICE10': '100', 'SLOWPOKE_IS_TARGET_SERVICE_SERVICE10': 'false', 'SLOWPOKE_DELAY_MICROS_SERVICE11': '300.0', 'SLOWPOKE_POKER_BATCH_THRESHOLD_SERVICE11': '100', 'SLOWPOKE_IS_TARGET_SERVICE_SERVICE11': 'false', 'SLOWPOKE_DELAY_MICROS_SERVICE12': '300.0', 'SLOWPOKE_POKER_BATCH_THRESHOLD_SERVICE12': '100', 'SLOWPOKE_IS_TARGET_SERVICE_SERVICE12': 'false', 'SLOWPOKE_DELAY_MICROS_SERVICE13': '300.0', 'SLOWPOKE_POKER_BATCH_THRESHOLD_SERVICE13': '100', 'SLOWPOKE_IS_TARGET_SERVICE_SERVICE13': 'false', 'SLOWPOKE_DELAY_MICROS_SERVICE14': '300.0', 'SLOWPOKE_POKER_BATCH_THRESHOLD_SERVICE14': '100', 'SLOWPOKE_IS_TARGET_SERVICE_SERVICE14': 'false', 'SLOWPOKE_DELAY_MICROS_SERVICE15': '300.0', 'SLOWPOKE_POKER_BATCH_THRESHOLD_SERVICE15': '100', 'SLOWPOKE_IS_TARGET_SERVICE_SERVICE15': 'false', 'SLOWPOKE_DELAY_MICROS_SERVICE16': '300.0', 'SLOWPOKE_POKER_BATCH_THRESHOLD_SERVICE16': '100', 'SLOWPOKE_IS_TARGET_SERVICE_SERVICE16': 'false', 'SLOWPOKE_DELAY_MICROS_SERVICE17': '300.0', 'SLOWPOKE_POKER_BATCH_THRESHOLD_SERVICE17': '100', 'SLOWPOKE_IS_TARGET_SERVICE_SERVICE17': 'false', 'SLOWPOKE_DELAY_MICROS_SERVICE18': '300.0', 'SLOWPOKE_POKER_BATCH_THRESHOLD_SERVICE18': '100', 'SLOWPOKE_IS_TARGET_SERVICE_SERVICE18': 'false', 'SLOWPOKE_DELAY_MICROS_SERVICE19': '300.0', 'SLOWPOKE_POKER_BATCH_THRESHOLD_SERVICE19': '100', 'SLOWPOKE_IS_TARGET_SERVICE_SERVICE19': 'false', 'SLOWPOKE_DELAY_MICROS_SERVICE20': '300.0', 'SLOWPOKE_POKER_BATCH_THRESHOLD_SERVICE20': '100', 'SLOWPOKE_IS_TARGET_SERVICE_SERVICE20': 'false', 'SLOWPOKE_DELAY_MICROS_SERVICE21': '300.0', 'SLOWPOKE_POKER_BATCH_THRESHOLD_SERVICE21': '100', 'SLOWPOKE_IS_TARGET_SERVICE_SERVICE21': 'false', 'SLOWPOKE_DELAY_MICROS_SERVICE22': '300.0', 'SLOWPOKE_POKER_BATCH_THRESHOLD_SERVICE22': '100', 'SLOWPOKE_IS_TARGET_SERVICE_SERVICE22': 'false', 'SLOWPOKE_DELAY_MICROS_SERVICE23': '300.0', 'SLOWPOKE_POKER_BATCH_THRESHOLD_SERVICE23': '100', 'SLOWPOKE_IS_TARGET_SERVICE_SERVICE23': 'false', 'SLOWPOKE_DELAY_MICROS_SERVICE24': '300.0', 'SLOWPOKE_POKER_BATCH_THRESHOLD_SERVICE24': '100', 'SLOWPOKE_IS_TARGET_SERVICE_SERVICE24': 'false', 'SLOWPOKE_DELAY_MICROS_SERVICE25': '300.0', 'SLOWPOKE_POKER_BATCH_THRESHOLD_SERVICE25': '100', 'SLOWPOKE_IS_TARGET_SERVICE_SERVICE25': 'false', 'SLOWPOKE_DELAY_MICROS_SERVICE26': '300.0', 'SLOWPOKE_POKER_BATCH_THRESHOLD_SERVICE26': '100', 'SLOWPOKE_IS_TARGET_SERVICE_SERVICE26': 'false', 'SLOWPOKE_DELAY_MICROS_SERVICE27': '300.0', 'SLOWPOKE_POKER_BATCH_THRESHOLD_SERVICE27': '100', 'SLOWPOKE_IS_TARGET_SERVICE_SERVICE27': 'false', 'SLOWPOKE_DELAY_MICROS_SERVICE28': '300.0', 'SLOWPOKE_POKER_BATCH_THRESHOLD_SERVICE28': '100', 'SLOWPOKE_IS_TARGET_SERVICE_SERVICE28': 'false', 'SLOWPOKE_DELAY_MICROS_SERVICE29': '300.0', 'SLOWPOKE_POKER_BATCH_THRESHOLD_SERVICE29': '100', 'SLOWPOKE_IS_TARGET_SERVICE_SERVICE29': 'false', 'SLOWPOKE_DELAY_MICROS_SERVICE30': '300.0', 'SLOWPOKE_POKER_BATCH_THRESHOLD_SERVICE30': '100', 'SLOWPOKE_IS_TARGET_SERVICE_SERVICE30': 'false', 'SLOWPOKE_DELAY_MICROS_SERVICE31': '300.0', 'SLOWPOKE_POKER_BATCH_THRESHOLD_SERVICE31': '100', 'SLOWPOKE_IS_TARGET_SERVICE_SERVICE31': 'false', 'SLOWPOKE_DELAY_MICROS_SERVICE32': '300.0', 'SLOWPOKE_POKER_BATCH_THRESHOLD_SERVICE32': '100', 'SLOWPOKE_IS_TARGET_SERVICE_SERVICE32': 'false', 'SLOWPOKE_DELAY_MICROS_SERVICE33': '300.0', 'SLOWPOKE_POKER_BATCH_THRESHOLD_SERVICE33': '100', 'SLOWPOKE_IS_TARGET_SERVICE_SERVICE33': 'false', 'SLOWPOKE_DELAY_MICROS_SERVICE34': '300.0', 'SLOWPOKE_POKER_BATCH_THRESHOLD_SERVICE34': '100', 'SLOWPOKE_IS_TARGET_SERVICE_SERVICE34': 'false', 'SLOWPOKE_DELAY_MICROS_SERVICE35': '300.0', 'SLOWPOKE_POKER_BATCH_THRESHOLD_SERVICE35': '100', 'SLOWPOKE_IS_TARGET_SERVICE_SERVICE35': 'false', 'SLOWPOKE_DELAY_MICROS_SERVICE36': '300.0', 'SLOWPOKE_POKER_BATCH_THRESHOLD_SERVICE36': '100', 'SLOWPOKE_IS_TARGET_SERVICE_SERVICE36': 'false', 'SLOWPOKE_DELAY_MICROS_SERVICE37': '300.0', 'SLOWPOKE_POKER_BATCH_THRESHOLD_SERVICE37': '100', 'SLOWPOKE_IS_TARGET_SERVICE_SERVICE37': 'false', 'SLOWPOKE_DELAY_MICROS_SERVICE38': '300.0', 'SLOWPOKE_POKER_BATCH_THRESHOLD_SERVICE38': '100', 'SLOWPOKE_IS_TARGET_SERVICE_SERVICE38': 'false', 'SLOWPOKE_DELAY_MICROS_SERVICE39': '300.0', 'SLOWPOKE_POKER_BATCH_THRESHOLD_SERVICE39': '100', 'SLOWPOKE_IS_TARGET_SERVICE_SERVICE39': 'false', 'SLOWPOKE_DELAY_MICROS_SERVICE40': '300.0', 'SLOWPOKE_POKER_BATCH_THRESHOLD_SERVICE40': '100', 'SLOWPOKE_IS_TARGET_SERVICE_SERVICE40': 'false', 'SLOWPOKE_DELAY_MICROS_SERVICE41': '300.0', 'SLOWPOKE_POKER_BATCH_THRESHOLD_SERVICE41': '100', 'SLOWPOKE_IS_TARGET_SERVICE_SERVICE41': 'false', 'SLOWPOKE_DELAY_MICROS_SERVICE42': '300.0', 'SLOWPOKE_POKER_BATCH_THRESHOLD_SERVICE42': '100', 'SLOWPOKE_IS_TARGET_SERVICE_SERVICE42': 'false'}
    [exp] Executing cmd `bash run.sh synthetic large-scale 8 64 10000`:
        [run.sh] Running benchmark synthetic with request large-scale, thread 8, conn 64, duration 60
        [run.sh] Deleting all services
        configmap "config-service0" deleted
        deployment.apps "service0" deleted
        service "service0" deleted
        configmap "config-service1" deleted
        deployment.apps "service1" deleted
        service "service1" deleted
        configmap "config-service10" deleted
        deployment.apps "service10" deleted
        service "service10" deleted
        configmap "config-service11" deleted
        deployment.apps "service11" deleted
        service "service11" deleted
        configmap "config-service12" deleted
        deployment.apps "service12" deleted
        service "service12" deleted
        configmap "config-service13" deleted
        deployment.apps "service13" deleted
        service "service13" deleted
        configmap "config-service14" deleted
        deployment.apps "service14" deleted
        service "service14" deleted
        configmap "config-service15" deleted
        deployment.apps "service15" deleted
        service "service15" deleted
        configmap "config-service16" deleted
        deployment.apps "service16" deleted
        service "service16" deleted
        configmap "config-service17" deleted
        deployment.apps "service17" deleted
        service "service17" deleted
        configmap "config-service18" deleted
        deployment.apps "service18" deleted
        service "service18" deleted
        configmap "config-service19" deleted
        deployment.apps "service19" deleted
        service "service19" deleted
        configmap "config-service2" deleted
        deployment.apps "service2" deleted
        service "service2" deleted
        configmap "config-service20" deleted
        deployment.apps "service20" deleted
        service "service20" deleted
        configmap "config-service21" deleted
        deployment.apps "service21" deleted
        service "service21" deleted
        configmap "config-service22" deleted
        deployment.apps "service22" deleted
        service "service22" deleted
        configmap "config-service23" deleted
        deployment.apps "service23" deleted
        service "service23" deleted
        configmap "config-service24" deleted
        deployment.apps "service24" deleted
        service "service24" deleted
        configmap "config-service25" deleted
        deployment.apps "service25" deleted
        service "service25" deleted
        configmap "config-service26" deleted
        deployment.apps "service26" deleted
        service "service26" deleted
        configmap "config-service27" deleted
        deployment.apps "service27" deleted
        service "service27" deleted
        configmap "config-service28" deleted
        deployment.apps "service28" deleted
        service "service28" deleted
        configmap "config-service29" deleted
        deployment.apps "service29" deleted
        service "service29" deleted
        configmap "config-service3" deleted
        deployment.apps "service3" deleted
        service "service3" deleted
        configmap "config-service30" deleted
        deployment.apps "service30" deleted
        service "service30" deleted
        configmap "config-service31" deleted
        deployment.apps "service31" deleted
        service "service31" deleted
        configmap "config-service32" deleted
        deployment.apps "service32" deleted
        service "service32" deleted
        configmap "config-service33" deleted
        deployment.apps "service33" deleted
        service "service33" deleted
        configmap "config-service34" deleted
        deployment.apps "service34" deleted
        service "service34" deleted
        configmap "config-service35" deleted
        deployment.apps "service35" deleted
        service "service35" deleted
        configmap "config-service36" deleted
        deployment.apps "service36" deleted
        service "service36" deleted
        configmap "config-service37" deleted
        deployment.apps "service37" deleted
        service "service37" deleted
        configmap "config-service38" deleted
        deployment.apps "service38" deleted
        service "service38" deleted
        configmap "config-service39" deleted
        deployment.apps "service39" deleted
        service "service39" deleted
        configmap "config-service4" deleted
        deployment.apps "service4" deleted
        service "service4" deleted
        configmap "config-service40" deleted
        deployment.apps "service40" deleted
        service "service40" deleted
        configmap "config-service41" deleted
        deployment.apps "service41" deleted
        service "service41" deleted
        configmap "config-service42" deleted
        deployment.apps "service42" deleted
        service "service42" deleted
        configmap "config-service5" deleted
        deployment.apps "service5" deleted
        service "service5" deleted
        configmap "config-service6" deleted
        deployment.apps "service6" deleted
        service "service6" deleted
        configmap "config-service7" deleted
        deployment.apps "service7" deleted
        service "service7" deleted
        configmap "config-service8" deleted
        deployment.apps "service8" deleted
        service "service8" deleted
        configmap "config-service9" deleted
        deployment.apps "service9" deleted
        service "service9" deleted
        deployment.apps "ubuntu-client" deleted
        [run.sh] Waiting for all pods to be deleted
        [run.sh] Deploying all services
        configmap/config-service0 created
        deployment.apps/service0 created
        service/service0 created
        configmap/config-service1 created
        deployment.apps/service1 created
        service/service1 created
        configmap/config-service10 created
        deployment.apps/service10 created
        service/service10 created
        configmap/config-service11 created
        deployment.apps/service11 created
        service/service11 created
        configmap/config-service12 created
        deployment.apps/service12 created
        service/service12 created
        configmap/config-service13 created
        deployment.apps/service13 created
        service/service13 created
        configmap/config-service14 created
        deployment.apps/service14 created
        service/service14 created
        configmap/config-service15 created
        deployment.apps/service15 created
        service/service15 created
        configmap/config-service16 created
        deployment.apps/service16 created
        service/service16 created
        configmap/config-service17 created
        deployment.apps/service17 created
        service/service17 created
        configmap/config-service18 created
        deployment.apps/service18 created
        service/service18 created
        configmap/config-service19 created
        deployment.apps/service19 created
        service/service19 created
        configmap/config-service2 created
        deployment.apps/service2 created
        service/service2 created
        configmap/config-service20 created
        deployment.apps/service20 created
        service/service20 created
        configmap/config-service21 created
        deployment.apps/service21 created
        service/service21 created
        configmap/config-service22 created
        deployment.apps/service22 created
        service/service22 created
        configmap/config-service23 created
        deployment.apps/service23 created
        service/service23 created
        configmap/config-service24 created
        deployment.apps/service24 created
        service/service24 created
        configmap/config-service25 created
        deployment.apps/service25 created
        service/service25 created
        configmap/config-service26 created
        deployment.apps/service26 created
        service/service26 created
        configmap/config-service27 created
        deployment.apps/service27 created
        service/service27 created
        configmap/config-service28 created
        deployment.apps/service28 created
        service/service28 created
        configmap/config-service29 created
        deployment.apps/service29 created
        service/service29 created
        configmap/config-service3 created
        deployment.apps/service3 created
        service/service3 created
        configmap/config-service30 created
        deployment.apps/service30 created
        service/service30 created
        configmap/config-service31 created
        deployment.apps/service31 created
        service/service31 created
        configmap/config-service32 created
        deployment.apps/service32 created
        service/service32 created
        configmap/config-service33 created
        deployment.apps/service33 created
        service/service33 created
        configmap/config-service34 created
        deployment.apps/service34 created
        service/service34 created
        configmap/config-service35 created
        deployment.apps/service35 created
        service/service35 created
        configmap/config-service36 created
        deployment.apps/service36 created
        service/service36 created
        configmap/config-service37 created
        deployment.apps/service37 created
        service/service37 created
        configmap/config-service38 created
        deployment.apps/service38 created
        service/service38 created
        configmap/config-service39 created
        deployment.apps/service39 created
        service/service39 created
        configmap/config-service4 created
        deployment.apps/service4 created
        service/service4 created
        configmap/config-service40 created
        deployment.apps/service40 created
        service/service40 created
        configmap/config-service41 created
        deployment.apps/service41 created
        service/service41 created
        configmap/config-service42 created
        deployment.apps/service42 created
        service/service42 created
        configmap/config-service5 created
        deployment.apps/service5 created
        service/service5 created
        configmap/config-service6 created
        deployment.apps/service6 created
        service/service6 created
        configmap/config-service7 created
        deployment.apps/service7 created
        service/service7 created
        configmap/config-service8 created
        deployment.apps/service8 created
        service/service8 created
        configmap/config-service9 created
        deployment.apps/service9 created
        service/service9 created
        [run.sh] Client pod not found, deploying client
        deployment.apps/ubuntu-client created
        [run.sh] Waiting for all pods to be running
        [run.sh] All pods are running
        [run.sh] Running warmup test
        [run.sh] /wrk/wrk -t8 -c64 --timeout 10s -d10s -L http://service0:80/endpoint1
        Running 10s test @ http://service0:80/endpoint1
        8 threads and 64 connections
        Thread Stats   Avg      Stdev     Max   +/- Stdev
        Latency   591.39ms  305.20ms   2.14s    79.30%
        Req/Sec    16.13      9.11    50.00     73.01%
        Latency Distribution
        50%  515.47ms
        75%  695.96ms
        90%    1.02s
        99%    1.70s
        1080 requests in 10.02s, 167.70KB read
        Requests/sec:    107.79
        Transfer/sec:     16.74KB
        [run.sh] Speed is 107.79, duration is 139
        [run.sh] Fix the request number.
        [run.sh] Running the actual test
        [run.sh] /wrk/wrk --timeout 20s -t8 -c64 -d139s -L -s /wrk/fix_req_n.lua http://service0:80/endpoint1
        [run.sh] Checking the resource usage
        NAME                             CPU(cores)   MEMORY(bytes)
        service0-7c98b75df-74vbm         1m           3Mi
        service1-d75d9b55-4f7sv          1m           3Mi
        service10-6956b6fc7-7wrs9        1m           3Mi
        service11-66cf8d8f94-bwxvv       1m           3Mi
        service12-7494769967-qtnxw       1m           3Mi
        service13-64577d9df6-tkhht       1m           3Mi
        service14-6b47b89949-kbqrj       1m           3Mi
        service15-6f65b46694-8k9wm       1m           3Mi
        service16-5b566bb947-22c4k       1m           3Mi
        service17-58686d5d8-gtshd        1m           3Mi
        service18-7d79fddbcc-gwvlz       1m           3Mi
        service19-6c66885d98-r7c2k       1m           3Mi
        service2-6578769689-w66ks        1m           3Mi
        service20-894c59f98-7k8vm        1m           3Mi
        service21-5b984c4965-t2htq       1m           3Mi
        service22-599d489f68-tmb74       1m           3Mi
        service23-974f5fb55-468xm        1m           3Mi
        service24-577d9c7bb6-b9sh2       1m           3Mi
        service25-7c997bdd65-g859d       1m           3Mi
        service26-9895c56b8-xzcqd        1m           3Mi
        service27-6b56b5847f-82d7z       1m           3Mi
        service28-5b875d8f66-7l8qx       1m           3Mi
        service29-7c889fd85-fhqgc        1m           3Mi
        service3-75df8c687f-l4qx9        1m           3Mi
        service30-5cd59844c9-dxtql       1m           3Mi
        service31-779999c65b-vvzv4       1m           3Mi
        service32-77dccf9f9c-5652n       1m           3Mi
        service33-b6f4fbf66-nrlgs        1m           3Mi
        service34-64cb6fc5bc-tbv5h       1m           3Mi
        service35-5ddbd4975b-zrhp8       1m           3Mi
        service36-7d57765cd9-b8r42       1m           3Mi
        service37-9dfcf7c54-dztb7        1m           3Mi
        service38-58956ff7cf-zxhdw       1m           3Mi
        service39-f857579cb-7dgdb        1m           3Mi
        service4-6bfbd6d59c-htknf        1m           3Mi
        service40-7df6bc768d-5frpv       1m           3Mi
        service41-54ccbd8d9f-fwb8x       1m           3Mi
        service42-7d98454b47-lr59b       1m           3Mi
        service5-599594446c-cd2vk        1m           3Mi
        service6-6f75bbb689-hwshw        1m           3Mi
        service7-79b4dc7c9f-6r5sq        1m           3Mi
        service8-8ff7f5d6f-bhnkb         1m           3Mi
        service9-7849469cdc-gcfkq        1m           3Mi
        ubuntu-client-76886f6bbd-5r6g9   0m           0Mi
        Running 2m test @ http://service0:80/endpoint1
        8 threads and 64 connections
        Thread Stats   Avg      Stdev     Max   +/- Stdev
        Latency   526.35ms  232.62ms   2.00s    73.10%
        Req/Sec    16.71      9.77    70.00     73.37%
        Latency Distribution
        50%  486.96ms
        75%  642.28ms
        90%  825.20ms
        99%    1.26s
        10000 requests in 2.32m, 1.52MB read
        Requests/sec:     71.94
        Transfer/sec:     11.17KB
        ------------------------------
        stop time: 82.284477
        stop time: 82.768438
        stop time: 82.797431
        stop time: 81.717275
        stop time: 81.969780
        stop time: 82.349012
        stop time: 82.677308
        stop time: 82.577491
        [run.sh] Test finished with status 0
        > STDERR
        > No resources found in default namespace.
    [exp] Times: [82.284477, 82.768438, 82.797431, 81.717275, 81.96978, 82.349012, 82.677308, 82.577491]
    [exp] Throughput: 121.37004718193829
[test.py] Finished running 0th optmization experiment: groundtruth->120.82820204907654, slowdown->121.37004718193829, predicted->125.95624168062957, err->4.244075095539526
[test.py] Running 1th optmization experiment
[test.py] Running 1th groundtruth exp
    [exp] Running (pre_run: False) workload synthetic/large-scale request with the following configuration: {'CLIENT_CPU_QUOTA': '2', 'SLOWPOKE_POKER_BATCH_THRESHOLD': '20000000', 'PROCESSING_TIME_SERVICE4': '6e-05', 'PROCESSING_TIME_SERVICE0': '0.0003', 'PROCESSING_TIME_SERVICE1': '0.0003', 'PROCESSING_TIME_SERVICE2': '0.0003', 'PROCESSING_TIME_SERVICE3': '0.0003', 'PROCESSING_TIME_SERVICE5': '0.0003', 'PROCESSING_TIME_SERVICE6': '0.0003', 'PROCESSING_TIME_SERVICE7': '0.0003', 'PROCESSING_TIME_SERVICE8': '0.0003', 'PROCESSING_TIME_SERVICE9': '0.0003', 'PROCESSING_TIME_SERVICE10': '0.0003', 'PROCESSING_TIME_SERVICE11': '0.0003', 'PROCESSING_TIME_SERVICE12': '0.0003', 'PROCESSING_TIME_SERVICE13': '0.0003', 'PROCESSING_TIME_SERVICE14': '0.0003', 'PROCESSING_TIME_SERVICE15': '0.0003', 'PROCESSING_TIME_SERVICE16': '0.0003', 'PROCESSING_TIME_SERVICE17': '0.0003', 'PROCESSING_TIME_SERVICE18': '0.0003', 'PROCESSING_TIME_SERVICE19': '0.0003', 'PROCESSING_TIME_SERVICE20': '0.0003', 'PROCESSING_TIME_SERVICE21': '0.0003', 'PROCESSING_TIME_SERVICE22': '0.0003', 'PROCESSING_TIME_SERVICE23': '0.0003', 'PROCESSING_TIME_SERVICE24': '0.0003', 'PROCESSING_TIME_SERVICE25': '0.0003', 'PROCESSING_TIME_SERVICE26': '0.0003', 'PROCESSING_TIME_SERVICE27': '0.0003', 'PROCESSING_TIME_SERVICE28': '0.0003', 'PROCESSING_TIME_SERVICE29': '0.0003', 'PROCESSING_TIME_SERVICE30': '0.0003', 'PROCESSING_TIME_SERVICE31': '0.0003', 'PROCESSING_TIME_SERVICE32': '0.0003', 'PROCESSING_TIME_SERVICE33': '0.0003', 'PROCESSING_TIME_SERVICE34': '0.0003', 'PROCESSING_TIME_SERVICE35': '0.0003', 'PROCESSING_TIME_SERVICE36': '0.0003', 'PROCESSING_TIME_SERVICE37': '0.0003', 'PROCESSING_TIME_SERVICE38': '0.0003', 'PROCESSING_TIME_SERVICE39': '0.0003', 'PROCESSING_TIME_SERVICE40': '0.0003', 'PROCESSING_TIME_SERVICE41': '0.0003', 'PROCESSING_TIME_SERVICE42': '0.0003', 'SLOWPOKE_DELAY_MICROS_SERVICE4': '0.0', 'SLOWPOKE_POKER_BATCH_THRESHOLD_SERVICE4': '100', 'SLOWPOKE_IS_TARGET_SERVICE_SERVICE4': 'true', 'SLOWPOKE_DELAY_MICROS_SERVICE0': '0.0', 'SLOWPOKE_POKER_BATCH_THRESHOLD_SERVICE0': '100', 'SLOWPOKE_IS_TARGET_SERVICE_SERVICE0': 'false', 'SLOWPOKE_DELAY_MICROS_SERVICE1': '0.0', 'SLOWPOKE_POKER_BATCH_THRESHOLD_SERVICE1': '100', 'SLOWPOKE_IS_TARGET_SERVICE_SERVICE1': 'false', 'SLOWPOKE_DELAY_MICROS_SERVICE2': '0.0', 'SLOWPOKE_POKER_BATCH_THRESHOLD_SERVICE2': '100', 'SLOWPOKE_IS_TARGET_SERVICE_SERVICE2': 'false', 'SLOWPOKE_DELAY_MICROS_SERVICE3': '0.0', 'SLOWPOKE_POKER_BATCH_THRESHOLD_SERVICE3': '100', 'SLOWPOKE_IS_TARGET_SERVICE_SERVICE3': 'false', 'SLOWPOKE_DELAY_MICROS_SERVICE5': '0.0', 'SLOWPOKE_POKER_BATCH_THRESHOLD_SERVICE5': '100', 'SLOWPOKE_IS_TARGET_SERVICE_SERVICE5': 'false', 'SLOWPOKE_DELAY_MICROS_SERVICE6': '0.0', 'SLOWPOKE_POKER_BATCH_THRESHOLD_SERVICE6': '100', 'SLOWPOKE_IS_TARGET_SERVICE_SERVICE6': 'false', 'SLOWPOKE_DELAY_MICROS_SERVICE7': '0.0', 'SLOWPOKE_POKER_BATCH_THRESHOLD_SERVICE7': '100', 'SLOWPOKE_IS_TARGET_SERVICE_SERVICE7': 'false', 'SLOWPOKE_DELAY_MICROS_SERVICE8': '0.0', 'SLOWPOKE_POKER_BATCH_THRESHOLD_SERVICE8': '100', 'SLOWPOKE_IS_TARGET_SERVICE_SERVICE8': 'false', 'SLOWPOKE_DELAY_MICROS_SERVICE9': '0.0', 'SLOWPOKE_POKER_BATCH_THRESHOLD_SERVICE9': '100', 'SLOWPOKE_IS_TARGET_SERVICE_SERVICE9': 'false', 'SLOWPOKE_DELAY_MICROS_SERVICE10': '0.0', 'SLOWPOKE_POKER_BATCH_THRESHOLD_SERVICE10': '100', 'SLOWPOKE_IS_TARGET_SERVICE_SERVICE10': 'false', 'SLOWPOKE_DELAY_MICROS_SERVICE11': '0.0', 'SLOWPOKE_POKER_BATCH_THRESHOLD_SERVICE11': '100', 'SLOWPOKE_IS_TARGET_SERVICE_SERVICE11': 'false', 'SLOWPOKE_DELAY_MICROS_SERVICE12': '0.0', 'SLOWPOKE_POKER_BATCH_THRESHOLD_SERVICE12': '100', 'SLOWPOKE_IS_TARGET_SERVICE_SERVICE12': 'false', 'SLOWPOKE_DELAY_MICROS_SERVICE13': '0.0', 'SLOWPOKE_POKER_BATCH_THRESHOLD_SERVICE13': '100', 'SLOWPOKE_IS_TARGET_SERVICE_SERVICE13': 'false', 'SLOWPOKE_DELAY_MICROS_SERVICE14': '0.0', 'SLOWPOKE_POKER_BATCH_THRESHOLD_SERVICE14': '100', 'SLOWPOKE_IS_TARGET_SERVICE_SERVICE14': 'false', 'SLOWPOKE_DELAY_MICROS_SERVICE15': '0.0', 'SLOWPOKE_POKER_BATCH_THRESHOLD_SERVICE15': '100', 'SLOWPOKE_IS_TARGET_SERVICE_SERVICE15': 'false', 'SLOWPOKE_DELAY_MICROS_SERVICE16': '0.0', 'SLOWPOKE_POKER_BATCH_THRESHOLD_SERVICE16': '100', 'SLOWPOKE_IS_TARGET_SERVICE_SERVICE16': 'false', 'SLOWPOKE_DELAY_MICROS_SERVICE17': '0.0', 'SLOWPOKE_POKER_BATCH_THRESHOLD_SERVICE17': '100', 'SLOWPOKE_IS_TARGET_SERVICE_SERVICE17': 'false', 'SLOWPOKE_DELAY_MICROS_SERVICE18': '0.0', 'SLOWPOKE_POKER_BATCH_THRESHOLD_SERVICE18': '100', 'SLOWPOKE_IS_TARGET_SERVICE_SERVICE18': 'false', 'SLOWPOKE_DELAY_MICROS_SERVICE19': '0.0', 'SLOWPOKE_POKER_BATCH_THRESHOLD_SERVICE19': '100', 'SLOWPOKE_IS_TARGET_SERVICE_SERVICE19': 'false', 'SLOWPOKE_DELAY_MICROS_SERVICE20': '0.0', 'SLOWPOKE_POKER_BATCH_THRESHOLD_SERVICE20': '100', 'SLOWPOKE_IS_TARGET_SERVICE_SERVICE20': 'false', 'SLOWPOKE_DELAY_MICROS_SERVICE21': '0.0', 'SLOWPOKE_POKER_BATCH_THRESHOLD_SERVICE21': '100', 'SLOWPOKE_IS_TARGET_SERVICE_SERVICE21': 'false', 'SLOWPOKE_DELAY_MICROS_SERVICE22': '0.0', 'SLOWPOKE_POKER_BATCH_THRESHOLD_SERVICE22': '100', 'SLOWPOKE_IS_TARGET_SERVICE_SERVICE22': 'false', 'SLOWPOKE_DELAY_MICROS_SERVICE23': '0.0', 'SLOWPOKE_POKER_BATCH_THRESHOLD_SERVICE23': '100', 'SLOWPOKE_IS_TARGET_SERVICE_SERVICE23': 'false', 'SLOWPOKE_DELAY_MICROS_SERVICE24': '0.0', 'SLOWPOKE_POKER_BATCH_THRESHOLD_SERVICE24': '100', 'SLOWPOKE_IS_TARGET_SERVICE_SERVICE24': 'false', 'SLOWPOKE_DELAY_MICROS_SERVICE25': '0.0', 'SLOWPOKE_POKER_BATCH_THRESHOLD_SERVICE25': '100', 'SLOWPOKE_IS_TARGET_SERVICE_SERVICE25': 'false', 'SLOWPOKE_DELAY_MICROS_SERVICE26': '0.0', 'SLOWPOKE_POKER_BATCH_THRESHOLD_SERVICE26': '100', 'SLOWPOKE_IS_TARGET_SERVICE_SERVICE26': 'false', 'SLOWPOKE_DELAY_MICROS_SERVICE27': '0.0', 'SLOWPOKE_POKER_BATCH_THRESHOLD_SERVICE27': '100', 'SLOWPOKE_IS_TARGET_SERVICE_SERVICE27': 'false', 'SLOWPOKE_DELAY_MICROS_SERVICE28': '0.0', 'SLOWPOKE_POKER_BATCH_THRESHOLD_SERVICE28': '100', 'SLOWPOKE_IS_TARGET_SERVICE_SERVICE28': 'false', 'SLOWPOKE_DELAY_MICROS_SERVICE29': '0.0', 'SLOWPOKE_POKER_BATCH_THRESHOLD_SERVICE29': '100', 'SLOWPOKE_IS_TARGET_SERVICE_SERVICE29': 'false', 'SLOWPOKE_DELAY_MICROS_SERVICE30': '0.0', 'SLOWPOKE_POKER_BATCH_THRESHOLD_SERVICE30': '100', 'SLOWPOKE_IS_TARGET_SERVICE_SERVICE30': 'false', 'SLOWPOKE_DELAY_MICROS_SERVICE31': '0.0', 'SLOWPOKE_POKER_BATCH_THRESHOLD_SERVICE31': '100', 'SLOWPOKE_IS_TARGET_SERVICE_SERVICE31': 'false', 'SLOWPOKE_DELAY_MICROS_SERVICE32': '0.0', 'SLOWPOKE_POKER_BATCH_THRESHOLD_SERVICE32': '100', 'SLOWPOKE_IS_TARGET_SERVICE_SERVICE32': 'false', 'SLOWPOKE_DELAY_MICROS_SERVICE33': '0.0', 'SLOWPOKE_POKER_BATCH_THRESHOLD_SERVICE33': '100', 'SLOWPOKE_IS_TARGET_SERVICE_SERVICE33': 'false', 'SLOWPOKE_DELAY_MICROS_SERVICE34': '0.0', 'SLOWPOKE_POKER_BATCH_THRESHOLD_SERVICE34': '100', 'SLOWPOKE_IS_TARGET_SERVICE_SERVICE34': 'false', 'SLOWPOKE_DELAY_MICROS_SERVICE35': '0.0', 'SLOWPOKE_POKER_BATCH_THRESHOLD_SERVICE35': '100', 'SLOWPOKE_IS_TARGET_SERVICE_SERVICE35': 'false', 'SLOWPOKE_DELAY_MICROS_SERVICE36': '0.0', 'SLOWPOKE_POKER_BATCH_THRESHOLD_SERVICE36': '100', 'SLOWPOKE_IS_TARGET_SERVICE_SERVICE36': 'false', 'SLOWPOKE_DELAY_MICROS_SERVICE37': '0.0', 'SLOWPOKE_POKER_BATCH_THRESHOLD_SERVICE37': '100', 'SLOWPOKE_IS_TARGET_SERVICE_SERVICE37': 'false', 'SLOWPOKE_DELAY_MICROS_SERVICE38': '0.0', 'SLOWPOKE_POKER_BATCH_THRESHOLD_SERVICE38': '100', 'SLOWPOKE_IS_TARGET_SERVICE_SERVICE38': 'false', 'SLOWPOKE_DELAY_MICROS_SERVICE39': '0.0', 'SLOWPOKE_POKER_BATCH_THRESHOLD_SERVICE39': '100', 'SLOWPOKE_IS_TARGET_SERVICE_SERVICE39': 'false', 'SLOWPOKE_DELAY_MICROS_SERVICE40': '0.0', 'SLOWPOKE_POKER_BATCH_THRESHOLD_SERVICE40': '100', 'SLOWPOKE_IS_TARGET_SERVICE_SERVICE40': 'false', 'SLOWPOKE_DELAY_MICROS_SERVICE41': '0.0', 'SLOWPOKE_POKER_BATCH_THRESHOLD_SERVICE41': '100', 'SLOWPOKE_IS_TARGET_SERVICE_SERVICE41': 'false', 'SLOWPOKE_DELAY_MICROS_SERVICE42': '0.0', 'SLOWPOKE_POKER_BATCH_THRESHOLD_SERVICE42': '100', 'SLOWPOKE_IS_TARGET_SERVICE_SERVICE42': 'false'}
    [exp] Executing cmd `bash run.sh synthetic large-scale 8 64 10000`:
        [run.sh] Running benchmark synthetic with request large-scale, thread 8, conn 64, duration 60
        [run.sh] Deleting all services
        configmap "config-service0" deleted
        deployment.apps "service0" deleted
        service "service0" deleted
        configmap "config-service1" deleted
        deployment.apps "service1" deleted
        service "service1" deleted
        configmap "config-service10" deleted
        deployment.apps "service10" deleted
        service "service10" deleted
        configmap "config-service11" deleted
        deployment.apps "service11" deleted
        service "service11" deleted
        configmap "config-service12" deleted
        deployment.apps "service12" deleted
        service "service12" deleted
        configmap "config-service13" deleted
        deployment.apps "service13" deleted
        service "service13" deleted
        configmap "config-service14" deleted
        deployment.apps "service14" deleted
        service "service14" deleted
        configmap "config-service15" deleted
        deployment.apps "service15" deleted
        service "service15" deleted
        configmap "config-service16" deleted
        deployment.apps "service16" deleted
        service "service16" deleted
        configmap "config-service17" deleted
        deployment.apps "service17" deleted
        service "service17" deleted
        configmap "config-service18" deleted
        deployment.apps "service18" deleted
        service "service18" deleted
        configmap "config-service19" deleted
        deployment.apps "service19" deleted
        service "service19" deleted
        configmap "config-service2" deleted
        deployment.apps "service2" deleted
        service "service2" deleted
        configmap "config-service20" deleted
        deployment.apps "service20" deleted
        service "service20" deleted
        configmap "config-service21" deleted
        deployment.apps "service21" deleted
        service "service21" deleted
        configmap "config-service22" deleted
        deployment.apps "service22" deleted
        service "service22" deleted
        configmap "config-service23" deleted
        deployment.apps "service23" deleted
        service "service23" deleted
        configmap "config-service24" deleted
        deployment.apps "service24" deleted
        service "service24" deleted
        configmap "config-service25" deleted
        deployment.apps "service25" deleted
        service "service25" deleted
        configmap "config-service26" deleted
        deployment.apps "service26" deleted
        service "service26" deleted
        configmap "config-service27" deleted
        deployment.apps "service27" deleted
        service "service27" deleted
        configmap "config-service28" deleted
        deployment.apps "service28" deleted
        service "service28" deleted
        configmap "config-service29" deleted
        deployment.apps "service29" deleted
        service "service29" deleted
        configmap "config-service3" deleted
        deployment.apps "service3" deleted
        service "service3" deleted
        configmap "config-service30" deleted
        deployment.apps "service30" deleted
        service "service30" deleted
        configmap "config-service31" deleted
        deployment.apps "service31" deleted
        service "service31" deleted
        configmap "config-service32" deleted
        deployment.apps "service32" deleted
        service "service32" deleted
        configmap "config-service33" deleted
        deployment.apps "service33" deleted
        service "service33" deleted
        configmap "config-service34" deleted
        deployment.apps "service34" deleted
        service "service34" deleted
        configmap "config-service35" deleted
        deployment.apps "service35" deleted
        service "service35" deleted
        configmap "config-service36" deleted
        deployment.apps "service36" deleted
        service "service36" deleted
        configmap "config-service37" deleted
        deployment.apps "service37" deleted
        service "service37" deleted
        configmap "config-service38" deleted
        deployment.apps "service38" deleted
        service "service38" deleted
        configmap "config-service39" deleted
        deployment.apps "service39" deleted
        service "service39" deleted
        configmap "config-service4" deleted
        deployment.apps "service4" deleted
        service "service4" deleted
        configmap "config-service40" deleted
        deployment.apps "service40" deleted
        service "service40" deleted
        configmap "config-service41" deleted
        deployment.apps "service41" deleted
        service "service41" deleted
        configmap "config-service42" deleted
        deployment.apps "service42" deleted
        service "service42" deleted
        configmap "config-service5" deleted
        deployment.apps "service5" deleted
        service "service5" deleted
        configmap "config-service6" deleted
        deployment.apps "service6" deleted
        service "service6" deleted
        configmap "config-service7" deleted
        deployment.apps "service7" deleted
        service "service7" deleted
        configmap "config-service8" deleted
        deployment.apps "service8" deleted
        service "service8" deleted
        configmap "config-service9" deleted
        deployment.apps "service9" deleted
        service "service9" deleted
        deployment.apps "ubuntu-client" deleted
        [run.sh] Waiting for all pods to be deleted
        [run.sh] Deploying all services
        configmap/config-service0 created
        deployment.apps/service0 created
        service/service0 created
        configmap/config-service1 created
        deployment.apps/service1 created
        service/service1 created
        configmap/config-service10 created
        deployment.apps/service10 created
        service/service10 created
        configmap/config-service11 created
        deployment.apps/service11 created
        service/service11 created
        configmap/config-service12 created
        deployment.apps/service12 created
        service/service12 created
        configmap/config-service13 created
        deployment.apps/service13 created
        service/service13 created
        configmap/config-service14 created
        deployment.apps/service14 created
        service/service14 created
        configmap/config-service15 created
        deployment.apps/service15 created
        service/service15 created
        configmap/config-service16 created
        deployment.apps/service16 created
        service/service16 created
        configmap/config-service17 created
        deployment.apps/service17 created
        service/service17 created
        configmap/config-service18 created
        deployment.apps/service18 created
        service/service18 created
        configmap/config-service19 created
        deployment.apps/service19 created
        service/service19 created
        configmap/config-service2 created
        deployment.apps/service2 created
        service/service2 created
        configmap/config-service20 created
        deployment.apps/service20 created
        service/service20 created
        configmap/config-service21 created
        deployment.apps/service21 created
        service/service21 created
        configmap/config-service22 created
        deployment.apps/service22 created
        service/service22 created
        configmap/config-service23 created
        deployment.apps/service23 created
        service/service23 created
        configmap/config-service24 created
        deployment.apps/service24 created
        service/service24 created
        configmap/config-service25 created
        deployment.apps/service25 created
        service/service25 created
        configmap/config-service26 created
        deployment.apps/service26 created
        service/service26 created
        configmap/config-service27 created
        deployment.apps/service27 created
        service/service27 created
        configmap/config-service28 created
        deployment.apps/service28 created
        service/service28 created
        configmap/config-service29 created
        deployment.apps/service29 created
        service/service29 created
        configmap/config-service3 created
        deployment.apps/service3 created
        service/service3 created
        configmap/config-service30 created
        deployment.apps/service30 created
        service/service30 created
        configmap/config-service31 created
        deployment.apps/service31 created
        service/service31 created
        configmap/config-service32 created
        deployment.apps/service32 created
        service/service32 created
        configmap/config-service33 created
        deployment.apps/service33 created
        service/service33 created
        configmap/config-service34 created
        deployment.apps/service34 created
        service/service34 created
        configmap/config-service35 created
        deployment.apps/service35 created
        service/service35 created
        configmap/config-service36 created
        deployment.apps/service36 created
        service/service36 created
        configmap/config-service37 created
        deployment.apps/service37 created
        service/service37 created
        configmap/config-service38 created
        deployment.apps/service38 created
        service/service38 created
        configmap/config-service39 created
        deployment.apps/service39 created
        service/service39 created
        configmap/config-service4 created
        deployment.apps/service4 created
        service/service4 created
        configmap/config-service40 created
        deployment.apps/service40 created
        service/service40 created
        configmap/config-service41 created
        deployment.apps/service41 created
        service/service41 created
        configmap/config-service42 created
        deployment.apps/service42 created
        service/service42 created
        configmap/config-service5 created
        deployment.apps/service5 created
        service/service5 created
        configmap/config-service6 created
        deployment.apps/service6 created
        service/service6 created
        configmap/config-service7 created
        deployment.apps/service7 created
        service/service7 created
        configmap/config-service8 created
        deployment.apps/service8 created
        service/service8 created
        configmap/config-service9 created
        deployment.apps/service9 created
        service/service9 created
        [run.sh] Client pod not found, deploying client
        deployment.apps/ubuntu-client created
        [run.sh] Waiting for all pods to be running
