[config.py] Random numbers for execution time: [1.4982307366133512, 45.07405053772126, 84.547851137428, 111.15093606121883, 122.27529682787242, 123.53713068625285, 137.57632694794088, 140.02456669188422, 143.64694795959622, 159.93085477990863, 164.82120049787684, 169.47889935761006, 179.2397206258016, 183.15655474111793, 183.78391700205214, 202.54422377491457, 215.0217934891449, 219.85579195041086, 228.59222249486552, 228.84136685893588, 231.20510461862733, 234.9753008029765, 237.36688043666078, 240.83775653081855, 244.9483690095892, 245.31850509685793, 249.38117980091317, 270.0991660316329, 272.41617110783477, 279.63958486494323, 287.92942587874217, 296.8396258125911, 304.46316716295036, 309.1528156372825, 309.21007016183677, 314.8317858288721, 338.87630484809995, 341.3219417473599, 393.9929473941181, 408.55678010864733, 409.0437201053827, 416.0773640291592, 424.95759198689143]
benchmark                        : synthetic
num_threads                      : 8
num_conns                        : 128
target_service                   : service0
request_type                     : large-scale
repetitions                      : 5
target_num_exp                   : 10
pre_run                          : False
num_req                          : 10000
groundtruths                     : []
slowdowns                        : []
predicteds                       : []
errs                             : []
poker_batch_req                  : 100
client_cpu_quota                 : 2
random_seed                      : 29796
request_ratio                    : {'service0': 1, 'service1': 1, 'service2': 1, 'service3': 1, 'service4': 1, 'service5': 1, 'service6': 1, 'service7': 1, 'service8': 1, 'service9': 1, 'service10': 1, 'service11': 1, 'service12': 1, 'service13': 1, 'service14': 1, 'service15': 1, 'service16': 1, 'service17': 1, 'service18': 1, 'service19': 1, 'service20': 1, 'service21': 1, 'service22': 1, 'service23': 1, 'service24': 1, 'service25': 1, 'service26': 1, 'service27': 1, 'service28': 1, 'service29': 1, 'service30': 1, 'service31': 1, 'service32': 1, 'service33': 1, 'service34': 1, 'service35': 1, 'service36': 1, 'service37': 1, 'service38': 1, 'service39': 1, 'service40': 1, 'service41': 1, 'service42': 1}
baseline_service_processing_time : {'service0': 849.92, 'service1': 416.08, 'service2': 409.04, 'service3': 408.56, 'service4': 393.99, 'service5': 341.32, 'service6': 338.88, 'service7': 314.83, 'service8': 309.21, 'service9': 309.15, 'service10': 304.46, 'service11': 296.84, 'service12': 287.93, 'service13': 279.64, 'service14': 272.42, 'service15': 270.1, 'service16': 249.38, 'service17': 245.32, 'service18': 244.95, 'service19': 240.84, 'service20': 237.37, 'service21': 234.98, 'service22': 231.21, 'service23': 228.84, 'service24': 228.59, 'service25': 219.86, 'service26': 215.02, 'service27': 202.54, 'service28': 183.78, 'service29': 183.16, 'service30': 179.24, 'service31': 169.48, 'service32': 164.82, 'service33': 159.93, 'service34': 143.65, 'service35': 140.02, 'service36': 137.58, 'service37': 123.54, 'service38': 122.28, 'service39': 111.15, 'service40': 84.55, 'service41': 45.07, 'service42': 1.5}
cpu_quota                        : {'service0': 2, 'service1': 2, 'service2': 2, 'service3': 2, 'service4': 2, 'service5': 2, 'service6': 2, 'service7': 2, 'service8': 2, 'service9': 2, 'service10': 2, 'service11': 2, 'service12': 2, 'service13': 2, 'service14': 2, 'service15': 2, 'service16': 2, 'service17': 2, 'service18': 2, 'service19': 2, 'service20': 2, 'service21': 2, 'service22': 2, 'service23': 2, 'service24': 2, 'service25': 2, 'service26': 2, 'service27': 2, 'service28': 2, 'service29': 2, 'service30': 2, 'service31': 2, 'service32': 2, 'service33': 2, 'service34': 2, 'service35': 2, 'service36': 2, 'service37': 2, 'service38': 2, 'service39': 2, 'service40': 2, 'service41': 2, 'service42': 2}
target_processing_time_range     : [0, 849.92]
baseline_throughputs             : []
poker_batch                      : 20000000
[test.py] Starting experiment...
[test.py] >>>>>>>>>>>>>>>>>>>>>>>>>>>>> Running experiment 0...
[test.py] Actual processing time range: [0, 84, 168, 252, 336, 420, 504, 588, 672, 756]
[test.py] Running baseline experiment
    [exp] Running (pre_run: False) workload synthetic/large-scale request with the following configuration: {'CLIENT_CPU_QUOTA': '2', 'SLOWPOKE_POKER_BATCH_THRESHOLD': '20000000', 'PROCESSING_TIME_SERVICE0': '0.00084992', 'PROCESSING_TIME_SERVICE1': '0.00041608', 'PROCESSING_TIME_SERVICE2': '0.00040904', 'PROCESSING_TIME_SERVICE3': '0.00040856', 'PROCESSING_TIME_SERVICE4': '0.00039399', 'PROCESSING_TIME_SERVICE5': '0.00034132', 'PROCESSING_TIME_SERVICE6': '0.00033888', 'PROCESSING_TIME_SERVICE7': '0.00031483', 'PROCESSING_TIME_SERVICE8': '0.00030921', 'PROCESSING_TIME_SERVICE9': '0.00030915', 'PROCESSING_TIME_SERVICE10': '0.00030446', 'PROCESSING_TIME_SERVICE11': '0.00029684', 'PROCESSING_TIME_SERVICE12': '0.00028793', 'PROCESSING_TIME_SERVICE13': '0.00027964', 'PROCESSING_TIME_SERVICE14': '0.00027242', 'PROCESSING_TIME_SERVICE15': '0.0002701', 'PROCESSING_TIME_SERVICE16': '0.00024938', 'PROCESSING_TIME_SERVICE17': '0.00024532', 'PROCESSING_TIME_SERVICE18': '0.00024495', 'PROCESSING_TIME_SERVICE19': '0.00024084', 'PROCESSING_TIME_SERVICE20': '0.00023737', 'PROCESSING_TIME_SERVICE21': '0.00023498', 'PROCESSING_TIME_SERVICE22': '0.00023121', 'PROCESSING_TIME_SERVICE23': '0.00022884', 'PROCESSING_TIME_SERVICE24': '0.00022859', 'PROCESSING_TIME_SERVICE25': '0.00021986', 'PROCESSING_TIME_SERVICE26': '0.00021502', 'PROCESSING_TIME_SERVICE27': '0.00020254', 'PROCESSING_TIME_SERVICE28': '0.00018378', 'PROCESSING_TIME_SERVICE29': '0.00018316', 'PROCESSING_TIME_SERVICE30': '0.00017924', 'PROCESSING_TIME_SERVICE31': '0.00016948', 'PROCESSING_TIME_SERVICE32': '0.00016482', 'PROCESSING_TIME_SERVICE33': '0.00015993', 'PROCESSING_TIME_SERVICE34': '0.00014365', 'PROCESSING_TIME_SERVICE35': '0.00014002', 'PROCESSING_TIME_SERVICE36': '0.00013758', 'PROCESSING_TIME_SERVICE37': '0.00012354', 'PROCESSING_TIME_SERVICE38': '0.00012228', 'PROCESSING_TIME_SERVICE39': '0.00011115', 'PROCESSING_TIME_SERVICE40': '8.455e-05', 'PROCESSING_TIME_SERVICE41': '4.507e-05', 'PROCESSING_TIME_SERVICE42': '1.5e-06', 'SLOWPOKE_DELAY_MICROS_SERVICE0': '0.0', 'SLOWPOKE_POKER_BATCH_THRESHOLD_SERVICE0': '100', 'SLOWPOKE_IS_TARGET_SERVICE_SERVICE0': 'true', 'SLOWPOKE_DELAY_MICROS_SERVICE1': '0.0', 'SLOWPOKE_POKER_BATCH_THRESHOLD_SERVICE1': '100', 'SLOWPOKE_IS_TARGET_SERVICE_SERVICE1': 'false', 'SLOWPOKE_DELAY_MICROS_SERVICE2': '0.0', 'SLOWPOKE_POKER_BATCH_THRESHOLD_SERVICE2': '100', 'SLOWPOKE_IS_TARGET_SERVICE_SERVICE2': 'false', 'SLOWPOKE_DELAY_MICROS_SERVICE3': '0.0', 'SLOWPOKE_POKER_BATCH_THRESHOLD_SERVICE3': '100', 'SLOWPOKE_IS_TARGET_SERVICE_SERVICE3': 'false', 'SLOWPOKE_DELAY_MICROS_SERVICE4': '0.0', 'SLOWPOKE_POKER_BATCH_THRESHOLD_SERVICE4': '100', 'SLOWPOKE_IS_TARGET_SERVICE_SERVICE4': 'false', 'SLOWPOKE_DELAY_MICROS_SERVICE5': '0.0', 'SLOWPOKE_POKER_BATCH_THRESHOLD_SERVICE5': '100', 'SLOWPOKE_IS_TARGET_SERVICE_SERVICE5': 'false', 'SLOWPOKE_DELAY_MICROS_SERVICE6': '0.0', 'SLOWPOKE_POKER_BATCH_THRESHOLD_SERVICE6': '100', 'SLOWPOKE_IS_TARGET_SERVICE_SERVICE6': 'false', 'SLOWPOKE_DELAY_MICROS_SERVICE7': '0.0', 'SLOWPOKE_POKER_BATCH_THRESHOLD_SERVICE7': '100', 'SLOWPOKE_IS_TARGET_SERVICE_SERVICE7': 'false', 'SLOWPOKE_DELAY_MICROS_SERVICE8': '0.0', 'SLOWPOKE_POKER_BATCH_THRESHOLD_SERVICE8': '100', 'SLOWPOKE_IS_TARGET_SERVICE_SERVICE8': 'false', 'SLOWPOKE_DELAY_MICROS_SERVICE9': '0.0', 'SLOWPOKE_POKER_BATCH_THRESHOLD_SERVICE9': '100', 'SLOWPOKE_IS_TARGET_SERVICE_SERVICE9': 'false', 'SLOWPOKE_DELAY_MICROS_SERVICE10': '0.0', 'SLOWPOKE_POKER_BATCH_THRESHOLD_SERVICE10': '100', 'SLOWPOKE_IS_TARGET_SERVICE_SERVICE10': 'false', 'SLOWPOKE_DELAY_MICROS_SERVICE11': '0.0', 'SLOWPOKE_POKER_BATCH_THRESHOLD_SERVICE11': '100', 'SLOWPOKE_IS_TARGET_SERVICE_SERVICE11': 'false', 'SLOWPOKE_DELAY_MICROS_SERVICE12': '0.0', 'SLOWPOKE_POKER_BATCH_THRESHOLD_SERVICE12': '100', 'SLOWPOKE_IS_TARGET_SERVICE_SERVICE12': 'false', 'SLOWPOKE_DELAY_MICROS_SERVICE13': '0.0', 'SLOWPOKE_POKER_BATCH_THRESHOLD_SERVICE13': '100', 'SLOWPOKE_IS_TARGET_SERVICE_SERVICE13': 'false', 'SLOWPOKE_DELAY_MICROS_SERVICE14': '0.0', 'SLOWPOKE_POKER_BATCH_THRESHOLD_SERVICE14': '100', 'SLOWPOKE_IS_TARGET_SERVICE_SERVICE14': 'false', 'SLOWPOKE_DELAY_MICROS_SERVICE15': '0.0', 'SLOWPOKE_POKER_BATCH_THRESHOLD_SERVICE15': '100', 'SLOWPOKE_IS_TARGET_SERVICE_SERVICE15': 'false', 'SLOWPOKE_DELAY_MICROS_SERVICE16': '0.0', 'SLOWPOKE_POKER_BATCH_THRESHOLD_SERVICE16': '100', 'SLOWPOKE_IS_TARGET_SERVICE_SERVICE16': 'false', 'SLOWPOKE_DELAY_MICROS_SERVICE17': '0.0', 'SLOWPOKE_POKER_BATCH_THRESHOLD_SERVICE17': '100', 'SLOWPOKE_IS_TARGET_SERVICE_SERVICE17': 'false', 'SLOWPOKE_DELAY_MICROS_SERVICE18': '0.0', 'SLOWPOKE_POKER_BATCH_THRESHOLD_SERVICE18': '100', 'SLOWPOKE_IS_TARGET_SERVICE_SERVICE18': 'false', 'SLOWPOKE_DELAY_MICROS_SERVICE19': '0.0', 'SLOWPOKE_POKER_BATCH_THRESHOLD_SERVICE19': '100', 'SLOWPOKE_IS_TARGET_SERVICE_SERVICE19': 'false', 'SLOWPOKE_DELAY_MICROS_SERVICE20': '0.0', 'SLOWPOKE_POKER_BATCH_THRESHOLD_SERVICE20': '100', 'SLOWPOKE_IS_TARGET_SERVICE_SERVICE20': 'false', 'SLOWPOKE_DELAY_MICROS_SERVICE21': '0.0', 'SLOWPOKE_POKER_BATCH_THRESHOLD_SERVICE21': '100', 'SLOWPOKE_IS_TARGET_SERVICE_SERVICE21': 'false', 'SLOWPOKE_DELAY_MICROS_SERVICE22': '0.0', 'SLOWPOKE_POKER_BATCH_THRESHOLD_SERVICE22': '100', 'SLOWPOKE_IS_TARGET_SERVICE_SERVICE22': 'false', 'SLOWPOKE_DELAY_MICROS_SERVICE23': '0.0', 'SLOWPOKE_POKER_BATCH_THRESHOLD_SERVICE23': '100', 'SLOWPOKE_IS_TARGET_SERVICE_SERVICE23': 'false', 'SLOWPOKE_DELAY_MICROS_SERVICE24': '0.0', 'SLOWPOKE_POKER_BATCH_THRESHOLD_SERVICE24': '100', 'SLOWPOKE_IS_TARGET_SERVICE_SERVICE24': 'false', 'SLOWPOKE_DELAY_MICROS_SERVICE25': '0.0', 'SLOWPOKE_POKER_BATCH_THRESHOLD_SERVICE25': '100', 'SLOWPOKE_IS_TARGET_SERVICE_SERVICE25': 'false', 'SLOWPOKE_DELAY_MICROS_SERVICE26': '0.0', 'SLOWPOKE_POKER_BATCH_THRESHOLD_SERVICE26': '100', 'SLOWPOKE_IS_TARGET_SERVICE_SERVICE26': 'false', 'SLOWPOKE_DELAY_MICROS_SERVICE27': '0.0', 'SLOWPOKE_POKER_BATCH_THRESHOLD_SERVICE27': '100', 'SLOWPOKE_IS_TARGET_SERVICE_SERVICE27': 'false', 'SLOWPOKE_DELAY_MICROS_SERVICE28': '0.0', 'SLOWPOKE_POKER_BATCH_THRESHOLD_SERVICE28': '100', 'SLOWPOKE_IS_TARGET_SERVICE_SERVICE28': 'false', 'SLOWPOKE_DELAY_MICROS_SERVICE29': '0.0', 'SLOWPOKE_POKER_BATCH_THRESHOLD_SERVICE29': '100', 'SLOWPOKE_IS_TARGET_SERVICE_SERVICE29': 'false', 'SLOWPOKE_DELAY_MICROS_SERVICE30': '0.0', 'SLOWPOKE_POKER_BATCH_THRESHOLD_SERVICE30': '100', 'SLOWPOKE_IS_TARGET_SERVICE_SERVICE30': 'false', 'SLOWPOKE_DELAY_MICROS_SERVICE31': '0.0', 'SLOWPOKE_POKER_BATCH_THRESHOLD_SERVICE31': '100', 'SLOWPOKE_IS_TARGET_SERVICE_SERVICE31': 'false', 'SLOWPOKE_DELAY_MICROS_SERVICE32': '0.0', 'SLOWPOKE_POKER_BATCH_THRESHOLD_SERVICE32': '100', 'SLOWPOKE_IS_TARGET_SERVICE_SERVICE32': 'false', 'SLOWPOKE_DELAY_MICROS_SERVICE33': '0.0', 'SLOWPOKE_POKER_BATCH_THRESHOLD_SERVICE33': '100', 'SLOWPOKE_IS_TARGET_SERVICE_SERVICE33': 'false', 'SLOWPOKE_DELAY_MICROS_SERVICE34': '0.0', 'SLOWPOKE_POKER_BATCH_THRESHOLD_SERVICE34': '100', 'SLOWPOKE_IS_TARGET_SERVICE_SERVICE34': 'false', 'SLOWPOKE_DELAY_MICROS_SERVICE35': '0.0', 'SLOWPOKE_POKER_BATCH_THRESHOLD_SERVICE35': '100', 'SLOWPOKE_IS_TARGET_SERVICE_SERVICE35': 'false', 'SLOWPOKE_DELAY_MICROS_SERVICE36': '0.0', 'SLOWPOKE_POKER_BATCH_THRESHOLD_SERVICE36': '100', 'SLOWPOKE_IS_TARGET_SERVICE_SERVICE36': 'false', 'SLOWPOKE_DELAY_MICROS_SERVICE37': '0.0', 'SLOWPOKE_POKER_BATCH_THRESHOLD_SERVICE37': '100', 'SLOWPOKE_IS_TARGET_SERVICE_SERVICE37': 'false', 'SLOWPOKE_DELAY_MICROS_SERVICE38': '0.0', 'SLOWPOKE_POKER_BATCH_THRESHOLD_SERVICE38': '100', 'SLOWPOKE_IS_TARGET_SERVICE_SERVICE38': 'false', 'SLOWPOKE_DELAY_MICROS_SERVICE39': '0.0', 'SLOWPOKE_POKER_BATCH_THRESHOLD_SERVICE39': '100', 'SLOWPOKE_IS_TARGET_SERVICE_SERVICE39': 'false', 'SLOWPOKE_DELAY_MICROS_SERVICE40': '0.0', 'SLOWPOKE_POKER_BATCH_THRESHOLD_SERVICE40': '100', 'SLOWPOKE_IS_TARGET_SERVICE_SERVICE40': 'false', 'SLOWPOKE_DELAY_MICROS_SERVICE41': '0.0', 'SLOWPOKE_POKER_BATCH_THRESHOLD_SERVICE41': '100', 'SLOWPOKE_IS_TARGET_SERVICE_SERVICE41': 'false', 'SLOWPOKE_DELAY_MICROS_SERVICE42': '0.0', 'SLOWPOKE_POKER_BATCH_THRESHOLD_SERVICE42': '100', 'SLOWPOKE_IS_TARGET_SERVICE_SERVICE42': 'false'}
    [exp] Executing cmd `bash run.sh synthetic large-scale 8 128 10000`:
        [run.sh] Running benchmark synthetic with request large-scale, thread 8, conn 128, duration 60
        [run.sh] Deleting all services
        configmap "config-service0" deleted
        deployment.apps "service0" deleted
        service "service0" deleted
        configmap "config-service1" deleted
        deployment.apps "service1" deleted
        service "service1" deleted
        configmap "config-service10" deleted
        deployment.apps "service10" deleted
        service "service10" deleted
        configmap "config-service11" deleted
        deployment.apps "service11" deleted
        service "service11" deleted
        configmap "config-service12" deleted
        deployment.apps "service12" deleted
        service "service12" deleted
        configmap "config-service13" deleted
        deployment.apps "service13" deleted
        service "service13" deleted
        configmap "config-service14" deleted
        deployment.apps "service14" deleted
        service "service14" deleted
        configmap "config-service15" deleted
        deployment.apps "service15" deleted
        service "service15" deleted
        configmap "config-service16" deleted
        deployment.apps "service16" deleted
        service "service16" deleted
        configmap "config-service17" deleted
        deployment.apps "service17" deleted
        service "service17" deleted
        configmap "config-service18" deleted
        deployment.apps "service18" deleted
        service "service18" deleted
        configmap "config-service19" deleted
        deployment.apps "service19" deleted
        service "service19" deleted
        configmap "config-service2" deleted
        deployment.apps "service2" deleted
        service "service2" deleted
        configmap "config-service20" deleted
        deployment.apps "service20" deleted
        service "service20" deleted
        configmap "config-service21" deleted
        deployment.apps "service21" deleted
        service "service21" deleted
        configmap "config-service22" deleted
        deployment.apps "service22" deleted
        service "service22" deleted
        configmap "config-service23" deleted
        deployment.apps "service23" deleted
        service "service23" deleted
        configmap "config-service24" deleted
        deployment.apps "service24" deleted
        service "service24" deleted
        configmap "config-service25" deleted
        deployment.apps "service25" deleted
        service "service25" deleted
        configmap "config-service26" deleted
        deployment.apps "service26" deleted
        service "service26" deleted
        configmap "config-service27" deleted
        deployment.apps "service27" deleted
        service "service27" deleted
        configmap "config-service28" deleted
        deployment.apps "service28" deleted
        service "service28" deleted
        configmap "config-service29" deleted
        deployment.apps "service29" deleted
        service "service29" deleted
        configmap "config-service3" deleted
        deployment.apps "service3" deleted
        service "service3" deleted
        configmap "config-service30" deleted
        deployment.apps "service30" deleted
        service "service30" deleted
        configmap "config-service31" deleted
        deployment.apps "service31" deleted
        service "service31" deleted
        configmap "config-service32" deleted
        deployment.apps "service32" deleted
        service "service32" deleted
        configmap "config-service33" deleted
        deployment.apps "service33" deleted
        service "service33" deleted
        configmap "config-service34" deleted
        deployment.apps "service34" deleted
        service "service34" deleted
        configmap "config-service35" deleted
        deployment.apps "service35" deleted
        service "service35" deleted
        configmap "config-service36" deleted
        deployment.apps "service36" deleted
        service "service36" deleted
        configmap "config-service37" deleted
        deployment.apps "service37" deleted
        service "service37" deleted
        configmap "config-service38" deleted
        deployment.apps "service38" deleted
        service "service38" deleted
        configmap "config-service39" deleted
        deployment.apps "service39" deleted
        service "service39" deleted
        configmap "config-service4" deleted
        deployment.apps "service4" deleted
        service "service4" deleted
        configmap "config-service40" deleted
        deployment.apps "service40" deleted
        service "service40" deleted
        configmap "config-service41" deleted
        deployment.apps "service41" deleted
        service "service41" deleted
        configmap "config-service42" deleted
        deployment.apps "service42" deleted
        service "service42" deleted
        configmap "config-service5" deleted
        deployment.apps "service5" deleted
        service "service5" deleted
        configmap "config-service6" deleted
        deployment.apps "service6" deleted
        service "service6" deleted
        configmap "config-service7" deleted
        deployment.apps "service7" deleted
        service "service7" deleted
        configmap "config-service8" deleted
        deployment.apps "service8" deleted
        service "service8" deleted
        configmap "config-service9" deleted
        deployment.apps "service9" deleted
        service "service9" deleted
        deployment.apps "ubuntu-client" deleted
        [run.sh] Waiting for all pods to be deleted
        [run.sh] Deploying all services
        configmap/config-service0 created
        deployment.apps/service0 created
        service/service0 created
        configmap/config-service1 created
        deployment.apps/service1 created
        service/service1 created
        configmap/config-service10 created
        deployment.apps/service10 created
        service/service10 created
        configmap/config-service11 created
        deployment.apps/service11 created
        service/service11 created
        configmap/config-service12 created
        deployment.apps/service12 created
        service/service12 created
        configmap/config-service13 created
        deployment.apps/service13 created
        service/service13 created
        configmap/config-service14 created
        deployment.apps/service14 created
        service/service14 created
        configmap/config-service15 created
        deployment.apps/service15 created
        service/service15 created
        configmap/config-service16 created
        deployment.apps/service16 created
        service/service16 created
        configmap/config-service17 created
        deployment.apps/service17 created
        service/service17 created
        configmap/config-service18 created
        deployment.apps/service18 created
        service/service18 created
        configmap/config-service19 created
        deployment.apps/service19 created
        service/service19 created
        configmap/config-service2 created
        deployment.apps/service2 created
        service/service2 created
        configmap/config-service20 created
        deployment.apps/service20 created
        service/service20 created
        configmap/config-service21 created
        deployment.apps/service21 created
        service/service21 created
        configmap/config-service22 created
        deployment.apps/service22 created
        service/service22 created
        configmap/config-service23 created
        deployment.apps/service23 created
        service/service23 created
        configmap/config-service24 created
        deployment.apps/service24 created
        service/service24 created
        configmap/config-service25 created
        deployment.apps/service25 created
        service/service25 created
        configmap/config-service26 created
        deployment.apps/service26 created
        service/service26 created
        configmap/config-service27 created
        deployment.apps/service27 created
        service/service27 created
        configmap/config-service28 created
        deployment.apps/service28 created
        service/service28 created
        configmap/config-service29 created
        deployment.apps/service29 created
        service/service29 created
        configmap/config-service3 created
        deployment.apps/service3 created
        service/service3 created
        configmap/config-service30 created
        deployment.apps/service30 created
        service/service30 created
        configmap/config-service31 created
        deployment.apps/service31 created
        service/service31 created
        configmap/config-service32 created
        deployment.apps/service32 created
        service/service32 created
        configmap/config-service33 created
        deployment.apps/service33 created
        service/service33 created
        configmap/config-service34 created
        deployment.apps/service34 created
        service/service34 created
        configmap/config-service35 created
        deployment.apps/service35 created
        service/service35 created
        configmap/config-service36 created
        deployment.apps/service36 created
        service/service36 created
        configmap/config-service37 created
        deployment.apps/service37 created
        service/service37 created
        configmap/config-service38 created
        deployment.apps/service38 created
        service/service38 created
        configmap/config-service39 created
        deployment.apps/service39 created
        service/service39 created
        configmap/config-service4 created
        deployment.apps/service4 created
        service/service4 created
        configmap/config-service40 created
        deployment.apps/service40 created
        service/service40 created
        configmap/config-service41 created
        deployment.apps/service41 created
        service/service41 created
        configmap/config-service42 created
        deployment.apps/service42 created
        service/service42 created
        configmap/config-service5 created
        deployment.apps/service5 created
        service/service5 created
        configmap/config-service6 created
        deployment.apps/service6 created
        service/service6 created
        configmap/config-service7 created
        deployment.apps/service7 created
        service/service7 created
        configmap/config-service8 created
        deployment.apps/service8 created
        service/service8 created
        configmap/config-service9 created
        deployment.apps/service9 created
        service/service9 created
        [run.sh] Client pod not found, deploying client
        deployment.apps/ubuntu-client created
        [run.sh] Waiting for all pods to be running
        [run.sh] All pods are running
        [run.sh] Running warmup test
        [run.sh] /wrk/wrk -t8 -c128 --timeout 10s -d10s -L http://service0:80/endpoint1
        Running 10s test @ http://service0:80/endpoint1
        8 threads and 128 connections
        Thread Stats   Avg      Stdev     Max   +/- Stdev
        Latency   946.41ms  704.31ms   3.96s    72.93%
        Req/Sec    19.99     11.72    70.00     81.69%
        Latency Distribution
        50%  716.18ms
        75%    1.38s
        90%    1.99s
        99%    3.03s
        1258 requests in 10.03s, 195.33KB read
        Requests/sec:    125.41
        Transfer/sec:     19.47KB
        [run.sh] Speed is 125.41, duration is 119
        [run.sh] Fix the request number.
        [run.sh] Running the actual test
        [run.sh] /wrk/wrk --timeout 20s -t8 -c128 -d119s -L -s /wrk/fix_req_n.lua http://service0:80/endpoint1
        [run.sh] Checking the resource usage
        NAME                             CPU(cores)   MEMORY(bytes)
        service0-566d797889-dtv4g        1m           3Mi
        service1-58c95cb96-n8t2f         1m           3Mi
        service10-779f75db9b-d4zmx       1m           3Mi
        service11-77694fd499-9hzvr       1m           3Mi
        service12-6447457dc8-fqnwc       1m           3Mi
        service13-5c69f55c57-tzzrn       1m           3Mi
        service14-797f758f8d-5jr7v       1m           3Mi
        service15-5c6b49dff-2mpcw        1m           3Mi
        service16-65bcd889bb-fgkl9       1m           3Mi
        service17-79bdf7c489-47wf4       1m           3Mi
        service18-74f94764c6-8547t       1m           3Mi
        service19-688657cfff-h7rr4       1m           3Mi
        service2-5d59c5bd5d-qwhdf        1m           3Mi
        service20-5f7ddcb587-rt2qq       1m           3Mi
        service21-7c46b45c64-wndg2       1m           3Mi
        service22-65dbcdbf85-q5kf6       1m           3Mi
        service23-57bd5f778-vsbgl        1m           3Mi
        service24-65c5d55855-x6c8q       1m           3Mi
        service25-6478854456-59gdm       1m           3Mi
        service26-7f84bd9597-2vxwg       1m           3Mi
        service27-5b7f877d5d-cqlhh       1m           3Mi
        service28-5b86874899-ccj9h       1m           3Mi
        service29-9cd757cf6-bk2ll        1m           3Mi
        service3-564487d7d8-2qftn        1m           3Mi
        service30-64595bbffd-p22g7       1m           3Mi
        service31-566f99bb5c-p74xl       1m           3Mi
        service32-7ccf7d4d7b-nft6s       1m           3Mi
        service33-b75d875f5-jqszq        1m           3Mi
        service34-5dd485f758-fmm6z       1m           3Mi
        service35-7f9587457-9x25b        1m           3Mi
        service36-6b8dccfd4d-psl8r       1m           3Mi
        service37-666cbff6bc-v5jbn       1m           3Mi
        service38-6468b7674-m9psm        1m           3Mi
        service39-7557f4fddf-7jkm7       1m           3Mi
        service4-5f75c4bf98-jnfcc        1m           3Mi
        service40-84d95c8665-h622g       1m           3Mi
        service41-997449d5d-rb4zv        1m           3Mi
        service42-6c5db85bd-dl9tq        1m           3Mi
        service5-ffd8ccc6-fc2qf          1m           3Mi
        service6-6b89db49b6-ddf9g        1m           3Mi
        service7-845b5b8588-hgsr7        1m           3Mi
        service8-7c9f97fd46-88tzs        1m           3Mi
        service9-7cb9cf658d-bhbkx        1m           3Mi
        ubuntu-client-76886f6bbd-pwqp8   0m           0Mi
        Running 2m test @ http://service0:80/endpoint1
        8 threads and 128 connections
        Thread Stats   Avg      Stdev     Max   +/- Stdev
        Latency   883.63ms  835.61ms   5.88s    84.65%
        Req/Sec    20.55     12.45   170.00     82.04%
        Latency Distribution
        50%  561.92ms
        75%    1.16s
        90%    2.12s
        99%    3.87s
        10000 requests in 1.98m, 1.52MB read
        Requests/sec:     84.03
        Transfer/sec:     13.05KB
        ------------------------------
        stop time: 65.907384
        stop time: 66.559412
        stop time: 65.953722
        stop time: 67.072525
        stop time: 67.195520
        stop time: 66.471157
        stop time: 66.376692
        stop time: 66.954166
        [run.sh] Test finished with status 0
        > STDERR
        > No resources found in default namespace.
    [exp] Times: [65.907384, 66.559412, 65.953722, 67.072525, 67.19552, 66.471157, 66.376692, 66.954166]
    [exp] Throughput: 150.2374000690769
[test.py] Baseline throughput: 150.2374000690769
[test.py] Running 0th optmization experiment
[test.py] Running 0th groundtruth exp
    [exp] Running (pre_run: False) workload synthetic/large-scale request with the following configuration: {'CLIENT_CPU_QUOTA': '2', 'SLOWPOKE_POKER_BATCH_THRESHOLD': '20000000', 'PROCESSING_TIME_SERVICE0': '0.0', 'PROCESSING_TIME_SERVICE1': '0.00041608', 'PROCESSING_TIME_SERVICE2': '0.00040904', 'PROCESSING_TIME_SERVICE3': '0.00040856', 'PROCESSING_TIME_SERVICE4': '0.00039399', 'PROCESSING_TIME_SERVICE5': '0.00034132', 'PROCESSING_TIME_SERVICE6': '0.00033888', 'PROCESSING_TIME_SERVICE7': '0.00031483', 'PROCESSING_TIME_SERVICE8': '0.00030921', 'PROCESSING_TIME_SERVICE9': '0.00030915', 'PROCESSING_TIME_SERVICE10': '0.00030446', 'PROCESSING_TIME_SERVICE11': '0.00029684', 'PROCESSING_TIME_SERVICE12': '0.00028793', 'PROCESSING_TIME_SERVICE13': '0.00027964', 'PROCESSING_TIME_SERVICE14': '0.00027242', 'PROCESSING_TIME_SERVICE15': '0.0002701', 'PROCESSING_TIME_SERVICE16': '0.00024938', 'PROCESSING_TIME_SERVICE17': '0.00024532', 'PROCESSING_TIME_SERVICE18': '0.00024495', 'PROCESSING_TIME_SERVICE19': '0.00024084', 'PROCESSING_TIME_SERVICE20': '0.00023737', 'PROCESSING_TIME_SERVICE21': '0.00023498', 'PROCESSING_TIME_SERVICE22': '0.00023121', 'PROCESSING_TIME_SERVICE23': '0.00022884', 'PROCESSING_TIME_SERVICE24': '0.00022859', 'PROCESSING_TIME_SERVICE25': '0.00021986', 'PROCESSING_TIME_SERVICE26': '0.00021502', 'PROCESSING_TIME_SERVICE27': '0.00020254', 'PROCESSING_TIME_SERVICE28': '0.00018378', 'PROCESSING_TIME_SERVICE29': '0.00018316', 'PROCESSING_TIME_SERVICE30': '0.00017924', 'PROCESSING_TIME_SERVICE31': '0.00016948', 'PROCESSING_TIME_SERVICE32': '0.00016482', 'PROCESSING_TIME_SERVICE33': '0.00015993', 'PROCESSING_TIME_SERVICE34': '0.00014365', 'PROCESSING_TIME_SERVICE35': '0.00014002', 'PROCESSING_TIME_SERVICE36': '0.00013758', 'PROCESSING_TIME_SERVICE37': '0.00012354', 'PROCESSING_TIME_SERVICE38': '0.00012228', 'PROCESSING_TIME_SERVICE39': '0.00011115', 'PROCESSING_TIME_SERVICE40': '8.455e-05', 'PROCESSING_TIME_SERVICE41': '4.507e-05', 'PROCESSING_TIME_SERVICE42': '1.5e-06', 'SLOWPOKE_DELAY_MICROS_SERVICE0': '0.0', 'SLOWPOKE_POKER_BATCH_THRESHOLD_SERVICE0': '100', 'SLOWPOKE_IS_TARGET_SERVICE_SERVICE0': 'true', 'SLOWPOKE_DELAY_MICROS_SERVICE1': '0.0', 'SLOWPOKE_POKER_BATCH_THRESHOLD_SERVICE1': '100', 'SLOWPOKE_IS_TARGET_SERVICE_SERVICE1': 'false', 'SLOWPOKE_DELAY_MICROS_SERVICE2': '0.0', 'SLOWPOKE_POKER_BATCH_THRESHOLD_SERVICE2': '100', 'SLOWPOKE_IS_TARGET_SERVICE_SERVICE2': 'false', 'SLOWPOKE_DELAY_MICROS_SERVICE3': '0.0', 'SLOWPOKE_POKER_BATCH_THRESHOLD_SERVICE3': '100', 'SLOWPOKE_IS_TARGET_SERVICE_SERVICE3': 'false', 'SLOWPOKE_DELAY_MICROS_SERVICE4': '0.0', 'SLOWPOKE_POKER_BATCH_THRESHOLD_SERVICE4': '100', 'SLOWPOKE_IS_TARGET_SERVICE_SERVICE4': 'false', 'SLOWPOKE_DELAY_MICROS_SERVICE5': '0.0', 'SLOWPOKE_POKER_BATCH_THRESHOLD_SERVICE5': '100', 'SLOWPOKE_IS_TARGET_SERVICE_SERVICE5': 'false', 'SLOWPOKE_DELAY_MICROS_SERVICE6': '0.0', 'SLOWPOKE_POKER_BATCH_THRESHOLD_SERVICE6': '100', 'SLOWPOKE_IS_TARGET_SERVICE_SERVICE6': 'false', 'SLOWPOKE_DELAY_MICROS_SERVICE7': '0.0', 'SLOWPOKE_POKER_BATCH_THRESHOLD_SERVICE7': '100', 'SLOWPOKE_IS_TARGET_SERVICE_SERVICE7': 'false', 'SLOWPOKE_DELAY_MICROS_SERVICE8': '0.0', 'SLOWPOKE_POKER_BATCH_THRESHOLD_SERVICE8': '100', 'SLOWPOKE_IS_TARGET_SERVICE_SERVICE8': 'false', 'SLOWPOKE_DELAY_MICROS_SERVICE9': '0.0', 'SLOWPOKE_POKER_BATCH_THRESHOLD_SERVICE9': '100', 'SLOWPOKE_IS_TARGET_SERVICE_SERVICE9': 'false', 'SLOWPOKE_DELAY_MICROS_SERVICE10': '0.0', 'SLOWPOKE_POKER_BATCH_THRESHOLD_SERVICE10': '100', 'SLOWPOKE_IS_TARGET_SERVICE_SERVICE10': 'false', 'SLOWPOKE_DELAY_MICROS_SERVICE11': '0.0', 'SLOWPOKE_POKER_BATCH_THRESHOLD_SERVICE11': '100', 'SLOWPOKE_IS_TARGET_SERVICE_SERVICE11': 'false', 'SLOWPOKE_DELAY_MICROS_SERVICE12': '0.0', 'SLOWPOKE_POKER_BATCH_THRESHOLD_SERVICE12': '100', 'SLOWPOKE_IS_TARGET_SERVICE_SERVICE12': 'false', 'SLOWPOKE_DELAY_MICROS_SERVICE13': '0.0', 'SLOWPOKE_POKER_BATCH_THRESHOLD_SERVICE13': '100', 'SLOWPOKE_IS_TARGET_SERVICE_SERVICE13': 'false', 'SLOWPOKE_DELAY_MICROS_SERVICE14': '0.0', 'SLOWPOKE_POKER_BATCH_THRESHOLD_SERVICE14': '100', 'SLOWPOKE_IS_TARGET_SERVICE_SERVICE14': 'false', 'SLOWPOKE_DELAY_MICROS_SERVICE15': '0.0', 'SLOWPOKE_POKER_BATCH_THRESHOLD_SERVICE15': '100', 'SLOWPOKE_IS_TARGET_SERVICE_SERVICE15': 'false', 'SLOWPOKE_DELAY_MICROS_SERVICE16': '0.0', 'SLOWPOKE_POKER_BATCH_THRESHOLD_SERVICE16': '100', 'SLOWPOKE_IS_TARGET_SERVICE_SERVICE16': 'false', 'SLOWPOKE_DELAY_MICROS_SERVICE17': '0.0', 'SLOWPOKE_POKER_BATCH_THRESHOLD_SERVICE17': '100', 'SLOWPOKE_IS_TARGET_SERVICE_SERVICE17': 'false', 'SLOWPOKE_DELAY_MICROS_SERVICE18': '0.0', 'SLOWPOKE_POKER_BATCH_THRESHOLD_SERVICE18': '100', 'SLOWPOKE_IS_TARGET_SERVICE_SERVICE18': 'false', 'SLOWPOKE_DELAY_MICROS_SERVICE19': '0.0', 'SLOWPOKE_POKER_BATCH_THRESHOLD_SERVICE19': '100', 'SLOWPOKE_IS_TARGET_SERVICE_SERVICE19': 'false', 'SLOWPOKE_DELAY_MICROS_SERVICE20': '0.0', 'SLOWPOKE_POKER_BATCH_THRESHOLD_SERVICE20': '100', 'SLOWPOKE_IS_TARGET_SERVICE_SERVICE20': 'false', 'SLOWPOKE_DELAY_MICROS_SERVICE21': '0.0', 'SLOWPOKE_POKER_BATCH_THRESHOLD_SERVICE21': '100', 'SLOWPOKE_IS_TARGET_SERVICE_SERVICE21': 'false', 'SLOWPOKE_DELAY_MICROS_SERVICE22': '0.0', 'SLOWPOKE_POKER_BATCH_THRESHOLD_SERVICE22': '100', 'SLOWPOKE_IS_TARGET_SERVICE_SERVICE22': 'false', 'SLOWPOKE_DELAY_MICROS_SERVICE23': '0.0', 'SLOWPOKE_POKER_BATCH_THRESHOLD_SERVICE23': '100', 'SLOWPOKE_IS_TARGET_SERVICE_SERVICE23': 'false', 'SLOWPOKE_DELAY_MICROS_SERVICE24': '0.0', 'SLOWPOKE_POKER_BATCH_THRESHOLD_SERVICE24': '100', 'SLOWPOKE_IS_TARGET_SERVICE_SERVICE24': 'false', 'SLOWPOKE_DELAY_MICROS_SERVICE25': '0.0', 'SLOWPOKE_POKER_BATCH_THRESHOLD_SERVICE25': '100', 'SLOWPOKE_IS_TARGET_SERVICE_SERVICE25': 'false', 'SLOWPOKE_DELAY_MICROS_SERVICE26': '0.0', 'SLOWPOKE_POKER_BATCH_THRESHOLD_SERVICE26': '100', 'SLOWPOKE_IS_TARGET_SERVICE_SERVICE26': 'false', 'SLOWPOKE_DELAY_MICROS_SERVICE27': '0.0', 'SLOWPOKE_POKER_BATCH_THRESHOLD_SERVICE27': '100', 'SLOWPOKE_IS_TARGET_SERVICE_SERVICE27': 'false', 'SLOWPOKE_DELAY_MICROS_SERVICE28': '0.0', 'SLOWPOKE_POKER_BATCH_THRESHOLD_SERVICE28': '100', 'SLOWPOKE_IS_TARGET_SERVICE_SERVICE28': 'false', 'SLOWPOKE_DELAY_MICROS_SERVICE29': '0.0', 'SLOWPOKE_POKER_BATCH_THRESHOLD_SERVICE29': '100', 'SLOWPOKE_IS_TARGET_SERVICE_SERVICE29': 'false', 'SLOWPOKE_DELAY_MICROS_SERVICE30': '0.0', 'SLOWPOKE_POKER_BATCH_THRESHOLD_SERVICE30': '100', 'SLOWPOKE_IS_TARGET_SERVICE_SERVICE30': 'false', 'SLOWPOKE_DELAY_MICROS_SERVICE31': '0.0', 'SLOWPOKE_POKER_BATCH_THRESHOLD_SERVICE31': '100', 'SLOWPOKE_IS_TARGET_SERVICE_SERVICE31': 'false', 'SLOWPOKE_DELAY_MICROS_SERVICE32': '0.0', 'SLOWPOKE_POKER_BATCH_THRESHOLD_SERVICE32': '100', 'SLOWPOKE_IS_TARGET_SERVICE_SERVICE32': 'false', 'SLOWPOKE_DELAY_MICROS_SERVICE33': '0.0', 'SLOWPOKE_POKER_BATCH_THRESHOLD_SERVICE33': '100', 'SLOWPOKE_IS_TARGET_SERVICE_SERVICE33': 'false', 'SLOWPOKE_DELAY_MICROS_SERVICE34': '0.0', 'SLOWPOKE_POKER_BATCH_THRESHOLD_SERVICE34': '100', 'SLOWPOKE_IS_TARGET_SERVICE_SERVICE34': 'false', 'SLOWPOKE_DELAY_MICROS_SERVICE35': '0.0', 'SLOWPOKE_POKER_BATCH_THRESHOLD_SERVICE35': '100', 'SLOWPOKE_IS_TARGET_SERVICE_SERVICE35': 'false', 'SLOWPOKE_DELAY_MICROS_SERVICE36': '0.0', 'SLOWPOKE_POKER_BATCH_THRESHOLD_SERVICE36': '100', 'SLOWPOKE_IS_TARGET_SERVICE_SERVICE36': 'false', 'SLOWPOKE_DELAY_MICROS_SERVICE37': '0.0', 'SLOWPOKE_POKER_BATCH_THRESHOLD_SERVICE37': '100', 'SLOWPOKE_IS_TARGET_SERVICE_SERVICE37': 'false', 'SLOWPOKE_DELAY_MICROS_SERVICE38': '0.0', 'SLOWPOKE_POKER_BATCH_THRESHOLD_SERVICE38': '100', 'SLOWPOKE_IS_TARGET_SERVICE_SERVICE38': 'false', 'SLOWPOKE_DELAY_MICROS_SERVICE39': '0.0', 'SLOWPOKE_POKER_BATCH_THRESHOLD_SERVICE39': '100', 'SLOWPOKE_IS_TARGET_SERVICE_SERVICE39': 'false', 'SLOWPOKE_DELAY_MICROS_SERVICE40': '0.0', 'SLOWPOKE_POKER_BATCH_THRESHOLD_SERVICE40': '100', 'SLOWPOKE_IS_TARGET_SERVICE_SERVICE40': 'false', 'SLOWPOKE_DELAY_MICROS_SERVICE41': '0.0', 'SLOWPOKE_POKER_BATCH_THRESHOLD_SERVICE41': '100', 'SLOWPOKE_IS_TARGET_SERVICE_SERVICE41': 'false', 'SLOWPOKE_DELAY_MICROS_SERVICE42': '0.0', 'SLOWPOKE_POKER_BATCH_THRESHOLD_SERVICE42': '100', 'SLOWPOKE_IS_TARGET_SERVICE_SERVICE42': 'false'}
    [exp] Executing cmd `bash run.sh synthetic large-scale 8 128 10000`:
        [run.sh] Running benchmark synthetic with request large-scale, thread 8, conn 128, duration 60
        [run.sh] Deleting all services
        configmap "config-service0" deleted
        deployment.apps "service0" deleted
        service "service0" deleted
        configmap "config-service1" deleted
        deployment.apps "service1" deleted
        service "service1" deleted
        configmap "config-service10" deleted
        deployment.apps "service10" deleted
        service "service10" deleted
        configmap "config-service11" deleted
        deployment.apps "service11" deleted
        service "service11" deleted
        configmap "config-service12" deleted
        deployment.apps "service12" deleted
        service "service12" deleted
        configmap "config-service13" deleted
        deployment.apps "service13" deleted
        service "service13" deleted
        configmap "config-service14" deleted
        deployment.apps "service14" deleted
        service "service14" deleted
        configmap "config-service15" deleted
        deployment.apps "service15" deleted
        service "service15" deleted
        configmap "config-service16" deleted
        deployment.apps "service16" deleted
        service "service16" deleted
        configmap "config-service17" deleted
        deployment.apps "service17" deleted
        service "service17" deleted
        configmap "config-service18" deleted
        deployment.apps "service18" deleted
        service "service18" deleted
        configmap "config-service19" deleted
        deployment.apps "service19" deleted
        service "service19" deleted
        configmap "config-service2" deleted
        deployment.apps "service2" deleted
        service "service2" deleted
        configmap "config-service20" deleted
        deployment.apps "service20" deleted
        service "service20" deleted
        configmap "config-service21" deleted
        deployment.apps "service21" deleted
        service "service21" deleted
        configmap "config-service22" deleted
        deployment.apps "service22" deleted
        service "service22" deleted
        configmap "config-service23" deleted
        deployment.apps "service23" deleted
        service "service23" deleted
        configmap "config-service24" deleted
        deployment.apps "service24" deleted
        service "service24" deleted
        configmap "config-service25" deleted
        deployment.apps "service25" deleted
        service "service25" deleted
        configmap "config-service26" deleted
        deployment.apps "service26" deleted
        service "service26" deleted
        configmap "config-service27" deleted
        deployment.apps "service27" deleted
        service "service27" deleted
        configmap "config-service28" deleted
        deployment.apps "service28" deleted
        service "service28" deleted
        configmap "config-service29" deleted
        deployment.apps "service29" deleted
        service "service29" deleted
        configmap "config-service3" deleted
        deployment.apps "service3" deleted
        service "service3" deleted
        configmap "config-service30" deleted
        deployment.apps "service30" deleted
        service "service30" deleted
        configmap "config-service31" deleted
        deployment.apps "service31" deleted
        service "service31" deleted
        configmap "config-service32" deleted
        deployment.apps "service32" deleted
        service "service32" deleted
        configmap "config-service33" deleted
        deployment.apps "service33" deleted
        service "service33" deleted
        configmap "config-service34" deleted
        deployment.apps "service34" deleted
        service "service34" deleted
        configmap "config-service35" deleted
        deployment.apps "service35" deleted
        service "service35" deleted
        configmap "config-service36" deleted
        deployment.apps "service36" deleted
        service "service36" deleted
        configmap "config-service37" deleted
        deployment.apps "service37" deleted
        service "service37" deleted
        configmap "config-service38" deleted
        deployment.apps "service38" deleted
        service "service38" deleted
        configmap "config-service39" deleted
        deployment.apps "service39" deleted
        service "service39" deleted
        configmap "config-service4" deleted
        deployment.apps "service4" deleted
        service "service4" deleted
        configmap "config-service40" deleted
        deployment.apps "service40" deleted
        service "service40" deleted
        configmap "config-service41" deleted
        deployment.apps "service41" deleted
        service "service41" deleted
        configmap "config-service42" deleted
        deployment.apps "service42" deleted
        service "service42" deleted
        configmap "config-service5" deleted
        deployment.apps "service5" deleted
        service "service5" deleted
        configmap "config-service6" deleted
        deployment.apps "service6" deleted
        service "service6" deleted
        configmap "config-service7" deleted
        deployment.apps "service7" deleted
        service "service7" deleted
        configmap "config-service8" deleted
        deployment.apps "service8" deleted
        service "service8" deleted
        configmap "config-service9" deleted
        deployment.apps "service9" deleted
        service "service9" deleted
        deployment.apps "ubuntu-client" deleted
        [run.sh] Waiting for all pods to be deleted
        [run.sh] Deploying all services
        configmap/config-service0 created
        deployment.apps/service0 created
        service/service0 created
        configmap/config-service1 created
        deployment.apps/service1 created
        service/service1 created
        configmap/config-service10 created
        deployment.apps/service10 created
        service/service10 created
        configmap/config-service11 created
        deployment.apps/service11 created
        service/service11 created
        configmap/config-service12 created
        deployment.apps/service12 created
        service/service12 created
        configmap/config-service13 created
        deployment.apps/service13 created
        service/service13 created
        configmap/config-service14 created
        deployment.apps/service14 created
        service/service14 created
        configmap/config-service15 created
        deployment.apps/service15 created
        service/service15 created
        configmap/config-service16 created
        deployment.apps/service16 created
        service/service16 created
        configmap/config-service17 created
        deployment.apps/service17 created
        service/service17 created
        configmap/config-service18 created
        deployment.apps/service18 created
        service/service18 created
        configmap/config-service19 created
        deployment.apps/service19 created
        service/service19 created
        configmap/config-service2 created
        deployment.apps/service2 created
        service/service2 created
        configmap/config-service20 created
        deployment.apps/service20 created
        service/service20 created
        configmap/config-service21 created
        deployment.apps/service21 created
        service/service21 created
        configmap/config-service22 created
        deployment.apps/service22 created
        service/service22 created
        configmap/config-service23 created
        deployment.apps/service23 created
        service/service23 created
        configmap/config-service24 created
        deployment.apps/service24 created
        service/service24 created
        configmap/config-service25 created
        deployment.apps/service25 created
        service/service25 created
        configmap/config-service26 created
        deployment.apps/service26 created
        service/service26 created
        configmap/config-service27 created
        deployment.apps/service27 created
        service/service27 created
        configmap/config-service28 created
        deployment.apps/service28 created
        service/service28 created
        configmap/config-service29 created
        deployment.apps/service29 created
        service/service29 created
        configmap/config-service3 created
        deployment.apps/service3 created
        service/service3 created
        configmap/config-service30 created
        deployment.apps/service30 created
        service/service30 created
        configmap/config-service31 created
        deployment.apps/service31 created
        service/service31 created
        configmap/config-service32 created
        deployment.apps/service32 created
        service/service32 created
        configmap/config-service33 created
        deployment.apps/service33 created
        service/service33 created
        configmap/config-service34 created
        deployment.apps/service34 created
        service/service34 created
        configmap/config-service35 created
        deployment.apps/service35 created
        service/service35 created
        configmap/config-service36 created
        deployment.apps/service36 created
        service/service36 created
        configmap/config-service37 created
        deployment.apps/service37 created
        service/service37 created
        configmap/config-service38 created
        deployment.apps/service38 created
        service/service38 created
        configmap/config-service39 created
        deployment.apps/service39 created
        service/service39 created
        configmap/config-service4 created
        deployment.apps/service4 created
        service/service4 created
        configmap/config-service40 created
        deployment.apps/service40 created
        service/service40 created
        configmap/config-service41 created
        deployment.apps/service41 created
        service/service41 created
        configmap/config-service42 created
        deployment.apps/service42 created
        service/service42 created
        configmap/config-service5 created
        deployment.apps/service5 created
        service/service5 created
        configmap/config-service6 created
        deployment.apps/service6 created
        service/service6 created
        configmap/config-service7 created
        deployment.apps/service7 created
        service/service7 created
        configmap/config-service8 created
        deployment.apps/service8 created
        service/service8 created
        configmap/config-service9 created
        deployment.apps/service9 created
        service/service9 created
        [run.sh] Client pod not found, deploying client
        deployment.apps/ubuntu-client created
        [run.sh] Waiting for all pods to be running
        [run.sh] All pods are running
        [run.sh] Running warmup test
        [run.sh] /wrk/wrk -t8 -c128 --timeout 10s -d10s -L http://service0:80/endpoint1
        Running 10s test @ http://service0:80/endpoint1
        8 threads and 128 connections
        Thread Stats   Avg      Stdev     Max   +/- Stdev
        Latency     1.05s   936.29ms   6.96s    84.86%
        Req/Sec    19.99     11.84    60.00     81.91%
        Latency Distribution
        50%  710.67ms
        75%    1.48s
        90%    2.20s
        99%    4.46s
        1260 requests in 10.02s, 195.64KB read
        Requests/sec:    125.69
        Transfer/sec:     19.52KB
        [run.sh] Speed is 125.69, duration is 119
        [run.sh] Fix the request number.
        [run.sh] Running the actual test
        [run.sh] /wrk/wrk --timeout 20s -t8 -c128 -d119s -L -s /wrk/fix_req_n.lua http://service0:80/endpoint1
        [run.sh] Checking the resource usage
        NAME                             CPU(cores)   MEMORY(bytes)
        service0-566d797889-prj9p        1m           3Mi
        service1-58c95cb96-bvphc         1m           3Mi
        service10-779f75db9b-2kdcp       1m           3Mi
        service11-77694fd499-xc4xc       1m           3Mi
        service12-6447457dc8-vm7hz       1m           3Mi
        service13-5c69f55c57-gkts2       1m           3Mi
        service14-797f758f8d-7865f       1m           3Mi
        service15-5c6b49dff-xlfcq        1m           3Mi
        service16-65bcd889bb-bdphk       1m           3Mi
        service17-79bdf7c489-nfg48       1m           3Mi
        service18-74f94764c6-x8hcl       1m           3Mi
        service19-688657cfff-m42r7       1m           3Mi
        service2-5d59c5bd5d-gsqs5        1m           3Mi
        service20-5f7ddcb587-n2rtx       1m           3Mi
        service21-7c46b45c64-qtwkc       1m           3Mi
        service22-65dbcdbf85-fbqgp       1m           3Mi
        service23-57bd5f778-2q64x        1m           3Mi
        service24-65c5d55855-pcv9j       1m           3Mi
        service25-6478854456-7bm4h       1m           3Mi
        service26-7f84bd9597-f9grr       1m           3Mi
        service27-5b7f877d5d-4bfkn       1m           3Mi
        service28-5b86874899-tbwsp       1m           3Mi
        service29-9cd757cf6-7nr2v        1m           3Mi
        service3-564487d7d8-7w6bd        1m           3Mi
        service30-64595bbffd-q97jw       1m           3Mi
        service31-566f99bb5c-2wp8s       1m           3Mi
        service32-7ccf7d4d7b-pr5hv       1m           3Mi
        service33-b75d875f5-7b8rd        1m           3Mi
        service34-5dd485f758-h7rz8       1m           3Mi
        service35-7f9587457-cxq2p        1m           3Mi
        service36-6b8dccfd4d-hzrdg       1m           3Mi
        service37-666cbff6bc-fmglk       1m           3Mi
        service38-6468b7674-h2v86        1m           3Mi
        service39-7557f4fddf-v7swq       1m           3Mi
        service4-5f75c4bf98-d6lng        1m           3Mi
        service40-84d95c8665-cjlqh       1m           3Mi
        service41-997449d5d-wngpl        1m           3Mi
        service42-6c5db85bd-cdrr2        1m           3Mi
        service5-ffd8ccc6-hfnqw          1m           3Mi
        service6-6b89db49b6-rhd57        1m           3Mi
        service7-845b5b8588-bvpzq        1m           3Mi
        service8-7c9f97fd46-nqvdt        1m           3Mi
        service9-7cb9cf658d-7xtz5        1m           3Mi
        ubuntu-client-76886f6bbd-6kcf4   0m           0Mi
        Running 2m test @ http://service0:80/endpoint1
        8 threads and 128 connections
        Thread Stats   Avg      Stdev     Max   +/- Stdev
        Latency   916.78ms  943.26ms   8.81s    87.30%
        Req/Sec    20.52     11.81    70.00     83.02%
        Latency Distribution
        50%  552.65ms
        75%    1.20s
        90%    2.11s
        99%    4.81s
        10000 requests in 1.98m, 1.52MB read
        Requests/sec:     84.03
        Transfer/sec:     13.05KB
        ------------------------------
        stop time: 65.518831
        stop time: 67.117276
        stop time: 67.347061
        stop time: 65.879029
        stop time: 66.527820
        stop time: 67.146655
        stop time: 67.314049
        stop time: 67.265601
        [run.sh] Test finished with status 0
        > STDERR
        > No resources found in default namespace.
    [exp] Times: [65.518831, 67.117276, 67.347061, 65.879029, 66.52782, 67.146655, 67.314049, 67.265601]
    [exp] Throughput: 149.78010726285197
[test.py] Running 0th slowdown exp
    [exp] Running (pre_run: False) workload synthetic/large-scale request with the following configuration: {'CLIENT_CPU_QUOTA': '2', 'SLOWPOKE_POKER_BATCH_THRESHOLD': '20000000', 'PROCESSING_TIME_SERVICE0': '0.00084992', 'PROCESSING_TIME_SERVICE1': '0.00041608', 'PROCESSING_TIME_SERVICE2': '0.00040904', 'PROCESSING_TIME_SERVICE3': '0.00040856', 'PROCESSING_TIME_SERVICE4': '0.00039399', 'PROCESSING_TIME_SERVICE5': '0.00034132', 'PROCESSING_TIME_SERVICE6': '0.00033888', 'PROCESSING_TIME_SERVICE7': '0.00031483', 'PROCESSING_TIME_SERVICE8': '0.00030921', 'PROCESSING_TIME_SERVICE9': '0.00030915', 'PROCESSING_TIME_SERVICE10': '0.00030446', 'PROCESSING_TIME_SERVICE11': '0.00029684', 'PROCESSING_TIME_SERVICE12': '0.00028793', 'PROCESSING_TIME_SERVICE13': '0.00027964', 'PROCESSING_TIME_SERVICE14': '0.00027242', 'PROCESSING_TIME_SERVICE15': '0.0002701', 'PROCESSING_TIME_SERVICE16': '0.00024938', 'PROCESSING_TIME_SERVICE17': '0.00024532', 'PROCESSING_TIME_SERVICE18': '0.00024495', 'PROCESSING_TIME_SERVICE19': '0.00024084', 'PROCESSING_TIME_SERVICE20': '0.00023737', 'PROCESSING_TIME_SERVICE21': '0.00023498', 'PROCESSING_TIME_SERVICE22': '0.00023121', 'PROCESSING_TIME_SERVICE23': '0.00022884', 'PROCESSING_TIME_SERVICE24': '0.00022859', 'PROCESSING_TIME_SERVICE25': '0.00021986', 'PROCESSING_TIME_SERVICE26': '0.00021502', 'PROCESSING_TIME_SERVICE27': '0.00020254', 'PROCESSING_TIME_SERVICE28': '0.00018378', 'PROCESSING_TIME_SERVICE29': '0.00018316', 'PROCESSING_TIME_SERVICE30': '0.00017924', 'PROCESSING_TIME_SERVICE31': '0.00016948', 'PROCESSING_TIME_SERVICE32': '0.00016482', 'PROCESSING_TIME_SERVICE33': '0.00015993', 'PROCESSING_TIME_SERVICE34': '0.00014365', 'PROCESSING_TIME_SERVICE35': '0.00014002', 'PROCESSING_TIME_SERVICE36': '0.00013758', 'PROCESSING_TIME_SERVICE37': '0.00012354', 'PROCESSING_TIME_SERVICE38': '0.00012228', 'PROCESSING_TIME_SERVICE39': '0.00011115', 'PROCESSING_TIME_SERVICE40': '8.455e-05', 'PROCESSING_TIME_SERVICE41': '4.507e-05', 'PROCESSING_TIME_SERVICE42': '1.5e-06', 'SLOWPOKE_DELAY_MICROS_SERVICE0': '0.0', 'SLOWPOKE_POKER_BATCH_THRESHOLD_SERVICE0': '100', 'SLOWPOKE_IS_TARGET_SERVICE_SERVICE0': 'true', 'SLOWPOKE_DELAY_MICROS_SERVICE1': '424.5', 'SLOWPOKE_POKER_BATCH_THRESHOLD_SERVICE1': '100', 'SLOWPOKE_IS_TARGET_SERVICE_SERVICE1': 'false', 'SLOWPOKE_DELAY_MICROS_SERVICE2': '424.5', 'SLOWPOKE_POKER_BATCH_THRESHOLD_SERVICE2': '100', 'SLOWPOKE_IS_TARGET_SERVICE_SERVICE2': 'false', 'SLOWPOKE_DELAY_MICROS_SERVICE3': '424.5', 'SLOWPOKE_POKER_BATCH_THRESHOLD_SERVICE3': '100', 'SLOWPOKE_IS_TARGET_SERVICE_SERVICE3': 'false', 'SLOWPOKE_DELAY_MICROS_SERVICE4': '424.5', 'SLOWPOKE_POKER_BATCH_THRESHOLD_SERVICE4': '100', 'SLOWPOKE_IS_TARGET_SERVICE_SERVICE4': 'false', 'SLOWPOKE_DELAY_MICROS_SERVICE5': '424.5', 'SLOWPOKE_POKER_BATCH_THRESHOLD_SERVICE5': '100', 'SLOWPOKE_IS_TARGET_SERVICE_SERVICE5': 'false', 'SLOWPOKE_DELAY_MICROS_SERVICE6': '424.5', 'SLOWPOKE_POKER_BATCH_THRESHOLD_SERVICE6': '100', 'SLOWPOKE_IS_TARGET_SERVICE_SERVICE6': 'false', 'SLOWPOKE_DELAY_MICROS_SERVICE7': '424.5', 'SLOWPOKE_POKER_BATCH_THRESHOLD_SERVICE7': '100', 'SLOWPOKE_IS_TARGET_SERVICE_SERVICE7': 'false', 'SLOWPOKE_DELAY_MICROS_SERVICE8': '424.5', 'SLOWPOKE_POKER_BATCH_THRESHOLD_SERVICE8': '100', 'SLOWPOKE_IS_TARGET_SERVICE_SERVICE8': 'false', 'SLOWPOKE_DELAY_MICROS_SERVICE9': '424.5', 'SLOWPOKE_POKER_BATCH_THRESHOLD_SERVICE9': '100', 'SLOWPOKE_IS_TARGET_SERVICE_SERVICE9': 'false', 'SLOWPOKE_DELAY_MICROS_SERVICE10': '424.5', 'SLOWPOKE_POKER_BATCH_THRESHOLD_SERVICE10': '100', 'SLOWPOKE_IS_TARGET_SERVICE_SERVICE10': 'false', 'SLOWPOKE_DELAY_MICROS_SERVICE11': '424.5', 'SLOWPOKE_POKER_BATCH_THRESHOLD_SERVICE11': '100', 'SLOWPOKE_IS_TARGET_SERVICE_SERVICE11': 'false', 'SLOWPOKE_DELAY_MICROS_SERVICE12': '424.5', 'SLOWPOKE_POKER_BATCH_THRESHOLD_SERVICE12': '100', 'SLOWPOKE_IS_TARGET_SERVICE_SERVICE12': 'false', 'SLOWPOKE_DELAY_MICROS_SERVICE13': '424.5', 'SLOWPOKE_POKER_BATCH_THRESHOLD_SERVICE13': '100', 'SLOWPOKE_IS_TARGET_SERVICE_SERVICE13': 'false', 'SLOWPOKE_DELAY_MICROS_SERVICE14': '424.5', 'SLOWPOKE_POKER_BATCH_THRESHOLD_SERVICE14': '100', 'SLOWPOKE_IS_TARGET_SERVICE_SERVICE14': 'false', 'SLOWPOKE_DELAY_MICROS_SERVICE15': '424.5', 'SLOWPOKE_POKER_BATCH_THRESHOLD_SERVICE15': '100', 'SLOWPOKE_IS_TARGET_SERVICE_SERVICE15': 'false', 'SLOWPOKE_DELAY_MICROS_SERVICE16': '424.5', 'SLOWPOKE_POKER_BATCH_THRESHOLD_SERVICE16': '100', 'SLOWPOKE_IS_TARGET_SERVICE_SERVICE16': 'false', 'SLOWPOKE_DELAY_MICROS_SERVICE17': '424.5', 'SLOWPOKE_POKER_BATCH_THRESHOLD_SERVICE17': '100', 'SLOWPOKE_IS_TARGET_SERVICE_SERVICE17': 'false', 'SLOWPOKE_DELAY_MICROS_SERVICE18': '424.5', 'SLOWPOKE_POKER_BATCH_THRESHOLD_SERVICE18': '100', 'SLOWPOKE_IS_TARGET_SERVICE_SERVICE18': 'false', 'SLOWPOKE_DELAY_MICROS_SERVICE19': '424.5', 'SLOWPOKE_POKER_BATCH_THRESHOLD_SERVICE19': '100', 'SLOWPOKE_IS_TARGET_SERVICE_SERVICE19': 'false', 'SLOWPOKE_DELAY_MICROS_SERVICE20': '424.5', 'SLOWPOKE_POKER_BATCH_THRESHOLD_SERVICE20': '100', 'SLOWPOKE_IS_TARGET_SERVICE_SERVICE20': 'false', 'SLOWPOKE_DELAY_MICROS_SERVICE21': '424.5', 'SLOWPOKE_POKER_BATCH_THRESHOLD_SERVICE21': '100', 'SLOWPOKE_IS_TARGET_SERVICE_SERVICE21': 'false', 'SLOWPOKE_DELAY_MICROS_SERVICE22': '424.5', 'SLOWPOKE_POKER_BATCH_THRESHOLD_SERVICE22': '100', 'SLOWPOKE_IS_TARGET_SERVICE_SERVICE22': 'false', 'SLOWPOKE_DELAY_MICROS_SERVICE23': '424.5', 'SLOWPOKE_POKER_BATCH_THRESHOLD_SERVICE23': '100', 'SLOWPOKE_IS_TARGET_SERVICE_SERVICE23': 'false', 'SLOWPOKE_DELAY_MICROS_SERVICE24': '424.5', 'SLOWPOKE_POKER_BATCH_THRESHOLD_SERVICE24': '100', 'SLOWPOKE_IS_TARGET_SERVICE_SERVICE24': 'false', 'SLOWPOKE_DELAY_MICROS_SERVICE25': '424.5', 'SLOWPOKE_POKER_BATCH_THRESHOLD_SERVICE25': '100', 'SLOWPOKE_IS_TARGET_SERVICE_SERVICE25': 'false', 'SLOWPOKE_DELAY_MICROS_SERVICE26': '424.5', 'SLOWPOKE_POKER_BATCH_THRESHOLD_SERVICE26': '100', 'SLOWPOKE_IS_TARGET_SERVICE_SERVICE26': 'false', 'SLOWPOKE_DELAY_MICROS_SERVICE27': '424.5', 'SLOWPOKE_POKER_BATCH_THRESHOLD_SERVICE27': '100', 'SLOWPOKE_IS_TARGET_SERVICE_SERVICE27': 'false', 'SLOWPOKE_DELAY_MICROS_SERVICE28': '424.5', 'SLOWPOKE_POKER_BATCH_THRESHOLD_SERVICE28': '100', 'SLOWPOKE_IS_TARGET_SERVICE_SERVICE28': 'false', 'SLOWPOKE_DELAY_MICROS_SERVICE29': '424.5', 'SLOWPOKE_POKER_BATCH_THRESHOLD_SERVICE29': '100', 'SLOWPOKE_IS_TARGET_SERVICE_SERVICE29': 'false', 'SLOWPOKE_DELAY_MICROS_SERVICE30': '424.5', 'SLOWPOKE_POKER_BATCH_THRESHOLD_SERVICE30': '100', 'SLOWPOKE_IS_TARGET_SERVICE_SERVICE30': 'false', 'SLOWPOKE_DELAY_MICROS_SERVICE31': '424.5', 'SLOWPOKE_POKER_BATCH_THRESHOLD_SERVICE31': '100', 'SLOWPOKE_IS_TARGET_SERVICE_SERVICE31': 'false', 'SLOWPOKE_DELAY_MICROS_SERVICE32': '424.5', 'SLOWPOKE_POKER_BATCH_THRESHOLD_SERVICE32': '100', 'SLOWPOKE_IS_TARGET_SERVICE_SERVICE32': 'false', 'SLOWPOKE_DELAY_MICROS_SERVICE33': '424.5', 'SLOWPOKE_POKER_BATCH_THRESHOLD_SERVICE33': '100', 'SLOWPOKE_IS_TARGET_SERVICE_SERVICE33': 'false', 'SLOWPOKE_DELAY_MICROS_SERVICE34': '424.5', 'SLOWPOKE_POKER_BATCH_THRESHOLD_SERVICE34': '100', 'SLOWPOKE_IS_TARGET_SERVICE_SERVICE34': 'false', 'SLOWPOKE_DELAY_MICROS_SERVICE35': '424.5', 'SLOWPOKE_POKER_BATCH_THRESHOLD_SERVICE35': '100', 'SLOWPOKE_IS_TARGET_SERVICE_SERVICE35': 'false', 'SLOWPOKE_DELAY_MICROS_SERVICE36': '424.5', 'SLOWPOKE_POKER_BATCH_THRESHOLD_SERVICE36': '100', 'SLOWPOKE_IS_TARGET_SERVICE_SERVICE36': 'false', 'SLOWPOKE_DELAY_MICROS_SERVICE37': '424.5', 'SLOWPOKE_POKER_BATCH_THRESHOLD_SERVICE37': '100', 'SLOWPOKE_IS_TARGET_SERVICE_SERVICE37': 'false', 'SLOWPOKE_DELAY_MICROS_SERVICE38': '424.5', 'SLOWPOKE_POKER_BATCH_THRESHOLD_SERVICE38': '100', 'SLOWPOKE_IS_TARGET_SERVICE_SERVICE38': 'false', 'SLOWPOKE_DELAY_MICROS_SERVICE39': '424.5', 'SLOWPOKE_POKER_BATCH_THRESHOLD_SERVICE39': '100', 'SLOWPOKE_IS_TARGET_SERVICE_SERVICE39': 'false', 'SLOWPOKE_DELAY_MICROS_SERVICE40': '424.5', 'SLOWPOKE_POKER_BATCH_THRESHOLD_SERVICE40': '100', 'SLOWPOKE_IS_TARGET_SERVICE_SERVICE40': 'false', 'SLOWPOKE_DELAY_MICROS_SERVICE41': '424.5', 'SLOWPOKE_POKER_BATCH_THRESHOLD_SERVICE41': '100', 'SLOWPOKE_IS_TARGET_SERVICE_SERVICE41': 'false', 'SLOWPOKE_DELAY_MICROS_SERVICE42': '424.5', 'SLOWPOKE_POKER_BATCH_THRESHOLD_SERVICE42': '100', 'SLOWPOKE_IS_TARGET_SERVICE_SERVICE42': 'false'}
    [exp] Executing cmd `bash run.sh synthetic large-scale 8 128 10000`:
        [run.sh] Running benchmark synthetic with request large-scale, thread 8, conn 128, duration 60
        [run.sh] Deleting all services
        configmap "config-service0" deleted
        deployment.apps "service0" deleted
        service "service0" deleted
        configmap "config-service1" deleted
        deployment.apps "service1" deleted
        service "service1" deleted
        configmap "config-service10" deleted
        deployment.apps "service10" deleted
        service "service10" deleted
        configmap "config-service11" deleted
        deployment.apps "service11" deleted
        service "service11" deleted
        configmap "config-service12" deleted
        deployment.apps "service12" deleted
        service "service12" deleted
        configmap "config-service13" deleted
        deployment.apps "service13" deleted
        service "service13" deleted
        configmap "config-service14" deleted
        deployment.apps "service14" deleted
        service "service14" deleted
        configmap "config-service15" deleted
        deployment.apps "service15" deleted
        service "service15" deleted
        configmap "config-service16" deleted
        deployment.apps "service16" deleted
        service "service16" deleted
        configmap "config-service17" deleted
        deployment.apps "service17" deleted
        service "service17" deleted
        configmap "config-service18" deleted
        deployment.apps "service18" deleted
        service "service18" deleted
        configmap "config-service19" deleted
        deployment.apps "service19" deleted
        service "service19" deleted
        configmap "config-service2" deleted
        deployment.apps "service2" deleted
        service "service2" deleted
        configmap "config-service20" deleted
        deployment.apps "service20" deleted
        service "service20" deleted
        configmap "config-service21" deleted
        deployment.apps "service21" deleted
        service "service21" deleted
        configmap "config-service22" deleted
        deployment.apps "service22" deleted
        service "service22" deleted
        configmap "config-service23" deleted
        deployment.apps "service23" deleted
        service "service23" deleted
        configmap "config-service24" deleted
        deployment.apps "service24" deleted
        service "service24" deleted
        configmap "config-service25" deleted
        deployment.apps "service25" deleted
        service "service25" deleted
        configmap "config-service26" deleted
        deployment.apps "service26" deleted
        service "service26" deleted
        configmap "config-service27" deleted
        deployment.apps "service27" deleted
        service "service27" deleted
        configmap "config-service28" deleted
        deployment.apps "service28" deleted
        service "service28" deleted
        configmap "config-service29" deleted
        deployment.apps "service29" deleted
        service "service29" deleted
        configmap "config-service3" deleted
        deployment.apps "service3" deleted
        service "service3" deleted
        configmap "config-service30" deleted
        deployment.apps "service30" deleted
        service "service30" deleted
        configmap "config-service31" deleted
        deployment.apps "service31" deleted
        service "service31" deleted
        configmap "config-service32" deleted
        deployment.apps "service32" deleted
        service "service32" deleted
        configmap "config-service33" deleted
        deployment.apps "service33" deleted
        service "service33" deleted
        configmap "config-service34" deleted
        deployment.apps "service34" deleted
        service "service34" deleted
        configmap "config-service35" deleted
        deployment.apps "service35" deleted
        service "service35" deleted
        configmap "config-service36" deleted
        deployment.apps "service36" deleted
        service "service36" deleted
        configmap "config-service37" deleted
        deployment.apps "service37" deleted
        service "service37" deleted
        configmap "config-service38" deleted
        deployment.apps "service38" deleted
        service "service38" deleted
        configmap "config-service39" deleted
        deployment.apps "service39" deleted
        service "service39" deleted
        configmap "config-service4" deleted
        deployment.apps "service4" deleted
        service "service4" deleted
        configmap "config-service40" deleted
        deployment.apps "service40" deleted
        service "service40" deleted
        configmap "config-service41" deleted
        deployment.apps "service41" deleted
        service "service41" deleted
        configmap "config-service42" deleted
        deployment.apps "service42" deleted
        service "service42" deleted
        configmap "config-service5" deleted
        deployment.apps "service5" deleted
        service "service5" deleted
        configmap "config-service6" deleted
        deployment.apps "service6" deleted
        service "service6" deleted
        configmap "config-service7" deleted
        deployment.apps "service7" deleted
        service "service7" deleted
        configmap "config-service8" deleted
        deployment.apps "service8" deleted
        service "service8" deleted
        configmap "config-service9" deleted
        deployment.apps "service9" deleted
        service "service9" deleted
        deployment.apps "ubuntu-client" deleted
        [run.sh] Waiting for all pods to be deleted
        [run.sh] Deploying all services
        configmap/config-service0 created
        deployment.apps/service0 created
        service/service0 created
        configmap/config-service1 created
        deployment.apps/service1 created
        service/service1 created
        configmap/config-service10 created
        deployment.apps/service10 created
        service/service10 created
        configmap/config-service11 created
        deployment.apps/service11 created
        service/service11 created
        configmap/config-service12 created
        deployment.apps/service12 created
        service/service12 created
        configmap/config-service13 created
        deployment.apps/service13 created
        service/service13 created
        configmap/config-service14 created
        deployment.apps/service14 created
        service/service14 created
        configmap/config-service15 created
        deployment.apps/service15 created
        service/service15 created
        configmap/config-service16 created
        deployment.apps/service16 created
        service/service16 created
        configmap/config-service17 created
        deployment.apps/service17 created
        service/service17 created
        configmap/config-service18 created
        deployment.apps/service18 created
        service/service18 created
        configmap/config-service19 created
        deployment.apps/service19 created
        service/service19 created
        configmap/config-service2 created
        deployment.apps/service2 created
        service/service2 created
        configmap/config-service20 created
        deployment.apps/service20 created
        service/service20 created
        configmap/config-service21 created
        deployment.apps/service21 created
        service/service21 created
        configmap/config-service22 created
        deployment.apps/service22 created
        service/service22 created
        configmap/config-service23 created
        deployment.apps/service23 created
        service/service23 created
        configmap/config-service24 created
        deployment.apps/service24 created
        service/service24 created
        configmap/config-service25 created
        deployment.apps/service25 created
        service/service25 created
        configmap/config-service26 created
        deployment.apps/service26 created
        service/service26 created
        configmap/config-service27 created
        deployment.apps/service27 created
        service/service27 created
        configmap/config-service28 created
        deployment.apps/service28 created
        service/service28 created
        configmap/config-service29 created
        deployment.apps/service29 created
        service/service29 created
        configmap/config-service3 created
        deployment.apps/service3 created
        service/service3 created
        configmap/config-service30 created
        deployment.apps/service30 created
        service/service30 created
        configmap/config-service31 created
        deployment.apps/service31 created
        service/service31 created
        configmap/config-service32 created
        deployment.apps/service32 created
        service/service32 created
        configmap/config-service33 created
        deployment.apps/service33 created
        service/service33 created
        configmap/config-service34 created
        deployment.apps/service34 created
        service/service34 created
        configmap/config-service35 created
        deployment.apps/service35 created
        service/service35 created
        configmap/config-service36 created
        deployment.apps/service36 created
        service/service36 created
        configmap/config-service37 created
        deployment.apps/service37 created
        service/service37 created
        configmap/config-service38 created
        deployment.apps/service38 created
        service/service38 created
        configmap/config-service39 created
        deployment.apps/service39 created
        service/service39 created
        configmap/config-service4 created
        deployment.apps/service4 created
        service/service4 created
        configmap/config-service40 created
        deployment.apps/service40 created
        service/service40 created
        configmap/config-service41 created
        deployment.apps/service41 created
        service/service41 created
        configmap/config-service42 created
        deployment.apps/service42 created
        service/service42 created
        configmap/config-service5 created
        deployment.apps/service5 created
        service/service5 created
        configmap/config-service6 created
        deployment.apps/service6 created
        service/service6 created
        configmap/config-service7 created
        deployment.apps/service7 created
        service/service7 created
        configmap/config-service8 created
        deployment.apps/service8 created
        service/service8 created
        configmap/config-service9 created
        deployment.apps/service9 created
        service/service9 created
        [run.sh] Client pod not found, deploying client
        deployment.apps/ubuntu-client created
        [run.sh] Waiting for all pods to be running
        [run.sh] All pods are running
        [run.sh] Running warmup test
        [run.sh] /wrk/wrk -t8 -c128 --timeout 10s -d10s -L http://service0:80/endpoint1
        Running 10s test @ http://service0:80/endpoint1
        8 threads and 128 connections
        Thread Stats   Avg      Stdev     Max   +/- Stdev
        Latency     1.02s   720.39ms   3.65s    71.74%
        Req/Sec    21.08     17.01    90.00     78.19%
        Latency Distribution
        50%  818.79ms
        75%    1.41s
        90%    2.06s
        99%    3.50s
        1232 requests in 10.03s, 191.30KB read
        Requests/sec:    122.83
        Transfer/sec:     19.07KB
        [run.sh] Speed is 122.83, duration is 122
        [run.sh] Fix the request number.
        [run.sh] Running the actual test
        [run.sh] /wrk/wrk --timeout 20s -t8 -c128 -d122s -L -s /wrk/fix_req_n.lua http://service0:80/endpoint1
        [run.sh] Checking the resource usage
        NAME                             CPU(cores)   MEMORY(bytes)
        service0-566d797889-r2699        1m           45Mi
        service1-6cdf765d59-w8dsp        1m           37Mi
        service10-cbbb8dbfc-wrnh4        1m           11Mi
        service11-54568896d6-pfbv9       1m           10Mi
        service12-5cf584967f-wtl7p       1m           10Mi
        service13-68f58c9cd8-5hb5q       1m           10Mi
        service14-7967785745-5whs8       1m           10Mi
        service15-6bdfd6bff4-42dhq       1m           10Mi
        service16-6f747bd687-n68jp       1m           10Mi
        service17-59f44847b-q7cfk        1m           10Mi
        service18-6559fc87d9-452mf       1m           10Mi
        service19-66d9859ff8-tgzb6       1m           10Mi
        service2-6c5988c757-z82gz        1m           42Mi
        service20-65fb77955d-998xn       1m           10Mi
        service21-8467bdb7c7-lfsml       1m           9Mi
        service22-746c7c984d-zwpkn       1m           11Mi
        service23-b68bfb5bc-zqnlc        1m           10Mi
        service24-65774f477d-c249h       1m           10Mi
        service25-5f6c5b4c7-qbbpb        1m           10Mi
        service26-64b9fb6768-cwb5f       1m           10Mi
        service27-b4d6dd4c9-8b428        1m           10Mi
        service28-755bcc9794-jg75v       1m           10Mi
        service29-74456db889-b447m       1m           10Mi
        service3-696d94f5f9-nlkp8        1m           45Mi
        service30-7bd8d58d4c-nv7qh       1m           10Mi
        service31-6cb77bc68-jfmbs        1m           10Mi
        service32-5fbb6f977c-t9jw9       1m           9Mi
        service33-6467d777bb-9np2n       1m           10Mi
        service34-5c57645695-shlqw       1m           10Mi
        service35-d4686476-c6r9c         1m           10Mi
        service36-67995d6dd9-lsq7k       1m           10Mi
        service37-5fd5fffcf8-h5s6n       1m           10Mi
        service38-5bc8b8f499-5tppb       1m           10Mi
        service39-79b98d99b8-tm7lb       1m           10Mi
        service4-589d77f469-jznp6        1m           36Mi
        service40-69675f8976-5scbf       1m           10Mi
        service41-65dd4bbcc9-n6nhh       1m           10Mi
        service42-c8ff89787-qtj7t        11m          8Mi
        service5-d6bc7b755-tjwd6         1m           39Mi
        service6-769cc4db77-mrcww        44m          40Mi
        service7-6459c447dc-4dsdh        1m           7Mi
        service8-6bcd9fd4df-99x4g        1m           8Mi
        service9-8575684787-n2kcm        1m           11Mi
        ubuntu-client-76886f6bbd-7spc4   0m           4Mi
        Running 2m test @ http://service0:80/endpoint1
        8 threads and 128 connections
        Thread Stats   Avg      Stdev     Max   +/- Stdev
        Latency   836.74ms  541.19ms   5.30s    73.68%
        Req/Sec    21.98     18.33   140.00     88.26%
        Latency Distribution
        50%  698.73ms
        75%    1.15s
        90%    1.55s
        99%    2.57s
        10000 requests in 2.03m, 1.52MB read
        Requests/sec:     81.97
        Transfer/sec:     12.73KB
        ------------------------------
        stop time: 65.563672
        stop time: 66.162235
        stop time: 65.306083
        stop time: 63.911622
        stop time: 65.239592
        stop time: 65.813803
        stop time: 66.298533
        stop time: 66.224521
        [run.sh] Test finished with status 0
        > STDERR
        > No resources found in default namespace.
    [exp] Times: [65.563672, 66.162235, 65.306083, 63.911622, 65.239592, 65.813803, 66.298533, 66.224521]
    [exp] Throughput: 152.52038186581387
[test.py] Finished running 0th optmization experiment: groundtruth->149.78010726285197, slowdown->152.52038186581387, predicted->163.09114441771598, err->8.88705275895164
[test.py] Running 1th optmization experiment
[test.py] Running 1th groundtruth exp
    [exp] Running (pre_run: False) workload synthetic/large-scale request with the following configuration: {'CLIENT_CPU_QUOTA': '2', 'SLOWPOKE_POKER_BATCH_THRESHOLD': '20000000', 'PROCESSING_TIME_SERVICE0': '8.4e-05', 'PROCESSING_TIME_SERVICE1': '0.00041608', 'PROCESSING_TIME_SERVICE2': '0.00040904', 'PROCESSING_TIME_SERVICE3': '0.00040856', 'PROCESSING_TIME_SERVICE4': '0.00039399', 'PROCESSING_TIME_SERVICE5': '0.00034132', 'PROCESSING_TIME_SERVICE6': '0.00033888', 'PROCESSING_TIME_SERVICE7': '0.00031483', 'PROCESSING_TIME_SERVICE8': '0.00030921', 'PROCESSING_TIME_SERVICE9': '0.00030915', 'PROCESSING_TIME_SERVICE10': '0.00030446', 'PROCESSING_TIME_SERVICE11': '0.00029684', 'PROCESSING_TIME_SERVICE12': '0.00028793', 'PROCESSING_TIME_SERVICE13': '0.00027964', 'PROCESSING_TIME_SERVICE14': '0.00027242', 'PROCESSING_TIME_SERVICE15': '0.0002701', 'PROCESSING_TIME_SERVICE16': '0.00024938', 'PROCESSING_TIME_SERVICE17': '0.00024532', 'PROCESSING_TIME_SERVICE18': '0.00024495', 'PROCESSING_TIME_SERVICE19': '0.00024084', 'PROCESSING_TIME_SERVICE20': '0.00023737', 'PROCESSING_TIME_SERVICE21': '0.00023498', 'PROCESSING_TIME_SERVICE22': '0.00023121', 'PROCESSING_TIME_SERVICE23': '0.00022884', 'PROCESSING_TIME_SERVICE24': '0.00022859', 'PROCESSING_TIME_SERVICE25': '0.00021986', 'PROCESSING_TIME_SERVICE26': '0.00021502', 'PROCESSING_TIME_SERVICE27': '0.00020254', 'PROCESSING_TIME_SERVICE28': '0.00018378', 'PROCESSING_TIME_SERVICE29': '0.00018316', 'PROCESSING_TIME_SERVICE30': '0.00017924', 'PROCESSING_TIME_SERVICE31': '0.00016948', 'PROCESSING_TIME_SERVICE32': '0.00016482', 'PROCESSING_TIME_SERVICE33': '0.00015993', 'PROCESSING_TIME_SERVICE34': '0.00014365', 'PROCESSING_TIME_SERVICE35': '0.00014002', 'PROCESSING_TIME_SERVICE36': '0.00013758', 'PROCESSING_TIME_SERVICE37': '0.00012354', 'PROCESSING_TIME_SERVICE38': '0.00012228', 'PROCESSING_TIME_SERVICE39': '0.00011115', 'PROCESSING_TIME_SERVICE40': '8.455e-05', 'PROCESSING_TIME_SERVICE41': '4.507e-05', 'PROCESSING_TIME_SERVICE42': '1.5e-06', 'SLOWPOKE_DELAY_MICROS_SERVICE0': '0.0', 'SLOWPOKE_POKER_BATCH_THRESHOLD_SERVICE0': '100', 'SLOWPOKE_IS_TARGET_SERVICE_SERVICE0': 'true', 'SLOWPOKE_DELAY_MICROS_SERVICE1': '0.0', 'SLOWPOKE_POKER_BATCH_THRESHOLD_SERVICE1': '100', 'SLOWPOKE_IS_TARGET_SERVICE_SERVICE1': 'false', 'SLOWPOKE_DELAY_MICROS_SERVICE2': '0.0', 'SLOWPOKE_POKER_BATCH_THRESHOLD_SERVICE2': '100', 'SLOWPOKE_IS_TARGET_SERVICE_SERVICE2': 'false', 'SLOWPOKE_DELAY_MICROS_SERVICE3': '0.0', 'SLOWPOKE_POKER_BATCH_THRESHOLD_SERVICE3': '100', 'SLOWPOKE_IS_TARGET_SERVICE_SERVICE3': 'false', 'SLOWPOKE_DELAY_MICROS_SERVICE4': '0.0', 'SLOWPOKE_POKER_BATCH_THRESHOLD_SERVICE4': '100', 'SLOWPOKE_IS_TARGET_SERVICE_SERVICE4': 'false', 'SLOWPOKE_DELAY_MICROS_SERVICE5': '0.0', 'SLOWPOKE_POKER_BATCH_THRESHOLD_SERVICE5': '100', 'SLOWPOKE_IS_TARGET_SERVICE_SERVICE5': 'false', 'SLOWPOKE_DELAY_MICROS_SERVICE6': '0.0', 'SLOWPOKE_POKER_BATCH_THRESHOLD_SERVICE6': '100', 'SLOWPOKE_IS_TARGET_SERVICE_SERVICE6': 'false', 'SLOWPOKE_DELAY_MICROS_SERVICE7': '0.0', 'SLOWPOKE_POKER_BATCH_THRESHOLD_SERVICE7': '100', 'SLOWPOKE_IS_TARGET_SERVICE_SERVICE7': 'false', 'SLOWPOKE_DELAY_MICROS_SERVICE8': '0.0', 'SLOWPOKE_POKER_BATCH_THRESHOLD_SERVICE8': '100', 'SLOWPOKE_IS_TARGET_SERVICE_SERVICE8': 'false', 'SLOWPOKE_DELAY_MICROS_SERVICE9': '0.0', 'SLOWPOKE_POKER_BATCH_THRESHOLD_SERVICE9': '100', 'SLOWPOKE_IS_TARGET_SERVICE_SERVICE9': 'false', 'SLOWPOKE_DELAY_MICROS_SERVICE10': '0.0', 'SLOWPOKE_POKER_BATCH_THRESHOLD_SERVICE10': '100', 'SLOWPOKE_IS_TARGET_SERVICE_SERVICE10': 'false', 'SLOWPOKE_DELAY_MICROS_SERVICE11': '0.0', 'SLOWPOKE_POKER_BATCH_THRESHOLD_SERVICE11': '100', 'SLOWPOKE_IS_TARGET_SERVICE_SERVICE11': 'false', 'SLOWPOKE_DELAY_MICROS_SERVICE12': '0.0', 'SLOWPOKE_POKER_BATCH_THRESHOLD_SERVICE12': '100', 'SLOWPOKE_IS_TARGET_SERVICE_SERVICE12': 'false', 'SLOWPOKE_DELAY_MICROS_SERVICE13': '0.0', 'SLOWPOKE_POKER_BATCH_THRESHOLD_SERVICE13': '100', 'SLOWPOKE_IS_TARGET_SERVICE_SERVICE13': 'false', 'SLOWPOKE_DELAY_MICROS_SERVICE14': '0.0', 'SLOWPOKE_POKER_BATCH_THRESHOLD_SERVICE14': '100', 'SLOWPOKE_IS_TARGET_SERVICE_SERVICE14': 'false', 'SLOWPOKE_DELAY_MICROS_SERVICE15': '0.0', 'SLOWPOKE_POKER_BATCH_THRESHOLD_SERVICE15': '100', 'SLOWPOKE_IS_TARGET_SERVICE_SERVICE15': 'false', 'SLOWPOKE_DELAY_MICROS_SERVICE16': '0.0', 'SLOWPOKE_POKER_BATCH_THRESHOLD_SERVICE16': '100', 'SLOWPOKE_IS_TARGET_SERVICE_SERVICE16': 'false', 'SLOWPOKE_DELAY_MICROS_SERVICE17': '0.0', 'SLOWPOKE_POKER_BATCH_THRESHOLD_SERVICE17': '100', 'SLOWPOKE_IS_TARGET_SERVICE_SERVICE17': 'false', 'SLOWPOKE_DELAY_MICROS_SERVICE18': '0.0', 'SLOWPOKE_POKER_BATCH_THRESHOLD_SERVICE18': '100', 'SLOWPOKE_IS_TARGET_SERVICE_SERVICE18': 'false', 'SLOWPOKE_DELAY_MICROS_SERVICE19': '0.0', 'SLOWPOKE_POKER_BATCH_THRESHOLD_SERVICE19': '100', 'SLOWPOKE_IS_TARGET_SERVICE_SERVICE19': 'false', 'SLOWPOKE_DELAY_MICROS_SERVICE20': '0.0', 'SLOWPOKE_POKER_BATCH_THRESHOLD_SERVICE20': '100', 'SLOWPOKE_IS_TARGET_SERVICE_SERVICE20': 'false', 'SLOWPOKE_DELAY_MICROS_SERVICE21': '0.0', 'SLOWPOKE_POKER_BATCH_THRESHOLD_SERVICE21': '100', 'SLOWPOKE_IS_TARGET_SERVICE_SERVICE21': 'false', 'SLOWPOKE_DELAY_MICROS_SERVICE22': '0.0', 'SLOWPOKE_POKER_BATCH_THRESHOLD_SERVICE22': '100', 'SLOWPOKE_IS_TARGET_SERVICE_SERVICE22': 'false', 'SLOWPOKE_DELAY_MICROS_SERVICE23': '0.0', 'SLOWPOKE_POKER_BATCH_THRESHOLD_SERVICE23': '100', 'SLOWPOKE_IS_TARGET_SERVICE_SERVICE23': 'false', 'SLOWPOKE_DELAY_MICROS_SERVICE24': '0.0', 'SLOWPOKE_POKER_BATCH_THRESHOLD_SERVICE24': '100', 'SLOWPOKE_IS_TARGET_SERVICE_SERVICE24': 'false', 'SLOWPOKE_DELAY_MICROS_SERVICE25': '0.0', 'SLOWPOKE_POKER_BATCH_THRESHOLD_SERVICE25': '100', 'SLOWPOKE_IS_TARGET_SERVICE_SERVICE25': 'false', 'SLOWPOKE_DELAY_MICROS_SERVICE26': '0.0', 'SLOWPOKE_POKER_BATCH_THRESHOLD_SERVICE26': '100', 'SLOWPOKE_IS_TARGET_SERVICE_SERVICE26': 'false', 'SLOWPOKE_DELAY_MICROS_SERVICE27': '0.0', 'SLOWPOKE_POKER_BATCH_THRESHOLD_SERVICE27': '100', 'SLOWPOKE_IS_TARGET_SERVICE_SERVICE27': 'false', 'SLOWPOKE_DELAY_MICROS_SERVICE28': '0.0', 'SLOWPOKE_POKER_BATCH_THRESHOLD_SERVICE28': '100', 'SLOWPOKE_IS_TARGET_SERVICE_SERVICE28': 'false', 'SLOWPOKE_DELAY_MICROS_SERVICE29': '0.0', 'SLOWPOKE_POKER_BATCH_THRESHOLD_SERVICE29': '100', 'SLOWPOKE_IS_TARGET_SERVICE_SERVICE29': 'false', 'SLOWPOKE_DELAY_MICROS_SERVICE30': '0.0', 'SLOWPOKE_POKER_BATCH_THRESHOLD_SERVICE30': '100', 'SLOWPOKE_IS_TARGET_SERVICE_SERVICE30': 'false', 'SLOWPOKE_DELAY_MICROS_SERVICE31': '0.0', 'SLOWPOKE_POKER_BATCH_THRESHOLD_SERVICE31': '100', 'SLOWPOKE_IS_TARGET_SERVICE_SERVICE31': 'false', 'SLOWPOKE_DELAY_MICROS_SERVICE32': '0.0', 'SLOWPOKE_POKER_BATCH_THRESHOLD_SERVICE32': '100', 'SLOWPOKE_IS_TARGET_SERVICE_SERVICE32': 'false', 'SLOWPOKE_DELAY_MICROS_SERVICE33': '0.0', 'SLOWPOKE_POKER_BATCH_THRESHOLD_SERVICE33': '100', 'SLOWPOKE_IS_TARGET_SERVICE_SERVICE33': 'false', 'SLOWPOKE_DELAY_MICROS_SERVICE34': '0.0', 'SLOWPOKE_POKER_BATCH_THRESHOLD_SERVICE34': '100', 'SLOWPOKE_IS_TARGET_SERVICE_SERVICE34': 'false', 'SLOWPOKE_DELAY_MICROS_SERVICE35': '0.0', 'SLOWPOKE_POKER_BATCH_THRESHOLD_SERVICE35': '100', 'SLOWPOKE_IS_TARGET_SERVICE_SERVICE35': 'false', 'SLOWPOKE_DELAY_MICROS_SERVICE36': '0.0', 'SLOWPOKE_POKER_BATCH_THRESHOLD_SERVICE36': '100', 'SLOWPOKE_IS_TARGET_SERVICE_SERVICE36': 'false', 'SLOWPOKE_DELAY_MICROS_SERVICE37': '0.0', 'SLOWPOKE_POKER_BATCH_THRESHOLD_SERVICE37': '100', 'SLOWPOKE_IS_TARGET_SERVICE_SERVICE37': 'false', 'SLOWPOKE_DELAY_MICROS_SERVICE38': '0.0', 'SLOWPOKE_POKER_BATCH_THRESHOLD_SERVICE38': '100', 'SLOWPOKE_IS_TARGET_SERVICE_SERVICE38': 'false', 'SLOWPOKE_DELAY_MICROS_SERVICE39': '0.0', 'SLOWPOKE_POKER_BATCH_THRESHOLD_SERVICE39': '100', 'SLOWPOKE_IS_TARGET_SERVICE_SERVICE39': 'false', 'SLOWPOKE_DELAY_MICROS_SERVICE40': '0.0', 'SLOWPOKE_POKER_BATCH_THRESHOLD_SERVICE40': '100', 'SLOWPOKE_IS_TARGET_SERVICE_SERVICE40': 'false', 'SLOWPOKE_DELAY_MICROS_SERVICE41': '0.0', 'SLOWPOKE_POKER_BATCH_THRESHOLD_SERVICE41': '100', 'SLOWPOKE_IS_TARGET_SERVICE_SERVICE41': 'false', 'SLOWPOKE_DELAY_MICROS_SERVICE42': '0.0', 'SLOWPOKE_POKER_BATCH_THRESHOLD_SERVICE42': '100', 'SLOWPOKE_IS_TARGET_SERVICE_SERVICE42': 'false'}
    [exp] Executing cmd `bash run.sh synthetic large-scale 8 128 10000`:
        [run.sh] Running benchmark synthetic with request large-scale, thread 8, conn 128, duration 60
        [run.sh] Deleting all services
        configmap "config-service0" deleted
        deployment.apps "service0" deleted
        service "service0" deleted
        configmap "config-service1" deleted
        deployment.apps "service1" deleted
        service "service1" deleted
        configmap "config-service10" deleted
        deployment.apps "service10" deleted
        service "service10" deleted
        configmap "config-service11" deleted
        deployment.apps "service11" deleted
        service "service11" deleted
        configmap "config-service12" deleted
        deployment.apps "service12" deleted
        service "service12" deleted
        configmap "config-service13" deleted
        deployment.apps "service13" deleted
        service "service13" deleted
        configmap "config-service14" deleted
        deployment.apps "service14" deleted
        service "service14" deleted
        configmap "config-service15" deleted
        deployment.apps "service15" deleted
        service "service15" deleted
        configmap "config-service16" deleted
        deployment.apps "service16" deleted
        service "service16" deleted
        configmap "config-service17" deleted
        deployment.apps "service17" deleted
        service "service17" deleted
        configmap "config-service18" deleted
        deployment.apps "service18" deleted
        service "service18" deleted
        configmap "config-service19" deleted
        deployment.apps "service19" deleted
        service "service19" deleted
        configmap "config-service2" deleted
        deployment.apps "service2" deleted
        service "service2" deleted
        configmap "config-service20" deleted
        deployment.apps "service20" deleted
        service "service20" deleted
        configmap "config-service21" deleted
        deployment.apps "service21" deleted
        service "service21" deleted
        configmap "config-service22" deleted
        deployment.apps "service22" deleted
        service "service22" deleted
        configmap "config-service23" deleted
        deployment.apps "service23" deleted
        service "service23" deleted
        configmap "config-service24" deleted
        deployment.apps "service24" deleted
        service "service24" deleted
        configmap "config-service25" deleted
        deployment.apps "service25" deleted
        service "service25" deleted
        configmap "config-service26" deleted
        deployment.apps "service26" deleted
        service "service26" deleted
        configmap "config-service27" deleted
        deployment.apps "service27" deleted
        service "service27" deleted
        configmap "config-service28" deleted
        deployment.apps "service28" deleted
        service "service28" deleted
        configmap "config-service29" deleted
        deployment.apps "service29" deleted
        service "service29" deleted
        configmap "config-service3" deleted
        deployment.apps "service3" deleted
        service "service3" deleted
        configmap "config-service30" deleted
        deployment.apps "service30" deleted
        service "service30" deleted
        configmap "config-service31" deleted
        deployment.apps "service31" deleted
        service "service31" deleted
        configmap "config-service32" deleted
        deployment.apps "service32" deleted
        service "service32" deleted
        configmap "config-service33" deleted
        deployment.apps "service33" deleted
        service "service33" deleted
        configmap "config-service34" deleted
        deployment.apps "service34" deleted
        service "service34" deleted
        configmap "config-service35" deleted
        deployment.apps "service35" deleted
        service "service35" deleted
        configmap "config-service36" deleted
        deployment.apps "service36" deleted
        service "service36" deleted
        configmap "config-service37" deleted
        deployment.apps "service37" deleted
        service "service37" deleted
        configmap "config-service38" deleted
        deployment.apps "service38" deleted
        service "service38" deleted
        configmap "config-service39" deleted
        deployment.apps "service39" deleted
        service "service39" deleted
        configmap "config-service4" deleted
        deployment.apps "service4" deleted
        service "service4" deleted
        configmap "config-service40" deleted
        deployment.apps "service40" deleted
        service "service40" deleted
        configmap "config-service41" deleted
        deployment.apps "service41" deleted
        service "service41" deleted
        configmap "config-service42" deleted
        deployment.apps "service42" deleted
        service "service42" deleted
        configmap "config-service5" deleted
        deployment.apps "service5" deleted
        service "service5" deleted
        configmap "config-service6" deleted
        deployment.apps "service6" deleted
        service "service6" deleted
        configmap "config-service7" deleted
        deployment.apps "service7" deleted
        service "service7" deleted
        configmap "config-service8" deleted
        deployment.apps "service8" deleted
        service "service8" deleted
        configmap "config-service9" deleted
        deployment.apps "service9" deleted
        service "service9" deleted
        deployment.apps "ubuntu-client" deleted
        [run.sh] Waiting for all pods to be deleted
        [run.sh] Deploying all services
        configmap/config-service0 created
        deployment.apps/service0 created
        service/service0 created
        configmap/config-service1 created
        deployment.apps/service1 created
        service/service1 created
        configmap/config-service10 created
        deployment.apps/service10 created
        service/service10 created
        configmap/config-service11 created
        deployment.apps/service11 created
        service/service11 created
        configmap/config-service12 created
        deployment.apps/service12 created
        service/service12 created
        configmap/config-service13 created
        deployment.apps/service13 created
        service/service13 created
        configmap/config-service14 created
        deployment.apps/service14 created
        service/service14 created
        configmap/config-service15 created
        deployment.apps/service15 created
        service/service15 created
        configmap/config-service16 created
        deployment.apps/service16 created
        service/service16 created
        configmap/config-service17 created
        deployment.apps/service17 created
        service/service17 created
        configmap/config-service18 created
        deployment.apps/service18 created
        service/service18 created
        configmap/config-service19 created
        deployment.apps/service19 created
        service/service19 created
        configmap/config-service2 created
        deployment.apps/service2 created
        service/service2 created
        configmap/config-service20 created
        deployment.apps/service20 created
        service/service20 created
        configmap/config-service21 created
        deployment.apps/service21 created
        service/service21 created
        configmap/config-service22 created
        deployment.apps/service22 created
        service/service22 created
        configmap/config-service23 created
        deployment.apps/service23 created
        service/service23 created
        configmap/config-service24 created
        deployment.apps/service24 created
        service/service24 created
        configmap/config-service25 created
        deployment.apps/service25 created
        service/service25 created
        configmap/config-service26 created
        deployment.apps/service26 created
        service/service26 created
        configmap/config-service27 created
        deployment.apps/service27 created
        service/service27 created
        configmap/config-service28 created
        deployment.apps/service28 created
        service/service28 created
        configmap/config-service29 created
        deployment.apps/service29 created
        service/service29 created
        configmap/config-service3 created
        deployment.apps/service3 created
        service/service3 created
        configmap/config-service30 created
        deployment.apps/service30 created
        service/service30 created
        configmap/config-service31 created
        deployment.apps/service31 created
        service/service31 created
        configmap/config-service32 created
        deployment.apps/service32 created
        service/service32 created
        configmap/config-service33 created
        deployment.apps/service33 created
        service/service33 created
        configmap/config-service34 created
        deployment.apps/service34 created
        service/service34 created
        configmap/config-service35 created
        deployment.apps/service35 created
        service/service35 created
        configmap/config-service36 created
        deployment.apps/service36 created
        service/service36 created
        configmap/config-service37 created
        deployment.apps/service37 created
        service/service37 created
        configmap/config-service38 created
        deployment.apps/service38 created
        service/service38 created
        configmap/config-service39 created
        deployment.apps/service39 created
        service/service39 created
        configmap/config-service4 created
        deployment.apps/service4 created
        service/service4 created
        configmap/config-service40 created
        deployment.apps/service40 created
        service/service40 created
        configmap/config-service41 created
        deployment.apps/service41 created
        service/service41 created
        configmap/config-service42 created
        deployment.apps/service42 created
        service/service42 created
        configmap/config-service5 created
        deployment.apps/service5 created
        service/service5 created
        configmap/config-service6 created
        deployment.apps/service6 created
        service/service6 created
        configmap/config-service7 created
        deployment.apps/service7 created
        service/service7 created
        configmap/config-service8 created
        deployment.apps/service8 created
        service/service8 created
        configmap/config-service9 created
        deployment.apps/service9 created
        service/service9 created
        [run.sh] Client pod not found, deploying client
        deployment.apps/ubuntu-client created
        [run.sh] Waiting for all pods to be running
